Component: Arm Compiler for Embedded 6.22 Tool: armlink [5ee90200]

==============================================================================

Section Cross References

    main.o(.text.main) refers to main.o(.text.System_Configure) for System_Configure
    main.o(.text.main) refers to ili9488.o(.text.lcd_init_spi) for lcd_init_spi
    main.o(.text.main) refers to rcc.o(.text.delay_ms) for delay_ms
    main.o(.text.main) refers to gpio.o(.text.GPIO_Pin_High) for GPIO_Pin_High
    main.o(.text.main) refers to gpio.o(.text.GPIO_Pin_Low) for GPIO_Pin_Low
    main.o(.text.main) refers to ili9488.o(.text.set_draw_window) for set_draw_window
    main.o(.text.main) refers to main.o(.bss.SPI_ILI9488) for SPI_ILI9488
    main.o(.text.main) refers to spi.o(.text.SPI_Init) for SPI_Init
    main.o(.text.main) refers to i2c.o(.text.I2C_WriteData) for I2C_WriteData
    main.o(.text.main) refers to ov7670.o(.text.camera_config) for camera_config
    main.o(.text.main) refers to main.o(.bss.ov_init_status) for ov_init_status
    main.o(.text.main) refers to main.o(.bss.DCMI_DMA) for DCMI_DMA
    main.o(.text.main) refers to dma.o(.text.DMA_DCMI_Start) for DMA_DCMI_Start
    main.o(.text.main) refers to main.o(.text.__NVIC_SetPriority) for __NVIC_SetPriority
    main.o(.text.main) refers to main.o(.text.__NVIC_EnableIRQ) for __NVIC_EnableIRQ
    main.o(.text.main) refers to main.o(.bss.dir_flag) for dir_flag
    main.o(.text.main) refers to main.o(.bss.sobel_processing) for sobel_processing
    main.o(.text.main) refers to main.o(.bss.Data) for Data
    main.o(.text.main) refers to main.o(.bss.grayscale_image) for grayscale_image
    main.o(.text.main) refers to image_convertion.o(.text.rgb_to_grayscale) for rgb_to_grayscale
    main.o(.text.main) refers to main.o(.bss.sobel_output_previous) for sobel_output_previous
    main.o(.text.main) refers to main.o(.bss.sobel_output_previous_previous) for sobel_output_previous_previous
    main.o(.text.main) refers to main.o(.bss.sobel_output_current) for sobel_output_current
    main.o(.text.main) refers to image_convertion.o(.text.apply_sobel) for apply_sobel
    main.o(.text.main) refers to main.o(.bss.step) for step
    main.o(.text.main) refers to main.o(.bss.sobel_max_current) for sobel_max_current
    main.o(.ARM.exidx.text.main) refers to main.o(.text.main) for [Anonymous Symbol]
    main.o(.text.System_Configure) refers to main.o(.text.RCC_Configure) for RCC_Configure
    main.o(.text.System_Configure) refers to main.o(.text.GPIO_Configure) for GPIO_Configure
    main.o(.text.System_Configure) refers to main.o(.text.SPI_Configure) for SPI_Configure
    main.o(.text.System_Configure) refers to main.o(.text.I2C_Configure) for I2C_Configure
    main.o(.text.System_Configure) refers to main.o(.text.DCMI_Configure) for DCMI_Configure
    main.o(.text.System_Configure) refers to main.o(.text.DMA_Configure) for DMA_Configure
    main.o(.ARM.exidx.text.System_Configure) refers to main.o(.text.System_Configure) for [Anonymous Symbol]
    main.o(.ARM.exidx.text.__NVIC_SetPriority) refers to main.o(.text.__NVIC_SetPriority) for [Anonymous Symbol]
    main.o(.ARM.exidx.text.__NVIC_EnableIRQ) refers to main.o(.text.__NVIC_EnableIRQ) for [Anonymous Symbol]
    main.o(.text.RCC_Configure) refers to rcc.o(.text.SystemCoreClockConfigure) for SystemCoreClockConfigure
    main.o(.ARM.exidx.text.RCC_Configure) refers to main.o(.text.RCC_Configure) for [Anonymous Symbol]
    main.o(.text.GPIO_Configure) refers to gpio.o(.text.GPIO_Init) for GPIO_Init
    main.o(.text.GPIO_Configure) refers to gpio.o(.text.GPIO_Pin_High) for GPIO_Pin_High
    main.o(.text.GPIO_Configure) refers to gpio.o(.text.GPIO_Pin_Low) for GPIO_Pin_Low
    main.o(.text.GPIO_Configure) refers to system_stm32f4xx.o(.data.SystemCoreClock) for SystemCoreClock
    main.o(.text.GPIO_Configure) refers to main.o(.text.__NVIC_EnableIRQ) for __NVIC_EnableIRQ
    main.o(.ARM.exidx.text.GPIO_Configure) refers to main.o(.text.GPIO_Configure) for [Anonymous Symbol]
    main.o(.text.SPI_Configure) refers to main.o(.bss.SPI_ILI9488) for SPI_ILI9488
    main.o(.text.SPI_Configure) refers to spi.o(.text.SPI_Init) for SPI_Init
    main.o(.ARM.exidx.text.SPI_Configure) refers to main.o(.text.SPI_Configure) for [Anonymous Symbol]
    main.o(.text.I2C_Configure) refers to main.o(.bss.I2C_Camera) for I2C_Camera
    main.o(.text.I2C_Configure) refers to i2c.o(.text.I2C_Init) for I2C_Init
    main.o(.ARM.exidx.text.I2C_Configure) refers to main.o(.text.I2C_Configure) for [Anonymous Symbol]
    main.o(.ARM.exidx.text.DCMI_Configure) refers to main.o(.text.DCMI_Configure) for [Anonymous Symbol]
    main.o(.text.DMA_Configure) refers to main.o(.bss.DCMI_DMA) for DCMI_DMA
    main.o(.text.DMA_Configure) refers to main.o(.bss.Data) for Data
    main.o(.text.DMA_Configure) refers to dma.o(.text.DMA_Init) for DMA_Init
    main.o(.text.DMA_Configure) refers to main.o(.text.__NVIC_SetPriority) for __NVIC_SetPriority
[...]
    __rtentry2.o(.ARM.exidx) refers to __rtentry2.o(.ARM.Collect$$rtentry$$00000008) for .ARM.Collect$$rtentry$$00000008
    __rtentry2.o(.ARM.exidx) refers to __rtentry2.o(.ARM.Collect$$rtentry$$0000000A) for .ARM.Collect$$rtentry$$0000000A
    __rtentry2.o(.ARM.exidx) refers to __rtentry2.o(.ARM.Collect$$rtentry$$0000000B) for .ARM.Collect$$rtentry$$0000000B
    __rtentry2.o(.ARM.exidx) refers to __rtentry2.o(.ARM.Collect$$rtentry$$0000000D) for .ARM.Collect$$rtentry$$0000000D
    __rtentry4.o(.ARM.Collect$$rtentry$$00000004) refers to sys_stackheap_outer.o(.text) for __user_setup_stackheap
    __rtentry4.o(.ARM.exidx) refers to __rtentry4.o(.ARM.Collect$$rtentry$$00000004) for .ARM.Collect$$rtentry$$00000004
    rt_errno_addr.o(.text) refers to rt_errno_addr.o(.bss) for __aeabi_errno_addr_data
    rt_errno_addr_intlibspace.o(.text) refers to libspace.o(.bss) for __libspace_start
    libspace.o(.text) refers to libspace.o(.bss) for __libspace_start
    sys_stackheap_outer.o(.text) refers to libspace.o(.text) for __user_perproc_libspace
    sys_stackheap_outer.o(.text) refers to startup_stm32f407xx.o(.text) for __user_initial_stackheap
    exit.o(.text) refers to rtexit.o(.ARM.Collect$$rtexit$$00000000) for __rt_exit
    libinit.o(.ARM.Collect$$libinit$$00000000) refers (Special) to libinit2.o(.ARM.Collect$$libinit$$00000030) for __rt_lib_init_alloca_1
    libinit.o(.ARM.Collect$$libinit$$00000000) refers (Special) to libinit2.o(.ARM.Collect$$libinit$$0000002E) for __rt_lib_init_argv_1
    libinit.o(.ARM.Collect$$libinit$$00000000) refers (Special) to libinit2.o(.ARM.Collect$$libinit$$0000001D) for __rt_lib_init_atexit_1
    libinit.o(.ARM.Collect$$libinit$$00000000) refers (Special) to libinit2.o(.ARM.Collect$$libinit$$00000023) for __rt_lib_init_clock_1
    libinit.o(.ARM.Collect$$libinit$$00000000) refers (Special) to libinit2.o(.ARM.Collect$$libinit$$00000034) for __rt_lib_init_cpp_1
    libinit.o(.ARM.Collect$$libinit$$00000000) refers (Special) to libinit2.o(.ARM.Collect$$libinit$$00000032) for __rt_lib_init_exceptions_1
    libinit.o(.ARM.Collect$$libinit$$00000000) refers (Special) to libinit2.o(.ARM.Collect$$libinit$$00000001) for __rt_lib_init_fp_1
    libinit.o(.ARM.Collect$$libinit$$00000000) refers (Special) to libinit2.o(.ARM.Collect$$libinit$$00000021) for __rt_lib_init_fp_trap_1
    libinit.o(.ARM.Collect$$libinit$$00000000) refers (Special) to libinit2.o(.ARM.Collect$$libinit$$00000025) for __rt_lib_init_getenv_1
    libinit.o(.ARM.Collect$$libinit$$00000000) refers (Special) to libinit2.o(.ARM.Collect$$libinit$$0000000C) for __rt_lib_init_heap_1
    libinit.o(.ARM.Collect$$libinit$$00000000) refers (Special) to libinit2.o(.ARM.Collect$$libinit$$00000013) for __rt_lib_init_lc_collate_1
    libinit.o(.ARM.Collect$$libinit$$00000000) refers (Special) to libinit2.o(.ARM.Collect$$libinit$$00000015) for __rt_lib_init_lc_ctype_1
    libinit.o(.ARM.Collect$$libinit$$00000000) refers (Special) to libinit2.o(.ARM.Collect$$libinit$$00000017) for __rt_lib_init_lc_monetary_1
    libinit.o(.ARM.Collect$$libinit$$00000000) refers (Special) to libinit2.o(.ARM.Collect$$libinit$$00000019) for __rt_lib_init_lc_numeric_1
    libinit.o(.ARM.Collect$$libinit$$00000000) refers (Special) to libinit2.o(.ARM.Collect$$libinit$$0000001B) for __rt_lib_init_lc_time_1
    libinit.o(.ARM.Collect$$libinit$$00000000) refers (Special) to libinit2.o(.ARM.Collect$$libinit$$00000006) for __rt_lib_init_preinit_1
    libinit.o(.ARM.Collect$$libinit$$00000000) refers (Special) to libinit2.o(.ARM.Collect$$libinit$$00000010) for __rt_lib_init_rand_1
    libinit.o(.ARM.Collect$$libinit$$00000000) refers (Special) to libinit2.o(.ARM.Collect$$libinit$$00000004) for __rt_lib_init_relocate_pie_1
    libinit.o(.ARM.Collect$$libinit$$00000000) refers (Special) to libinit2.o(.ARM.Collect$$libinit$$00000035) for __rt_lib_init_return
    libinit.o(.ARM.Collect$$libinit$$00000000) refers (Special) to libinit2.o(.ARM.Collect$$libinit$$0000001F) for __rt_lib_init_signal_1
    libinit.o(.ARM.Collect$$libinit$$00000000) refers (Special) to libinit2.o(.ARM.Collect$$libinit$$00000027) for __rt_lib_init_stdio_1
    libinit.o(.ARM.Collect$$libinit$$00000000) refers (Special) to libinit2.o(.ARM.Collect$$libinit$$0000000E) for __rt_lib_init_user_alloc_1
    rtexit.o(.ARM.Collect$$rtexit$$00000000) refers (Special) to rtexit2.o(.ARM.Collect$$rtexit$$00000004) for __rt_exit_exit
    rtexit.o(.ARM.Collect$$rtexit$$00000000) refers (Special) to rtexit2.o(.ARM.Collect$$rtexit$$00000003) for __rt_exit_ls
    rtexit.o(.ARM.Collect$$rtexit$$00000000) refers (Special) to rtexit2.o(.ARM.Collect$$rtexit$$00000002) for __rt_exit_prels_1
    rtexit.o(.ARM.exidx) refers (Special) to rtexit2.o(.ARM.Collect$$rtexit$$00000004) for __rt_exit_exit
    rtexit.o(.ARM.exidx) refers (Special) to rtexit2.o(.ARM.Collect$$rtexit$$00000003) for __rt_exit_ls
    rtexit.o(.ARM.exidx) refers (Special) to rtexit2.o(.ARM.Collect$$rtexit$$00000002) for __rt_exit_prels_1
    rtexit.o(.ARM.exidx) refers to rtexit.o(.ARM.Collect$$rtexit$$00000000) for .ARM.Collect$$rtexit$$00000000
    libinit2.o(.ARM.Collect$$libinit$$00000001) refers to fpinit.o(x$fpl$fpinit) for _fp_init
    libinit2.o(.ARM.Collect$$libinit$$00000012) refers to libinit2.o(.ARM.Collect$$libinit$$00000011) for .ARM.Collect$$libinit$$00000011
    libinit2.o(.ARM.Collect$$libinit$$00000014) refers to libinit2.o(.ARM.Collect$$libinit$$00000011) for .ARM.Collect$$libinit$$00000011
    libinit2.o(.ARM.Collect$$libinit$$00000016) refers to libinit2.o(.ARM.Collect$$libinit$$00000011) for .ARM.Collect$$libinit$$00000011
    libinit2.o(.ARM.Collect$$libinit$$00000018) refers to libinit2.o(.ARM.Collect$$libinit$$00000011) for .ARM.Collect$$libinit$$00000011
    libinit2.o(.ARM.Collect$$libinit$$0000001A) refers to libinit2.o(.ARM.Collect$$libinit$$00000011) for .ARM.Collect$$libinit$$00000011
    libinit2.o(.ARM.Collect$$libinit$$00000028) refers to argv_veneer.o(.emb_text) for __ARM_argv_veneer
    libinit2.o(.ARM.Collect$$libinit$$00000029) refers to argv_veneer.o(.emb_text) for __ARM_argv_veneer
    rtexit2.o(.ARM.Collect$$rtexit$$00000003) refers to libshutdown.o(.ARM.Collect$$libshutdown$$00000000) for __rt_lib_shutdown
    rtexit2.o(.ARM.Collect$$rtexit$$00000004) refers to sys_exit.o(.text) for _sys_exit
    rtexit2.o(.ARM.exidx) refers to rtexit2.o(.ARM.Collect$$rtexit$$00000001) for .ARM.Collect$$rtexit$$00000001
    rtexit2.o(.ARM.exidx) refers to rtexit2.o(.ARM.Collect$$rtexit$$00000003) for .ARM.Collect$$rtexit$$00000003
    rtexit2.o(.ARM.exidx) refers to rtexit2.o(.ARM.Collect$$rtexit$$00000004) for .ARM.Collect$$rtexit$$00000004
    argv_veneer.o(.emb_text) refers to no_argv.o(.text) for __ARM_get_argv
    sys_exit.o(.text) refers (Special) to use_no_semi.o(.text) for __I$use$semihosting
    sys_exit.o(.text) refers (Special) to indicate_semi.o(.text) for __semihosting_library_function
    sys_exit_hlt.o(.text) refers (Special) to use_no_semi.o(.text) for __I$use$semihosting
    sys_exit_hlt.o(.text) refers (Special) to indicate_semi.o(.text) for __semihosting_library_function
    _get_argv_nomalloc.o(.text) refers (Special) to hrguard.o(.text) for __heap_region$guard
    _get_argv_nomalloc.o(.text) refers to defsig_rtmem_outer.o(.text) for __rt_SIGRTMEM
    _get_argv_nomalloc.o(.text) refers to sys_command.o(.text) for _sys_command_string
    libshutdown.o(.ARM.Collect$$libshutdown$$00000000) refers (Special) to libshutdown2.o(.ARM.Collect$$libshutdown$$00000002) for __rt_lib_shutdown_cpp_1
    libshutdown.o(.ARM.Collect$$libshutdown$$00000000) refers (Special) to libshutdown2.o(.ARM.Collect$$libshutdown$$00000007) for __rt_lib_shutdown_fp_trap_1
    libshutdown.o(.ARM.Collect$$libshutdown$$00000000) refers (Special) to libshutdown2.o(.ARM.Collect$$libshutdown$$0000000F) for __rt_lib_shutdown_heap_1
    libshutdown.o(.ARM.Collect$$libshutdown$$00000000) refers (Special) to libshutdown2.o(.ARM.Collect$$libshutdown$$00000010) for __rt_lib_shutdown_return
    libshutdown.o(.ARM.Collect$$libshutdown$$00000000) refers (Special) to libshutdown2.o(.ARM.Collect$$libshutdown$$0000000A) for __rt_lib_shutdown_signal_1
    libshutdown.o(.ARM.Collect$$libshutdown$$00000000) refers (Special) to libshutdown2.o(.ARM.Collect$$libshutdown$$00000004) for __rt_lib_shutdown_stdio_1
    libshutdown.o(.ARM.Collect$$libshutdown$$00000000) refers (Special) to libshutdown2.o(.ARM.Collect$$libshutdown$$0000000C) for __rt_lib_shutdown_user_alloc_1
    sys_command.o(.text) refers (Special) to use_no_semi.o(.text) for __I$use$semihosting
    sys_command.o(.text) refers (Special) to indicate_semi.o(.text) for __semihosting_library_function
    sys_command_hlt.o(.text) refers (Special) to use_no_semi.o(.text) for __I$use$semihosting
    sys_command_hlt.o(.text) refers (Special) to indicate_semi.o(.text) for __semihosting_library_function
    defsig_rtmem_outer.o(.text) refers to defsig_rtmem_inner.o(.text) for __rt_SIGRTMEM_inner
    defsig_rtmem_outer.o(.text) refers to defsig_exit.o(.text) for __sig_exit
    defsig_rtmem_formal.o(.text) refers to rt_raise.o(.text) for __rt_raise
    rt_raise.o(.text) refers to __raise.o(.text) for __raise
    rt_raise.o(.text) refers to sys_exit.o(.text) for _sys_exit
    defsig_exit.o(.text) refers to sys_exit.o(.text) for _sys_exit
    defsig_rtmem_inner.o(.text) refers to defsig_general.o(.text) for __default_signal_display
    __raise.o(.text) refers to defsig.o(CL$$defsig) for __default_signal_handler
    defsig_general.o(.text) refers to sys_wrch.o(.text) for _ttywrch
    sys_wrch.o(.text) refers (Special) to use_no_semi.o(.text) for __I$use$semihosting
    sys_wrch.o(.text) refers (Special) to indicate_semi.o(.text) for __semihosting_library_function
    sys_wrch_hlt.o(.text) refers (Special) to use_no_semi.o(.text) for __I$use$semihosting
    sys_wrch_hlt.o(.text) refers (Special) to indicate_semi.o(.text) for __semihosting_library_function
    defsig.o(CL$$defsig) refers to defsig_rtmem_inner.o(.text) for __rt_SIGRTMEM_inner
    defsig_abrt_inner.o(.text) refers to defsig_general.o(.text) for __default_signal_display
    defsig_fpe_inner.o(.text) refers to defsig_general.o(.text) for __default_signal_display
    defsig_rtred_inner.o(.text) refers to defsig_general.o(.text) for __default_signal_display
    defsig_stak_inner.o(.text) refers to defsig_general.o(.text) for __default_signal_display
    defsig_pvfn_inner.o(.text) refers to defsig_general.o(.text) for __default_signal_display
    defsig_cppl_inner.o(.text) refers to defsig_general.o(.text) for __default_signal_display
    defsig_segv_inner.o(.text) refers to defsig_general.o(.text) for __default_signal_display
    defsig_other.o(.text) refers to defsig_general.o(.text) for __default_signal_display


==============================================================================

Removing Unused input sections from the image.

    Removing main.o(.text), (0 bytes).
    Removing main.o(.ARM.exidx.text.main), (8 bytes).
    Removing main.o(.ARM.exidx.text.System_Configure), (8 bytes).
    Removing main.o(.ARM.exidx.text.__NVIC_SetPriority), (8 bytes).
    Removing main.o(.ARM.exidx.text.__NVIC_EnableIRQ), (8 bytes).
    Removing main.o(.ARM.exidx.text.RCC_Configure), (8 bytes).
    Removing main.o(.ARM.exidx.text.GPIO_Configure), (8 bytes).
    Removing main.o(.ARM.exidx.text.SPI_Configure), (8 bytes).
    Removing main.o(.ARM.exidx.text.I2C_Configure), (8 bytes).
    Removing main.o(.ARM.exidx.text.DCMI_Configure), (8 bytes).
    Removing main.o(.ARM.exidx.text.DMA_Configure), (8 bytes).
    Removing main.o(.text.TIM_Configure), (102 bytes).
    Removing main.o(.ARM.exidx.text.TIM_Configure), (8 bytes).
    Removing main.o(.bss.repetition_flag), (1 bytes).
    Removing main.o(.bss.sobel_counter_searching_focus), (1 bytes).
    Removing main.o(.bss.sobel_counter_lost_focus), (1 bytes).
    Removing main.o(.bss.sobel_max_previous), (4 bytes).
    Removing main.o(.ARM.use_no_argv), (4 bytes).
    Removing dma.o(.text), (0 bytes).
    Removing dma.o(.ARM.exidx.text.DMA_Init), (8 bytes).
    Removing dma.o(.ARM.exidx.text.DMA_SPI_Start), (8 bytes).
    Removing dma.o(.ARM.exidx.text.DMA_DCMI_Start), (8 bytes).
    Removing dma.o(.text.DMA_USART_Start), (118 bytes).
    Removing dma.o(.ARM.exidx.text.DMA_USART_Start), (8 bytes).
    Removing dma.o(.text.DMA_USART_TransferCompletedWait), (84 bytes).
    Removing dma.o(.ARM.exidx.text.DMA_USART_TransferCompletedWait), (8 bytes).
    Removing flash.o(.text), (0 bytes).
    Removing flash.o(.text.Flash_Unlock), (52 bytes).
    Removing flash.o(.ARM.exidx.text.Flash_Unlock), (8 bytes).
    Removing flash.o(.text.Flash_Lock), (18 bytes).
    Removing flash.o(.ARM.exidx.text.Flash_Lock), (8 bytes).
    Removing flash.o(.text.Flash_Unlock_Options), (52 bytes).
    Removing flash.o(.ARM.exidx.text.Flash_Unlock_Options), (8 bytes).
    Removing flash.o(.text.Flash_Modify_Options), (92 bytes).
    Removing flash.o(.ARM.exidx.text.Flash_Modify_Options), (8 bytes).
    Removing flash.o(.text.Flash_Set_OptLock), (62 bytes).
    Removing flash.o(.ARM.exidx.text.Flash_Set_OptLock), (8 bytes).
    Removing flash.o(.text.Flash_Unlock_Write_Protection), (42 bytes).
    Removing flash.o(.ARM.exidx.text.Flash_Unlock_Write_Protection), (8 bytes).
    Removing flash.o(.text.Flash_Erase_Sector), (136 bytes).
    Removing flash.o(.ARM.exidx.text.Flash_Erase_Sector), (8 bytes).
    Removing flash.o(.text.Flash_Write), (146 bytes).
    Removing flash.o(.ARM.exidx.text.Flash_Write), (8 bytes).
    Removing flash.o(.text.Flash_Read), (12 bytes).
    Removing flash.o(.ARM.exidx.text.Flash_Read), (8 bytes).
    Removing gpio.o(.text), (0 bytes).
    Removing gpio.o(.ARM.exidx.text.GPIO_Init), (8 bytes).
    Removing gpio.o(.ARM.exidx.text.GPIO_Pin_High), (8 bytes).
    Removing gpio.o(.ARM.exidx.text.GPIO_Pin_Low), (8 bytes).
    Removing gpio.o(.text.GPIO_Pin_Read), (46 bytes).
    Removing gpio.o(.ARM.exidx.text.GPIO_Pin_Read), (8 bytes).
    Removing i2c.o(.text), (0 bytes).
    Removing i2c.o(.ARM.exidx.text.I2C_Init), (8 bytes).
    Removing i2c.o(.ARM.exidx.text.I2C_WriteData), (8 bytes).
    Removing i2c.o(.ARM.exidx.text.I2C_ReadData), (8 bytes).
    Removing rcc.o(.text), (0 bytes).
    Removing rcc.o(.ARM.exidx.text.delay_ms), (8 bytes).
    Removing rcc.o(.text.get_ms), (12 bytes).
    Removing rcc.o(.ARM.exidx.text.get_ms), (8 bytes).
    Removing rcc.o(.ARM.exidx.text.SystemCoreClockConfigure), (8 bytes).
    Removing rcc.o(.ARM.exidx.text.SysTick_Config), (8 bytes).
    Removing rcc.o(.ARM.exidx.text.__NVIC_SetPriority), (8 bytes).
    Removing spi.o(.text), (0 bytes).
    Removing spi.o(.ARM.exidx.text.SPI_Init), (8 bytes).
    Removing spi.o(.ARM.exidx.text.SPI_Transmit), (8 bytes).
    Removing spi.o(.text.SPI_Receive), (60 bytes).
    Removing spi.o(.ARM.exidx.text.SPI_Receive), (8 bytes).
    Removing tim.o(.text), (0 bytes).
    Removing tim.o(.text.TIM_Init), (686 bytes).
    Removing tim.o(.ARM.exidx.text.TIM_Init), (8 bytes).
    Removing tim.o(.text.__NVIC_EnableIRQ), (48 bytes).
    Removing tim.o(.ARM.exidx.text.__NVIC_EnableIRQ), (8 bytes).
    Removing tim.o(.text.__NVIC_SetPriority), (66 bytes).
    Removing tim.o(.ARM.exidx.text.__NVIC_SetPriority), (8 bytes).
    Removing uart.o(.text), (0 bytes).
    Removing uart.o(.text.USART_Init), (672 bytes).
    Removing uart.o(.ARM.exidx.text.USART_Init), (8 bytes).
    Removing uart.o(.text.__NVIC_EnableIRQ), (48 bytes).
    Removing uart.o(.ARM.exidx.text.__NVIC_EnableIRQ), (8 bytes).
    Removing uart.o(.text.__NVIC_SetPriority), (66 bytes).
    Removing uart.o(.ARM.exidx.text.__NVIC_SetPriority), (8 bytes).
    Removing uart.o(.text.USART_SendChar), (36 bytes).
    Removing uart.o(.ARM.exidx.text.USART_SendChar), (8 bytes).
    Removing uart.o(.text.USART_SendString), (54 bytes).
    Removing uart.o(.ARM.exidx.text.USART_SendString), (8 bytes).
    Removing uart.o(.text.USART_SendArray), (54 bytes).
    Removing uart.o(.ARM.exidx.text.USART_SendArray), (8 bytes).
    Removing interrupt_handlers.o(.text), (0 bytes).
    Removing interrupt_handlers.o(.ARM.exidx.text.SysTick_Handler), (8 bytes).
    Removing interrupt_handlers.o(.ARM.exidx.text.TIM1_UP_TIM10_IRQHandler), (8 bytes).
    Removing interrupt_handlers.o(.ARM.exidx.text.DCMI_IRQHandler), (8 bytes).
    Removing interrupt_handlers.o(.ARM.exidx.text.DMA2_Stream7_IRQHandler), (8 bytes).
    Removing interrupt_handlers.o(.ARM.exidx.text.DMA2_Stream3_IRQHandler), (8 bytes).
    Removing interrupt_handlers.o(.ARM.exidx.text.USART1_IRQHandler), (8 bytes).
    Removing interrupt_handlers.o(.ARM.exidx.text.TIM2_IRQHandler), (8 bytes).
    Removing interrupt_handlers.o(.ARM.exidx.text.USART2_IRQHandler), (8 bytes).
    Removing interrupt_handlers.o(.ARM.exidx.text.TIM3_IRQHandler), (8 bytes).
    Removing interrupt_handlers.o(.ARM.exidx.text.HardFault_Handler), (8 bytes).
    Removing interrupt_handlers.o(.ARM.exidx.text.__NVIC_SystemReset), (8 bytes).
    Removing interrupt_handlers.o(.data.frame), (4 bytes).
    Removing interrupt_handlers.o(.bss.line), (4 bytes).
    Removing interrupt_handlers.o(.bss.hsync), (4 bytes).
    Removing interrupt_handlers.o(.data.current_tile), (1 bytes).
    Removing interrupt_handlers.o(.bss.dcmi_started_flag), (1 bytes).
    Removing dcmi.o(.text), (0 bytes).
    Removing ili9488.o(.text), (0 bytes).
    Removing ili9488.o(.ARM.exidx.text.spi_write), (8 bytes).
    Removing ili9488.o(.text.write_buffer), (46 bytes).
    Removing ili9488.o(.ARM.exidx.text.write_buffer), (8 bytes).
    Removing ili9488.o(.text.parallel_write), (58 bytes).
    Removing ili9488.o(.ARM.exidx.text.parallel_write), (8 bytes).
    Removing ili9488.o(.ARM.exidx.text.lcd_write_data), (8 bytes).
    Removing ili9488.o(.text.lcd_write_data1), (134 bytes).
    Removing ili9488.o(.ARM.exidx.text.lcd_write_data1), (8 bytes).
    Removing ili9488.o(.ARM.exidx.text.lcd_write_command), (8 bytes).
    Removing ili9488.o(.text.lcd_write_command1), (36 bytes).
    Removing ili9488.o(.ARM.exidx.text.lcd_write_command1), (8 bytes).
    Removing ili9488.o(.text.lcd_write_reg), (56 bytes).
    Removing ili9488.o(.ARM.exidx.text.lcd_write_reg), (8 bytes).
    Removing ili9488.o(.ARM.exidx.text.swap_int), (8 bytes).
    Removing ili9488.o(.text.swap_char), (34 bytes).
    Removing ili9488.o(.ARM.exidx.text.swap_char), (8 bytes).
    Removing ili9488.o(.text.lcd_init_parallel), (112 bytes).
    Removing ili9488.o(.ARM.exidx.text.lcd_init_parallel), (8 bytes).
    Removing ili9488.o(.ARM.exidx.text.lcd_init_command_list), (8 bytes).
    Removing ili9488.o(.ARM.exidx.text.lcd_init_spi), (8 bytes).
    Removing ili9488.o(.ARM.exidx.text.set_draw_window), (8 bytes).
    Removing ili9488.o(.text.draw_pixel), (106 bytes).
    Removing ili9488.o(.ARM.exidx.text.draw_pixel), (8 bytes).
    Removing ili9488.o(.text.fill_rectangle), (86 bytes).
    Removing ili9488.o(.ARM.exidx.text.fill_rectangle), (8 bytes).
    Removing ili9488.o(.text.draw_bitmap), (180 bytes).
    Removing ili9488.o(.ARM.exidx.text.draw_bitmap), (8 bytes).
    Removing ili9488.o(.text.draw_image), (148 bytes).
    Removing ili9488.o(.ARM.exidx.text.draw_image), (8 bytes).
    Removing ili9488.o(.bss.buffer_counter), (2 bytes).
    Removing ili9488.o(.bss.v_buffer), (16383 bytes).
    Removing ov7670.o(.text), (0 bytes).
    Removing ov7670.o(.text.camera_read_reg), (36 bytes).
    Removing ov7670.o(.ARM.exidx.text.camera_read_reg), (8 bytes).
    Removing ov7670.o(.text.camera_write_reg), (44 bytes).
    Removing ov7670.o(.ARM.exidx.text.camera_write_reg), (8 bytes).
    Removing ov7670.o(.ARM.exidx.text.camera_config), (8 bytes).
    Removing image_convertion.o(.text), (0 bytes).
    Removing image_convertion.o(.ARM.exidx.text.rgb_to_grayscale), (8 bytes).
    Removing image_convertion.o(.ARM.exidx.text.rgb565_to_rgb), (8 bytes).
    Removing image_convertion.o(.ARM.exidx.text.apply_sobel), (8 bytes).
    Removing system_stm32f4xx.o(.text), (0 bytes).
    Removing system_stm32f4xx.o(.ARM.exidx.text.SystemInit), (8 bytes).
    Removing system_stm32f4xx.o(.ARM.exidx.text.SystemCoreClockUpdate), (8 bytes).
    Removing system_stm32f4xx.o(.rodata.APBPrescTable), (8 bytes).

151 unused section(s) (total 20946 bytes) removed from the image.

==============================================================================

Image Symbol Table

    Local Symbols

    Symbol Name                              Value     Ov Type        Size  Object(Section)

    ../clib/angel/boardlib.s                 0x00000000   Number         0  boardinit1.o ABSOLUTE
    ../clib/angel/boardlib.s                 0x00000000   Number         0  boardinit2.o ABSOLUTE
    ../clib/angel/boardlib.s                 0x00000000   Number         0  boardinit3.o ABSOLUTE
    ../clib/angel/boardlib.s                 0x00000000   Number         0  boardshut.o ABSOLUTE
    ../clib/angel/handlers.s                 0x00000000   Number         0  __scatter_copy.o ABSOLUTE
    ../clib/angel/handlers.s                 0x00000000   Number         0  __scatter_zi.o ABSOLUTE
    ../clib/angel/kernel.s                   0x00000000   Number         0  __rtentry.o ABSOLUTE
    ../clib/angel/kernel.s                   0x00000000   Number         0  __rtentry2.o ABSOLUTE
    ../clib/angel/kernel.s                   0x00000000   Number         0  __rtentry4.o ABSOLUTE
    ../clib/angel/kernel.s                   0x00000000   Number         0  rtexit.o ABSOLUTE
    ../clib/angel/kernel.s                   0x00000000   Number         0  rtexit2.o ABSOLUTE
    ../clib/angel/rt.s                       0x00000000   Number         0  rt_errno_addr.o ABSOLUTE
    ../clib/angel/rt.s                       0x00000000   Number         0  rt_errno_addr_intlibspace.o ABSOLUTE
    ../clib/angel/rt.s                       0x00000000   Number         0  rt_raise.o ABSOLUTE
    ../clib/angel/scatter.s                  0x00000000   Number         0  __scatter.o ABSOLUTE
    ../clib/angel/startup.s                  0x00000000   Number         0  __main.o ABSOLUTE
    ../clib/angel/sys.s                      0x00000000   Number         0  libspace.o ABSOLUTE
    ../clib/angel/sys.s                      0x00000000   Number         0  sys_stackheap_outer.o ABSOLUTE
    ../clib/angel/sys.s                      0x00000000   Number         0  use_no_semi.o ABSOLUTE
    ../clib/angel/sys.s                      0x00000000   Number         0  indicate_semi.o ABSOLUTE
    ../clib/angel/sysapp.c                   0x00000000   Number         0  sys_exit.o ABSOLUTE
    ../clib/angel/sysapp.c                   0x00000000   Number         0  sys_exit_hlt.o ABSOLUTE
    ../clib/angel/sysapp.c                   0x00000000   Number         0  sys_command.o ABSOLUTE
    ../clib/angel/sysapp.c                   0x00000000   Number         0  sys_command_hlt.o ABSOLUTE
    ../clib/angel/sysapp.c                   0x00000000   Number         0  sys_wrch.o ABSOLUTE
    ../clib/angel/sysapp.c                   0x00000000   Number         0  sys_wrch_hlt.o ABSOLUTE
    ../clib/armsys.c                         0x00000000   Number         0  argv_veneer.o ABSOLUTE
    ../clib/armsys.c                         0x00000000   Number         0  argv_veneer.o ABSOLUTE
    ../clib/armsys.c                         0x00000000   Number         0  _get_argv_nomalloc.o ABSOLUTE
    ../clib/armsys.c                         0x00000000   Number         0  no_argv.o ABSOLUTE
    ../clib/fenv.c                           0x00000000   Number         0  _rserrno.o ABSOLUTE
    ../clib/heapalloc.c                      0x00000000   Number         0  hrguard.o ABSOLUTE
    ../clib/heapaux.c                        0x00000000   Number         0  heapauxi.o ABSOLUTE
    ../clib/libinit.s                        0x00000000   Number         0  libinit.o ABSOLUTE
    ../clib/libinit.s                        0x00000000   Number         0  libinit2.o ABSOLUTE
    ../clib/libinit.s                        0x00000000   Number         0  libshutdown.o ABSOLUTE
    ../clib/libinit.s                        0x00000000   Number         0  libshutdown2.o ABSOLUTE
    ../clib/memcpset.s                       0x00000000   Number         0  rt_memclr_w.o ABSOLUTE
    ../clib/signal.c                         0x00000000   Number         0  defsig_rtmem_outer.o ABSOLUTE
    ../clib/signal.c                         0x00000000   Number         0  defsig_rtmem_formal.o ABSOLUTE
    ../clib/signal.c                         0x00000000   Number         0  defsig_exit.o ABSOLUTE
    ../clib/signal.c                         0x00000000   Number         0  defsig_rtmem_inner.o ABSOLUTE
    ../clib/signal.c                         0x00000000   Number         0  __raise.o ABSOLUTE
    ../clib/signal.c                         0x00000000   Number         0  defsig_general.o ABSOLUTE
    ../clib/signal.c                         0x00000000   Number         0  defsig_abrt_inner.o ABSOLUTE
    ../clib/signal.c                         0x00000000   Number         0  defsig_fpe_inner.o ABSOLUTE
    ../clib/signal.c                         0x00000000   Number         0  defsig_rtred_inner.o ABSOLUTE
    ../clib/signal.c                         0x00000000   Number         0  defsig_stak_inner.o ABSOLUTE
    ../clib/signal.c                         0x00000000   Number         0  defsig_pvfn_inner.o ABSOLUTE
    ../clib/signal.c                         0x00000000   Number         0  defsig_cppl_inner.o ABSOLUTE
    ../clib/signal.c                         0x00000000   Number         0  defsig_segv_inner.o ABSOLUTE
    ../clib/signal.c                         0x00000000   Number         0  defsig_other.o ABSOLUTE
    ../clib/signal.s                         0x00000000   Number         0  defsig.o ABSOLUTE
    ../clib/stdlib.c                         0x00000000   Number         0  exit.o ABSOLUTE
    ../fplib/daddsub.s                       0x00000000   Number         0  daddsub_clz.o ABSOLUTE
    ../fplib/ddiv.s                          0x00000000   Number         0  ddiv.o ABSOLUTE
    ../fplib/dfix.s                          0x00000000   Number         0  dfix.o ABSOLUTE
    ../fplib/dflt.s                          0x00000000   Number         0  dflt_clz.o ABSOLUTE
    ../fplib/dmul.s                          0x00000000   Number         0  dmul.o ABSOLUTE
    ../fplib/dnaninf.s                       0x00000000   Number         0  dnaninf.o ABSOLUTE
    ../fplib/dretinf.s                       0x00000000   Number         0  dretinf.o ABSOLUTE
    ../fplib/dsqrt.s                         0x00000000   Number         0  dsqrt_umaal.o ABSOLUTE
    ../fplib/fpinit.s                        0x00000000   Number         0  fpinit.o ABSOLUTE
    ../fplib/usenofp.s                       0x00000000   Number         0  usenofp.o ABSOLUTE
    ../mathlib/sqrt.c                        0x00000000   Number         0  sqrt.o ABSOLUTE
    DCMI.c                                   0x00000000   Number         0  dcmi.o ABSOLUTE
    DMA.c                                    0x00000000   Number         0  dma.o ABSOLUTE
    Flash.c                                  0x00000000   Number         0  flash.o ABSOLUTE
    GPIO.c                                   0x00000000   Number         0  gpio.o ABSOLUTE
    I2C.c                                    0x00000000   Number         0  i2c.o ABSOLUTE
    ILI9488.c                                0x00000000   Number         0  ili9488.o ABSOLUTE
    Image_Convertion.c                       0x00000000   Number         0  image_convertion.o ABSOLUTE
    Interrupt_Handlers.c                     0x00000000   Number         0  interrupt_handlers.o ABSOLUTE
    OV7670.c                                 0x00000000   Number         0  ov7670.o ABSOLUTE
    RCC.c                                    0x00000000   Number         0  rcc.o ABSOLUTE
    RTE/Device/STM32F407VGTx/startup_stm32f407xx.s 0x00000000   Number         0  startup_stm32f407xx.o ABSOLUTE
    SPI.c                                    0x00000000   Number         0  spi.o ABSOLUTE
    TIM.c                                    0x00000000   Number         0  tim.o ABSOLUTE
    UART.c                                   0x00000000   Number         0  uart.o ABSOLUTE
    dc.s                                     0x00000000   Number         0  dc.o ABSOLUTE
    main.c                                   0x00000000   Number         0  main.o ABSOLUTE
    system_stm32f4xx.c                       0x00000000   Number         0  system_stm32f4xx.o ABSOLUTE
    RESET                                    0x08000000   Section      392  startup_stm32f407xx.o(RESET)
    !!!main                                  0x08000188   Section        8  __main.o(!!!main)
    !!!scatter                               0x08000190   Section       92  __scatter.o(!!!scatter)
    !!handler_copy                           0x080001ec   Section       26  __scatter_copy.o(!!handler_copy)
    !!handler_null                           0x08000208   Section        2  __scatter.o(!!handler_null)
    !!handler_zi                             0x0800020c   Section       28  __scatter_zi.o(!!handler_zi)
    .ARM.Collect$$libinit$$00000000          0x08000228   Section        2  libinit.o(.ARM.Collect$$libinit$$00000000)
    .ARM.Collect$$libinit$$00000001          0x0800022a   Section        4  libinit2.o(.ARM.Collect$$libinit$$00000001)
    .ARM.Collect$$libinit$$00000004          0x0800022e   Section        0  libinit2.o(.ARM.Collect$$libinit$$00000004)
    .ARM.Collect$$libinit$$00000006          0x0800022e   Section        0  libinit2.o(.ARM.Collect$$libinit$$00000006)
    .ARM.Collect$$libinit$$0000000C          0x0800022e   Section        0  libinit2.o(.ARM.Collect$$libinit$$0000000C)
    .ARM.Collect$$libinit$$0000000E          0x0800022e   Section        0  libinit2.o(.ARM.Collect$$libinit$$0000000E)
    .ARM.Collect$$libinit$$00000010          0x0800022e   Section        0  libinit2.o(.ARM.Collect$$libinit$$00000010)
    .ARM.Collect$$libinit$$00000013          0x0800022e   Section        0  libinit2.o(.ARM.Collect$$libinit$$00000013)
    .ARM.Collect$$libinit$$00000015          0x0800022e   Section        0  libinit2.o(.ARM.Collect$$libinit$$00000015)
    .ARM.Collect$$libinit$$00000017          0x0800022e   Section        0  libinit2.o(.ARM.Collect$$libinit$$00000017)
    .ARM.Collect$$libinit$$00000019          0x0800022e   Section        0  libinit2.o(.ARM.Collect$$libinit$$00000019)
    .ARM.Collect$$libinit$$0000001B          0x0800022e   Section        0  libinit2.o(.ARM.Collect$$libinit$$0000001B)
    .ARM.Collect$$libinit$$0000001D          0x0800022e   Section        0  libinit2.o(.ARM.Collect$$libinit$$0000001D)
    .ARM.Collect$$libinit$$0000001F          0x0800022e   Section        0  libinit2.o(.ARM.Collect$$libinit$$0000001F)
    .ARM.Collect$$libinit$$00000021          0x0800022e   Section        0  libinit2.o(.ARM.Collect$$libinit$$00000021)
    .ARM.Collect$$libinit$$00000023          0x0800022e   Section        0  libinit2.o(.ARM.Collect$$libinit$$00000023)
    .ARM.Collect$$libinit$$00000025          0x0800022e   Section        0  libinit2.o(.ARM.Collect$$libinit$$00000025)
    .ARM.Collect$$libinit$$00000027          0x0800022e   Section        0  libinit2.o(.ARM.Collect$$libinit$$00000027)
    .ARM.Collect$$libinit$$0000002E          0x0800022e   Section        0  libinit2.o(.ARM.Collect$$libinit$$0000002E)
    .ARM.Collect$$libinit$$00000030          0x0800022e   Section        0  libinit2.o(.ARM.Collect$$libinit$$00000030)
    .ARM.Collect$$libinit$$00000032          0x0800022e   Section        0  libinit2.o(.ARM.Collect$$libinit$$00000032)
    .ARM.Collect$$libinit$$00000034          0x0800022e   Section        0  libinit2.o(.ARM.Collect$$libinit$$00000034)
    .ARM.Collect$$libinit$$00000035          0x0800022e   Section        2  libinit2.o(.ARM.Collect$$libinit$$00000035)
    .ARM.Collect$$libshutdown$$00000000      0x08000230   Section        2  libshutdown.o(.ARM.Collect$$libshutdown$$00000000)
    .ARM.Collect$$libshutdown$$00000002      0x08000232   Section        0  libshutdown2.o(.ARM.Collect$$libshutdown$$00000002)
    .ARM.Collect$$libshutdown$$00000004      0x08000232   Section        0  libshutdown2.o(.ARM.Collect$$libshutdown$$00000004)
    .ARM.Collect$$libshutdown$$00000007      0x08000232   Section        0  libshutdown2.o(.ARM.Collect$$libshutdown$$00000007)
    .ARM.Collect$$libshutdown$$0000000A      0x08000232   Section        0  libshutdown2.o(.ARM.Collect$$libshutdown$$0000000A)
    .ARM.Collect$$libshutdown$$0000000C      0x08000232   Section        0  libshutdown2.o(.ARM.Collect$$libshutdown$$0000000C)
    .ARM.Collect$$libshutdown$$0000000F      0x08000232   Section        0  libshutdown2.o(.ARM.Collect$$libshutdown$$0000000F)
    .ARM.Collect$$libshutdown$$00000010      0x08000232   Section        2  libshutdown2.o(.ARM.Collect$$libshutdown$$00000010)
    .ARM.Collect$$rtentry$$00000000          0x08000234   Section        0  __rtentry.o(.ARM.Collect$$rtentry$$00000000)
    .ARM.Collect$$rtentry$$00000002          0x08000234   Section        0  __rtentry2.o(.ARM.Collect$$rtentry$$00000002)
    .ARM.Collect$$rtentry$$00000004          0x08000234   Section        6  __rtentry4.o(.ARM.Collect$$rtentry$$00000004)
    .ARM.Collect$$rtentry$$00000009          0x0800023a   Section        0  __rtentry2.o(.ARM.Collect$$rtentry$$00000009)
    .ARM.Collect$$rtentry$$0000000A          0x0800023a   Section        4  __rtentry2.o(.ARM.Collect$$rtentry$$0000000A)
    .ARM.Collect$$rtentry$$0000000C          0x0800023e   Section        0  __rtentry2.o(.ARM.Collect$$rtentry$$0000000C)
    .ARM.Collect$$rtentry$$0000000D          0x0800023e   Section        8  __rtentry2.o(.ARM.Collect$$rtentry$$0000000D)
    .ARM.Collect$$rtexit$$00000000           0x08000246   Section        2  rtexit.o(.ARM.Collect$$rtexit$$00000000)
    .ARM.Collect$$rtexit$$00000002           0x08000248   Section        0  rtexit2.o(.ARM.Collect$$rtexit$$00000002)
    .ARM.Collect$$rtexit$$00000003           0x08000248   Section        4  rtexit2.o(.ARM.Collect$$rtexit$$00000003)
    .ARM.Collect$$rtexit$$00000004           0x0800024c   Section        6  rtexit2.o(.ARM.Collect$$rtexit$$00000004)
    $v0                                      0x08000254   Number         0  startup_stm32f407xx.o(.text)
    .text                                    0x08000254   Section       64  startup_stm32f407xx.o(.text)
    .text                                    0x08000294   Section       78  rt_memclr_w.o(.text)
    .text                                    0x080002e2   Section        0  heapauxi.o(.text)
    .text                                    0x080002e8   Section        0  _rserrno.o(.text)
    .text                                    0x08000300   Section        8  rt_errno_addr_intlibspace.o(.text)
    .text                                    0x08000308   Section        8  libspace.o(.text)
    .text                                    0x08000310   Section       74  sys_stackheap_outer.o(.text)
    .text                                    0x0800035a   Section        0  exit.o(.text)
    .text                                    0x0800036c   Section        0  sys_exit.o(.text)
    .text                                    0x08000378   Section        2  use_no_semi.o(.text)
    .text                                    0x0800037a   Section        0  indicate_semi.o(.text)
    [Anonymous Symbol]                       0x0800037c   Section        0  main.o(.text.DCMI_Configure)
    [Anonymous Symbol]                       0x080003f0   Section        0  interrupt_handlers.o(.text.DCMI_IRQHandler)
    [Anonymous Symbol]                       0x08000460   Section        0  interrupt_handlers.o(.text.DMA2_Stream3_IRQHandler)
    [Anonymous Symbol]                       0x080004dc   Section        0  interrupt_handlers.o(.text.DMA2_Stream7_IRQHandler)
    [Anonymous Symbol]                       0x0800056c   Section        0  main.o(.text.DMA_Configure)
    [Anonymous Symbol]                       0x08000638   Section        0  dma.o(.text.DMA_DCMI_Start)
    [Anonymous Symbol]                       0x08000664   Section        0  dma.o(.text.DMA_Init)
    [Anonymous Symbol]                       0x08000a40   Section        0  dma.o(.text.DMA_SPI_Start)
    [Anonymous Symbol]                       0x08000a7c   Section        0  main.o(.text.GPIO_Configure)
    [Anonymous Symbol]                       0x08000db8   Section        0  gpio.o(.text.GPIO_Init)
    [Anonymous Symbol]                       0x08001024   Section        0  gpio.o(.text.GPIO_Pin_High)
    [Anonymous Symbol]                       0x08001038   Section        0  gpio.o(.text.GPIO_Pin_Low)
    [Anonymous Symbol]                       0x08001050   Section        0  interrupt_handlers.o(.text.HardFault_Handler)
    [Anonymous Symbol]                       0x08001054   Section        0  main.o(.text.I2C_Configure)
    [Anonymous Symbol]                       0x08001078   Section        0  i2c.o(.text.I2C_Init)
    [Anonymous Symbol]                       0x08001150   Section        0  i2c.o(.text.I2C_ReadData)
    [Anonymous Symbol]                       0x080012ec   Section        0  i2c.o(.text.I2C_WriteData)
    [Anonymous Symbol]                       0x080013e8   Section        0  main.o(.text.RCC_Configure)
    [Anonymous Symbol]                       0x08001440   Section        0  main.o(.text.SPI_Configure)
    [Anonymous Symbol]                       0x08001464   Section        0  spi.o(.text.SPI_Init)
    [Anonymous Symbol]                       0x080015f8   Section        0  spi.o(.text.SPI_Transmit)
    SysTick_Config                           0x0800168d   Thumb Code    82  rcc.o(.text.SysTick_Config)
    [Anonymous Symbol]                       0x0800168c   Section        0  rcc.o(.text.SysTick_Config)
    [Anonymous Symbol]                       0x080016e0   Section        0  interrupt_handlers.o(.text.SysTick_Handler)
    [Anonymous Symbol]                       0x080016f0   Section        0  rcc.o(.text.SystemCoreClockConfigure)
    [Anonymous Symbol]                       0x08001c10   Section        0  system_stm32f4xx.o(.text.SystemCoreClockUpdate)
    [Anonymous Symbol]                       0x08001d40   Section        0  system_stm32f4xx.o(.text.SystemInit)
    [Anonymous Symbol]                       0x08001d54   Section        0  main.o(.text.System_Configure)
    [Anonymous Symbol]                       0x08001d70   Section        0  interrupt_handlers.o(.text.TIM1_UP_TIM10_IRQHandler)
    [Anonymous Symbol]                       0x08001dd0   Section        0  interrupt_handlers.o(.text.TIM2_IRQHandler)
    [Anonymous Symbol]                       0x08001dd4   Section        0  interrupt_handlers.o(.text.TIM3_IRQHandler)
    [Anonymous Symbol]                       0x08001dd8   Section        0  interrupt_handlers.o(.text.USART1_IRQHandler)
    [Anonymous Symbol]                       0x08001ddc   Section        0  interrupt_handlers.o(.text.USART2_IRQHandler)
    __NVIC_EnableIRQ                         0x08001de1   Thumb Code    48  main.o(.text.__NVIC_EnableIRQ)
    [Anonymous Symbol]                       0x08001de0   Section        0  main.o(.text.__NVIC_EnableIRQ)
    __NVIC_SetPriority                       0x08001e11   Thumb Code    66  main.o(.text.__NVIC_SetPriority)
    [Anonymous Symbol]                       0x08001e10   Section        0  main.o(.text.__NVIC_SetPriority)
    __NVIC_SetPriority                       0x08001e55   Thumb Code    66  rcc.o(.text.__NVIC_SetPriority)
    [Anonymous Symbol]                       0x08001e54   Section        0  rcc.o(.text.__NVIC_SetPriority)
    __NVIC_SystemReset                       0x08001e99   Thumb Code    38  interrupt_handlers.o(.text.__NVIC_SystemReset)
    [Anonymous Symbol]                       0x08001e98   Section        0  interrupt_handlers.o(.text.__NVIC_SystemReset)
    [Anonymous Symbol]                       0x08001ec0   Section        0  image_convertion.o(.text.apply_sobel)
    [Anonymous Symbol]                       0x08002008   Section        0  ov7670.o(.text.camera_config)
    [Anonymous Symbol]                       0x0800211c   Section        0  rcc.o(.text.delay_ms)
    [Anonymous Symbol]                       0x0800214c   Section        0  ili9488.o(.text.lcd_init_command_list)
    [Anonymous Symbol]                       0x08002380   Section        0  ili9488.o(.text.lcd_init_spi)
    [Anonymous Symbol]                       0x080023d8   Section        0  ili9488.o(.text.lcd_write_command)
    [Anonymous Symbol]                       0x08002414   Section        0  ili9488.o(.text.lcd_write_data)
    [Anonymous Symbol]                       0x08002450   Section        0  main.o(.text.main)
    rgb565_to_rgb                            0x080027f5   Thumb Code   114  image_convertion.o(.text.rgb565_to_rgb)
    [Anonymous Symbol]                       0x080027f4   Section        0  image_convertion.o(.text.rgb565_to_rgb)
    [Anonymous Symbol]                       0x08002868   Section        0  image_convertion.o(.text.rgb_to_grayscale)
    [Anonymous Symbol]                       0x0800291c   Section        0  ili9488.o(.text.set_draw_window)
    [Anonymous Symbol]                       0x080029a8   Section        0  ili9488.o(.text.spi_write)
    [Anonymous Symbol]                       0x080029c8   Section        0  ili9488.o(.text.swap_int)
    i.__hardfp_sqrt                          0x080029e6   Section        0  sqrt.o(i.__hardfp_sqrt)
    $v0                                      0x08002a60   Number         0  dfix.o(x$fpl$dfix)
    x$fpl$dfix                               0x08002a60   Section       94  dfix.o(x$fpl$dfix)
    $v0                                      0x08002abe   Number         0  dflt_clz.o(x$fpl$dflt)
    x$fpl$dflt                               0x08002abe   Section       46  dflt_clz.o(x$fpl$dflt)
    $v0                                      0x08002aec   Number         0  dnaninf.o(x$fpl$dnaninf)
    x$fpl$dnaninf                            0x08002aec   Section      156  dnaninf.o(x$fpl$dnaninf)
    $v0                                      0x08002b88   Number         0  dsqrt_umaal.o(x$fpl$dsqrt)
    x$fpl$dsqrt                              0x08002b88   Section      408  dsqrt_umaal.o(x$fpl$dsqrt)
    $v0                                      0x08002d20   Number         0  fpinit.o(x$fpl$fpinit)
    x$fpl$fpinit                             0x08002d20   Section       26  fpinit.o(x$fpl$fpinit)
    x$fpl$usenofp                            0x08002d3a   Section        0  usenofp.o(x$fpl$usenofp)
    .bss                                     0x20000008   Section       96  libspace.o(.bss)
    Heap_Mem                                 0x2001c350   Data         512  startup_stm32f407xx.o(HEAP)
    HEAP                                     0x2001c350   Section      512  startup_stm32f407xx.o(HEAP)
    Stack_Mem                                0x2001c550   Data        1024  startup_stm32f407xx.o(STACK)
    STACK                                    0x2001c550   Section     1024  startup_stm32f407xx.o(STACK)
    __initial_sp                             0x2001c950   Data           0  startup_stm32f407xx.o(STACK)

    Global Symbols

    Symbol Name                              Value     Ov Type        Size  Object(Section)

    BuildAttributes$$THM_ISAv4$E$P$D$K$B$S$7EM$VFPi3$EXTD16$VFPS$VFMA$PE$A:L22UL41UL21$X:L11$S22US41US21$IEEE1$IW$~IW$USESV6$~STKCKD$USESV7$~SHL$OTIME$ROPI$IEEEJ$EBA8$UX$STANDARDLIB$REQ8$PRES8$EABIv2 0x00000000   Number         0  anon$$obj.o ABSOLUTE
    __ARM_exceptions_init                     - Undefined Weak Reference
    __alloca_initialize                       - Undefined Weak Reference
    __arm_preinit_                            - Undefined Weak Reference
    __arm_relocate_pie_                       - Undefined Weak Reference
    __cpp_initialize__aeabi_                  - Undefined Weak Reference
    __cxa_finalize                            - Undefined Weak Reference
    __rt_locale                               - Undefined Weak Reference
    __sigvec_lookup                           - Undefined Weak Reference
    _atexit_init                              - Undefined Weak Reference
    _call_atexit_fns                          - Undefined Weak Reference
    _clock_init                               - Undefined Weak Reference
    _fp_trap_init                             - Undefined Weak Reference
    _fp_trap_shutdown                         - Undefined Weak Reference
    _get_lc_collate                           - Undefined Weak Reference
    _get_lc_ctype                             - Undefined Weak Reference
    _get_lc_monetary                          - Undefined Weak Reference
    _get_lc_numeric                           - Undefined Weak Reference
    _get_lc_time                              - Undefined Weak Reference
    _getenv_init                              - Undefined Weak Reference
    _handle_redirection                       - Undefined Weak Reference
    _init_alloc                               - Undefined Weak Reference
    _init_user_alloc                          - Undefined Weak Reference
    _initio                                   - Undefined Weak Reference
    _rand_init                                - Undefined Weak Reference
    _signal_finish                            - Undefined Weak Reference
    _signal_init                              - Undefined Weak Reference
    _terminate_alloc                          - Undefined Weak Reference
    _terminate_user_alloc                     - Undefined Weak Reference
    _terminateio                              - Undefined Weak Reference
    __Vectors_Size                           0x00000188   Number         0  startup_stm32f407xx.o ABSOLUTE
    __Vectors                                0x08000000   Data           4  startup_stm32f407xx.o(RESET)
    __Vectors_End                            0x08000188   Data           0  startup_stm32f407xx.o(RESET)
    __main                                   0x08000189   Thumb Code     8  __main.o(!!!main)
    __scatterload                            0x08000191   Thumb Code     0  __scatter.o(!!!scatter)
    __scatterload_rt2                        0x08000191   Thumb Code    84  __scatter.o(!!!scatter)
    __scatterload_rt2_thumb_only             0x08000191   Thumb Code     0  __scatter.o(!!!scatter)
    __scatterload_loop                       0x0800019b   Thumb Code     0  __scatter.o(!!!scatter)
    __scatterload_copy                       0x080001ed   Thumb Code    26  __scatter_copy.o(!!handler_copy)
    __scatterload_null                       0x08000209   Thumb Code     2  __scatter.o(!!handler_null)
    __scatterload_zeroinit                   0x0800020d   Thumb Code    28  __scatter_zi.o(!!handler_zi)
    __rt_lib_init                            0x08000229   Thumb Code     0  libinit.o(.ARM.Collect$$libinit$$00000000)
    __rt_lib_init_fp_1                       0x0800022b   Thumb Code     0  libinit2.o(.ARM.Collect$$libinit$$00000001)
    __rt_lib_init_alloca_1                   0x0800022f   Thumb Code     0  libinit2.o(.ARM.Collect$$libinit$$00000030)
    __rt_lib_init_argv_1                     0x0800022f   Thumb Code     0  libinit2.o(.ARM.Collect$$libinit$$0000002E)
    __rt_lib_init_atexit_1                   0x0800022f   Thumb Code     0  libinit2.o(.ARM.Collect$$libinit$$0000001D)
    __rt_lib_init_clock_1                    0x0800022f   Thumb Code     0  libinit2.o(.ARM.Collect$$libinit$$00000023)
    __rt_lib_init_cpp_1                      0x0800022f   Thumb Code     0  libinit2.o(.ARM.Collect$$libinit$$00000034)
    __rt_lib_init_exceptions_1               0x0800022f   Thumb Code     0  libinit2.o(.ARM.Collect$$libinit$$00000032)
    __rt_lib_init_fp_trap_1                  0x0800022f   Thumb Code     0  libinit2.o(.ARM.Collect$$libinit$$00000021)
    __rt_lib_init_getenv_1                   0x0800022f   Thumb Code     0  libinit2.o(.ARM.Collect$$libinit$$00000025)
    __rt_lib_init_heap_1                     0x0800022f   Thumb Code     0  libinit2.o(.ARM.Collect$$libinit$$0000000C)
    __rt_lib_init_lc_collate_1               0x0800022f   Thumb Code     0  libinit2.o(.ARM.Collect$$libinit$$00000013)
    __rt_lib_init_lc_ctype_1                 0x0800022f   Thumb Code     0  libinit2.o(.ARM.Collect$$libinit$$00000015)
    __rt_lib_init_lc_monetary_1              0x0800022f   Thumb Code     0  libinit2.o(.ARM.Collect$$libinit$$00000017)
    __rt_lib_init_lc_numeric_1               0x0800022f   Thumb Code     0  libinit2.o(.ARM.Collect$$libinit$$00000019)
    __rt_lib_init_lc_time_1                  0x0800022f   Thumb Code     0  libinit2.o(.ARM.Collect$$libinit$$0000001B)
    __rt_lib_init_preinit_1                  0x0800022f   Thumb Code     0  libinit2.o(.ARM.Collect$$libinit$$00000006)
    __rt_lib_init_rand_1                     0x0800022f   Thumb Code     0  libinit2.o(.ARM.Collect$$libinit$$00000010)
    __rt_lib_init_relocate_pie_1             0x0800022f   Thumb Code     0  libinit2.o(.ARM.Collect$$libinit$$00000004)
    __rt_lib_init_return                     0x0800022f   Thumb Code     0  libinit2.o(.ARM.Collect$$libinit$$00000035)
    __rt_lib_init_signal_1                   0x0800022f   Thumb Code     0  libinit2.o(.ARM.Collect$$libinit$$0000001F)
    __rt_lib_init_stdio_1                    0x0800022f   Thumb Code     0  libinit2.o(.ARM.Collect$$libinit$$00000027)
    __rt_lib_init_user_alloc_1               0x0800022f   Thumb Code     0  libinit2.o(.ARM.Collect$$libinit$$0000000E)
    __rt_lib_shutdown                        0x08000231   Thumb Code     0  libshutdown.o(.ARM.Collect$$libshutdown$$00000000)
    __rt_lib_shutdown_cpp_1                  0x08000233   Thumb Code     0  libshutdown2.o(.ARM.Collect$$libshutdown$$00000002)
    __rt_lib_shutdown_fp_trap_1              0x08000233   Thumb Code     0  libshutdown2.o(.ARM.Collect$$libshutdown$$00000007)
    __rt_lib_shutdown_heap_1                 0x08000233   Thumb Code     0  libshutdown2.o(.ARM.Collect$$libshutdown$$0000000F)
    __rt_lib_shutdown_return                 0x08000233   Thumb Code     0  libshutdown2.o(.ARM.Collect$$libshutdown$$00000010)
    __rt_lib_shutdown_signal_1               0x08000233   Thumb Code     0  libshutdown2.o(.ARM.Collect$$libshutdown$$0000000A)
    __rt_lib_shutdown_stdio_1                0x08000233   Thumb Code     0  libshutdown2.o(.ARM.Collect$$libshutdown$$00000004)
    __rt_lib_shutdown_user_alloc_1           0x08000233   Thumb Code     0  libshutdown2.o(.ARM.Collect$$libshutdown$$0000000C)
    __rt_entry                               0x08000235   Thumb Code     0  __rtentry.o(.ARM.Collect$$rtentry$$00000000)
    __rt_entry_presh_1                       0x08000235   Thumb Code     0  __rtentry2.o(.ARM.Collect$$rtentry$$00000002)
    __rt_entry_sh                            0x08000235   Thumb Code     0  __rtentry4.o(.ARM.Collect$$rtentry$$00000004)
    __rt_entry_li                            0x0800023b   Thumb Code     0  __rtentry2.o(.ARM.Collect$$rtentry$$0000000A)
    __rt_entry_postsh_1                      0x0800023b   Thumb Code     0  __rtentry2.o(.ARM.Collect$$rtentry$$00000009)
    __rt_entry_main                          0x0800023f   Thumb Code     0  __rtentry2.o(.ARM.Collect$$rtentry$$0000000D)
    __rt_entry_postli_1                      0x0800023f   Thumb Code     0  __rtentry2.o(.ARM.Collect$$rtentry$$0000000C)
    __rt_exit                                0x08000247   Thumb Code     0  rtexit.o(.ARM.Collect$$rtexit$$00000000)
    __rt_exit_ls                             0x08000249   Thumb Code     0  rtexit2.o(.ARM.Collect$$rtexit$$00000003)
    __rt_exit_prels_1                        0x08000249   Thumb Code     0  rtexit2.o(.ARM.Collect$$rtexit$$00000002)
    __rt_exit_exit                           0x0800024d   Thumb Code     0  rtexit2.o(.ARM.Collect$$rtexit$$00000004)
    Reset_Handler                            0x08000255   Thumb Code     8  startup_stm32f407xx.o(.text)
    NMI_Handler                              0x0800025d   Thumb Code     2  startup_stm32f407xx.o(.text)
    MemManage_Handler                        0x08000261   Thumb Code     2  startup_stm32f407xx.o(.text)
    BusFault_Handler                         0x08000263   Thumb Code     2  startup_stm32f407xx.o(.text)
    UsageFault_Handler                       0x08000265   Thumb Code     2  startup_stm32f407xx.o(.text)
    SVC_Handler                              0x08000267   Thumb Code     2  startup_stm32f407xx.o(.text)
    DebugMon_Handler                         0x08000269   Thumb Code     2  startup_stm32f407xx.o(.text)
    PendSV_Handler                           0x0800026b   Thumb Code     2  startup_stm32f407xx.o(.text)
    ADC_IRQHandler                           0x0800026f   Thumb Code     0  startup_stm32f407xx.o(.text)
    CAN1_RX0_IRQHandler                      0x0800026f   Thumb Code     0  startup_stm32f407xx.o(.text)
    CAN1_RX1_IRQHandler                      0x0800026f   Thumb Code     0  startup_stm32f407xx.o(.text)
    CAN1_SCE_IRQHandler                      0x0800026f   Thumb Code     0  startup_stm32f407xx.o(.text)
    CAN1_TX_IRQHandler                       0x0800026f   Thumb Code     0  startup_stm32f407xx.o(.text)
    CAN2_RX0_IRQHandler                      0x0800026f   Thumb Code     0  startup_stm32f407xx.o(.text)
    CAN2_RX1_IRQHandler                      0x0800026f   Thumb Code     0  startup_stm32f407xx.o(.text)
    CAN2_SCE_IRQHandler                      0x0800026f   Thumb Code     0  startup_stm32f407xx.o(.text)
    CAN2_TX_IRQHandler                       0x0800026f   Thumb Code     0  startup_stm32f407xx.o(.text)
    DMA1_Stream0_IRQHandler                  0x0800026f   Thumb Code     0  startup_stm32f407xx.o(.text)
    DMA1_Stream1_IRQHandler                  0x0800026f   Thumb Code     0  startup_stm32f407xx.o(.text)
    DMA1_Stream2_IRQHandler                  0x0800026f   Thumb Code     0  startup_stm32f407xx.o(.text)
    DMA1_Stream3_IRQHandler                  0x0800026f   Thumb Code     0  startup_stm32f407xx.o(.text)
    DMA1_Stream4_IRQHandler                  0x0800026f   Thumb Code     0  startup_stm32f407xx.o(.text)
    DMA1_Stream5_IRQHandler                  0x0800026f   Thumb Code     0  startup_stm32f407xx.o(.text)
    DMA1_Stream6_IRQHandler                  0x0800026f   Thumb Code     0  startup_stm32f407xx.o(.text)
    DMA1_Stream7_IRQHandler                  0x0800026f   Thumb Code     0  startup_stm32f407xx.o(.text)
    DMA2_Stream0_IRQHandler                  0x0800026f   Thumb Code     0  startup_stm32f407xx.o(.text)
    DMA2_Stream1_IRQHandler                  0x0800026f   Thumb Code     0  startup_stm32f407xx.o(.text)
    DMA2_Stream2_IRQHandler                  0x0800026f   Thumb Code     0  startup_stm32f407xx.o(.text)
    DMA2_Stream4_IRQHandler                  0x0800026f   Thumb Code     0  startup_stm32f407xx.o(.text)
    DMA2_Stream5_IRQHandler                  0x0800026f   Thumb Code     0  startup_stm32f407xx.o(.text)
    DMA2_Stream6_IRQHandler                  0x0800026f   Thumb Code     0  startup_stm32f407xx.o(.text)
    ETH_IRQHandler                           0x0800026f   Thumb Code     0  startup_stm32f407xx.o(.text)
    ETH_WKUP_IRQHandler                      0x0800026f   Thumb Code     0  startup_stm32f407xx.o(.text)
    EXTI0_IRQHandler                         0x0800026f   Thumb Code     0  startup_stm32f407xx.o(.text)
    EXTI15_10_IRQHandler                     0x0800026f   Thumb Code     0  startup_stm32f407xx.o(.text)
    EXTI1_IRQHandler                         0x0800026f   Thumb Code     0  startup_stm32f407xx.o(.text)
    EXTI2_IRQHandler                         0x0800026f   Thumb Code     0  startup_stm32f407xx.o(.text)
    EXTI3_IRQHandler                         0x0800026f   Thumb Code     0  startup_stm32f407xx.o(.text)
    EXTI4_IRQHandler                         0x0800026f   Thumb Code     0  startup_stm32f407xx.o(.text)
    EXTI9_5_IRQHandler                       0x0800026f   Thumb Code     0  startup_stm32f407xx.o(.text)
    FLASH_IRQHandler                         0x0800026f   Thumb Code     0  startup_stm32f407xx.o(.text)
    FMC_IRQHandler                           0x0800026f   Thumb Code     0  startup_stm32f407xx.o(.text)
    FPU_IRQHandler                           0x0800026f   Thumb Code     0  startup_stm32f407xx.o(.text)
    HASH_RNG_IRQHandler                      0x0800026f   Thumb Code     0  startup_stm32f407xx.o(.text)
    I2C1_ER_IRQHandler                       0x0800026f   Thumb Code     0  startup_stm32f407xx.o(.text)
    I2C1_EV_IRQHandler                       0x0800026f   Thumb Code     0  startup_stm32f407xx.o(.text)
    I2C2_ER_IRQHandler                       0x0800026f   Thumb Code     0  startup_stm32f407xx.o(.text)
    I2C2_EV_IRQHandler                       0x0800026f   Thumb Code     0  startup_stm32f407xx.o(.text)
    I2C3_ER_IRQHandler                       0x0800026f   Thumb Code     0  startup_stm32f407xx.o(.text)
    I2C3_EV_IRQHandler                       0x0800026f   Thumb Code     0  startup_stm32f407xx.o(.text)
    OTG_FS_IRQHandler                        0x0800026f   Thumb Code     0  startup_stm32f407xx.o(.text)
    OTG_FS_WKUP_IRQHandler                   0x0800026f   Thumb Code     0  startup_stm32f407xx.o(.text)
    OTG_HS_EP1_IN_IRQHandler                 0x0800026f   Thumb Code     0  startup_stm32f407xx.o(.text)
    OTG_HS_EP1_OUT_IRQHandler                0x0800026f   Thumb Code     0  startup_stm32f407xx.o(.text)
    OTG_HS_IRQHandler                        0x0800026f   Thumb Code     0  startup_stm32f407xx.o(.text)
    OTG_HS_WKUP_IRQHandler                   0x0800026f   Thumb Code     0  startup_stm32f407xx.o(.text)
    PVD_IRQHandler                           0x0800026f   Thumb Code     0  startup_stm32f407xx.o(.text)
    RCC_IRQHandler                           0x0800026f   Thumb Code     0  startup_stm32f407xx.o(.text)
    RTC_Alarm_IRQHandler                     0x0800026f   Thumb Code     0  startup_stm32f407xx.o(.text)
    RTC_WKUP_IRQHandler                      0x0800026f   Thumb Code     0  startup_stm32f407xx.o(.text)
    SDIO_IRQHandler                          0x0800026f   Thumb Code     0  startup_stm32f407xx.o(.text)
    SPI1_IRQHandler                          0x0800026f   Thumb Code     0  startup_stm32f407xx.o(.text)
    SPI2_IRQHandler                          0x0800026f   Thumb Code     0  startup_stm32f407xx.o(.text)
    SPI3_IRQHandler                          0x0800026f   Thumb Code     0  startup_stm32f407xx.o(.text)
    TAMP_STAMP_IRQHandler                    0x0800026f   Thumb Code     0  startup_stm32f407xx.o(.text)
    TIM1_BRK_TIM9_IRQHandler                 0x0800026f   Thumb Code     0  startup_stm32f407xx.o(.text)
    TIM1_CC_IRQHandler                       0x0800026f   Thumb Code     0  startup_stm32f407xx.o(.text)
    TIM1_TRG_COM_TIM11_IRQHandler            0x0800026f   Thumb Code     0  startup_stm32f407xx.o(.text)
    TIM4_IRQHandler                          0x0800026f   Thumb Code     0  startup_stm32f407xx.o(.text)
    TIM5_IRQHandler                          0x0800026f   Thumb Code     0  startup_stm32f407xx.o(.text)
    TIM6_DAC_IRQHandler                      0x0800026f   Thumb Code     0  startup_stm32f407xx.o(.text)
    TIM7_IRQHandler                          0x0800026f   Thumb Code     0  startup_stm32f407xx.o(.text)
    TIM8_BRK_TIM12_IRQHandler                0x0800026f   Thumb Code     0  startup_stm32f407xx.o(.text)
    TIM8_CC_IRQHandler                       0x0800026f   Thumb Code     0  startup_stm32f407xx.o(.text)
    TIM8_TRG_COM_TIM14_IRQHandler            0x0800026f   Thumb Code     0  startup_stm32f407xx.o(.text)
    TIM8_UP_TIM13_IRQHandler                 0x0800026f   Thumb Code     0  startup_stm32f407xx.o(.text)
    UART4_IRQHandler                         0x0800026f   Thumb Code     0  startup_stm32f407xx.o(.text)
    UART5_IRQHandler                         0x0800026f   Thumb Code     0  startup_stm32f407xx.o(.text)
    USART3_IRQHandler                        0x0800026f   Thumb Code     0  startup_stm32f407xx.o(.text)
    USART6_IRQHandler                        0x0800026f   Thumb Code     0  startup_stm32f407xx.o(.text)
    WWDG_IRQHandler                          0x0800026f   Thumb Code     0  startup_stm32f407xx.o(.text)
    __user_initial_stackheap                 0x08000271   Thumb Code     0  startup_stm32f407xx.o(.text)
    __aeabi_memclr4                          0x08000295   Thumb Code     0  rt_memclr_w.o(.text)
    __aeabi_memclr8                          0x08000295   Thumb Code     0  rt_memclr_w.o(.text)
    __rt_memclr_w                            0x08000295   Thumb Code     0  rt_memclr_w.o(.text)
    _memset_w                                0x08000299   Thumb Code    74  rt_memclr_w.o(.text)
    __use_two_region_memory                  0x080002e3   Thumb Code     2  heapauxi.o(.text)
    __rt_heap_escrow$2region                 0x080002e5   Thumb Code     2  heapauxi.o(.text)
    __rt_heap_expand$2region                 0x080002e7   Thumb Code     2  heapauxi.o(.text)
    __read_errno                             0x080002e9   Thumb Code    10  _rserrno.o(.text)
    __set_errno                              0x080002f3   Thumb Code    12  _rserrno.o(.text)
    __aeabi_errno_addr                       0x08000301   Thumb Code     8  rt_errno_addr_intlibspace.o(.text)
    __errno$intlibspace                      0x08000301   Thumb Code     0  rt_errno_addr_intlibspace.o(.text)
    __rt_errno_addr$intlibspace              0x08000301   Thumb Code     0  rt_errno_addr_intlibspace.o(.text)
    __user_libspace                          0x08000309   Thumb Code     8  libspace.o(.text)
    __user_perproc_libspace                  0x08000309   Thumb Code     0  libspace.o(.text)
    __user_perthread_libspace                0x08000309   Thumb Code     0  libspace.o(.text)
    __user_setup_stackheap                   0x08000311   Thumb Code    74  sys_stackheap_outer.o(.text)
    exit                                     0x0800035b   Thumb Code    18  exit.o(.text)
    _sys_exit                                0x0800036d   Thumb Code     8  sys_exit.o(.text)
    __I$use$semihosting                      0x08000379   Thumb Code     0  use_no_semi.o(.text)
    __use_no_semihosting_swi                 0x08000379   Thumb Code     2  use_no_semi.o(.text)
    __semihosting_library_function           0x0800037b   Thumb Code     0  indicate_semi.o(.text)
    DCMI_Configure                           0x0800037d   Thumb Code   116  main.o(.text.DCMI_Configure)
    DCMI_IRQHandler                          0x080003f1   Thumb Code   110  interrupt_handlers.o(.text.DCMI_IRQHandler)
    DMA2_Stream3_IRQHandler                  0x08000461   Thumb Code   124  interrupt_handlers.o(.text.DMA2_Stream3_IRQHandler)
    DMA2_Stream7_IRQHandler                  0x080004dd   Thumb Code   142  interrupt_handlers.o(.text.DMA2_Stream7_IRQHandler)
    DMA_Configure                            0x0800056d   Thumb Code   202  main.o(.text.DMA_Configure)
    DMA_DCMI_Start                           0x08000639   Thumb Code    42  dma.o(.text.DMA_DCMI_Start)
    DMA_Init                                 0x08000665   Thumb Code   988  dma.o(.text.DMA_Init)
    DMA_SPI_Start                            0x08000a41   Thumb Code    60  dma.o(.text.DMA_SPI_Start)
    GPIO_Configure                           0x08000a7d   Thumb Code   826  main.o(.text.GPIO_Configure)
    GPIO_Init                                0x08000db9   Thumb Code   620  gpio.o(.text.GPIO_Init)
    GPIO_Pin_High                            0x08001025   Thumb Code    20  gpio.o(.text.GPIO_Pin_High)
    GPIO_Pin_Low                             0x08001039   Thumb Code    22  gpio.o(.text.GPIO_Pin_Low)
    HardFault_Handler                        0x08001051   Thumb Code     4  interrupt_handlers.o(.text.HardFault_Handler)
    I2C_Configure                            0x08001055   Thumb Code    34  main.o(.text.I2C_Configure)
    I2C_Init                                 0x08001079   Thumb Code   214  i2c.o(.text.I2C_Init)
    I2C_ReadData                             0x08001151   Thumb Code   410  i2c.o(.text.I2C_ReadData)
    I2C_WriteData                            0x080012ed   Thumb Code   252  i2c.o(.text.I2C_WriteData)
    RCC_Configure                            0x080013e9   Thumb Code    88  main.o(.text.RCC_Configure)
    SPI_Configure                            0x08001441   Thumb Code    34  main.o(.text.SPI_Configure)
    SPI_Init                                 0x08001465   Thumb Code   402  spi.o(.text.SPI_Init)
    SPI_Transmit                             0x080015f9   Thumb Code   146  spi.o(.text.SPI_Transmit)
    SysTick_Handler                          0x080016e1   Thumb Code    16  interrupt_handlers.o(.text.SysTick_Handler)
    SystemCoreClockConfigure                 0x080016f1   Thumb Code  1310  rcc.o(.text.SystemCoreClockConfigure)
    SystemCoreClockUpdate                    0x08001c11   Thumb Code   302  system_stm32f4xx.o(.text.SystemCoreClockUpdate)
    SystemInit                               0x08001d41   Thumb Code    18  system_stm32f4xx.o(.text.SystemInit)
    System_Configure                         0x08001d55   Thumb Code    28  main.o(.text.System_Configure)
    TIM1_UP_TIM10_IRQHandler                 0x08001d71   Thumb Code    94  interrupt_handlers.o(.text.TIM1_UP_TIM10_IRQHandler)
    TIM2_IRQHandler                          0x08001dd1   Thumb Code     2  interrupt_handlers.o(.text.TIM2_IRQHandler)
    TIM3_IRQHandler                          0x08001dd5   Thumb Code     2  interrupt_handlers.o(.text.TIM3_IRQHandler)
    USART1_IRQHandler                        0x08001dd9   Thumb Code     2  interrupt_handlers.o(.text.USART1_IRQHandler)
    USART2_IRQHandler                        0x08001ddd   Thumb Code     2  interrupt_handlers.o(.text.USART2_IRQHandler)
    apply_sobel                              0x08001ec1   Thumb Code   328  image_convertion.o(.text.apply_sobel)
    camera_config                            0x08002009   Thumb Code   274  ov7670.o(.text.camera_config)
    delay_ms                                 0x0800211d   Thumb Code    46  rcc.o(.text.delay_ms)
    lcd_init_command_list                    0x0800214d   Thumb Code   564  ili9488.o(.text.lcd_init_command_list)
    lcd_init_spi                             0x08002381   Thumb Code    88  ili9488.o(.text.lcd_init_spi)
    lcd_write_command                        0x080023d9   Thumb Code    58  ili9488.o(.text.lcd_write_command)
    lcd_write_data                           0x08002415   Thumb Code    58  ili9488.o(.text.lcd_write_data)
    main                                     0x08002451   Thumb Code   930  main.o(.text.main)
    rgb_to_grayscale                         0x08002869   Thumb Code   178  image_convertion.o(.text.rgb_to_grayscale)
    set_draw_window                          0x0800291d   Thumb Code   138  ili9488.o(.text.set_draw_window)
    spi_write                                0x080029a9   Thumb Code    30  ili9488.o(.text.spi_write)
    swap_int                                 0x080029c9   Thumb Code    30  ili9488.o(.text.swap_int)
    __hardfp_sqrt                            0x080029e7   Thumb Code   122  sqrt.o(i.__hardfp_sqrt)
    __aeabi_d2iz                             0x08002a61   Thumb Code     0  dfix.o(x$fpl$dfix)
    _dfix                                    0x08002a61   Thumb Code    94  dfix.o(x$fpl$dfix)
    __aeabi_i2d                              0x08002abf   Thumb Code     0  dflt_clz.o(x$fpl$dflt)
    _dflt                                    0x08002abf   Thumb Code    46  dflt_clz.o(x$fpl$dflt)
    __fpl_dnaninf                            0x08002aed   Thumb Code   156  dnaninf.o(x$fpl$dnaninf)
    _dsqrt                                   0x08002b89   Thumb Code   404  dsqrt_umaal.o(x$fpl$dsqrt)
    _fp_init                                 0x08002d21   Thumb Code    26  fpinit.o(x$fpl$fpinit)
    __fplib_config_fpu_vfp                   0x08002d39   Thumb Code     0  fpinit.o(x$fpl$fpinit)
    __fplib_config_pureend_doubles           0x08002d39   Thumb Code     0  fpinit.o(x$fpl$fpinit)
    AHBPrescTable                            0x08002d3a   Data          16  system_stm32f4xx.o(.rodata.AHBPrescTable)
    __I$use$fp                               0x08002d3a   Number         0  usenofp.o(x$fpl$usenofp)
    OV7670_reg                               0x08002d4a   Data         242  ov7670.o(.rodata.OV7670_reg)
    Region$$Table$$Base                      0x08002e3c   Number         0  anon$$obj.o(Region$$Table)
    Region$$Table$$Limit                     0x08002e5c   Number         0  anon$$obj.o(Region$$Table)
    SystemCoreClock                          0x20000000   Data           4  system_stm32f4xx.o(.data.SystemCoreClock)
    __libspace_start                         0x20000008   Data          96  libspace.o(.bss)
    DCMI_DMA                                 0x20000068   Data          32  main.o(.bss.DCMI_DMA)
    __temporary_stack_top$libspace           0x20000068   Data           0  libspace.o(.bss)
    Data                                     0x20000088   Data       76800  main.o(.bss.Data)
    I2C_Camera                               0x20012c88   Data           8  main.o(.bss.I2C_Camera)
    SPI_DMA                                  0x20012c90   Data          32  main.o(.bss.SPI_DMA)
    SPI_ILI9488                              0x20012cb0   Data          20  main.o(.bss.SPI_ILI9488)
    data_ready                               0x20012cc4   Data           1  main.o(.bss.data_ready)
    dcmi_started                             0x20012cc5   Data           1  main.o(.bss.dcmi_started)
    dir_flag                                 0x20012cc6   Data           1  main.o(.bss.dir_flag)
    grayscale_image                          0x20012cc7   Data       38500  main.o(.bss.grayscale_image)
    msTicks                                  0x2001c32c   Data           4  rcc.o(.bss.msTicks)
    ov_init_status                           0x2001c330   Data           4  main.o(.bss.ov_init_status)
    pwm_counter                              0x2001c334   Data           1  interrupt_handlers.o(.bss.pwm_counter)
    sobel_max_current                        0x2001c338   Data           4  main.o(.bss.sobel_max_current)
    sobel_output_current                     0x2001c33c   Data           4  main.o(.bss.sobel_output_current)
    sobel_output_previous                    0x2001c340   Data           4  main.o(.bss.sobel_output_previous)
    sobel_output_previous_previous           0x2001c344   Data           4  main.o(.bss.sobel_output_previous_previous)
    sobel_processing                         0x2001c348   Data           1  main.o(.bss.sobel_processing)
    step                                     0x2001c349   Data           1  main.o(.bss.step)



==============================================================================

Memory Map of the image

  Image Entry point : 0x08000255

  Load Region LR_1 (Base: 0x08000000, Size: 0x00002e60, Max: 0xffffffff, ABSOLUTE)

    Execution Region ER_RO (Exec base: 0x08000000, Load base: 0x08000000, Size: 0x00002e5c, Max: 0xffffffff, ABSOLUTE)

    Exec Addr    Load Addr    Size         Type   Attr      Idx    E Section Name        Object

    0x08000000   0x08000000   0x00000188   Data   RO          294    RESET               startup_stm32f407xx.o
    0x08000188   0x08000188   0x00000008   Code   RO          321  * !!!main             c_w.l(__main.o)
    0x08000190   0x08000190   0x0000005c   Code   RO          528    !!!scatter          c_w.l(__scatter.o)
    0x080001ec   0x080001ec   0x0000001a   Code   RO          532    !!handler_copy      c_w.l(__scatter_copy.o)
    0x08000206   0x08000206   0x00000002   PAD
    0x08000208   0x08000208   0x00000002   Code   RO          529    !!handler_null      c_w.l(__scatter.o)
    0x0800020a   0x0800020a   0x00000002   PAD
    0x0800020c   0x0800020c   0x0000001c   Code   RO          534    !!handler_zi        c_w.l(__scatter_zi.o)
    0x08000228   0x08000228   0x00000002   Code   RO          393    .ARM.Collect$$libinit$$00000000  c_w.l(libinit.o)
    0x0800022a   0x0800022a   0x00000004   Code   RO          396    .ARM.Collect$$libinit$$00000001  c_w.l(libinit2.o)
    0x0800022e   0x0800022e   0x00000000   Code   RO          399    .ARM.Collect$$libinit$$00000004  c_w.l(libinit2.o)
    0x0800022e   0x0800022e   0x00000000   Code   RO          401    .ARM.Collect$$libinit$$00000006  c_w.l(libinit2.o)
    0x0800022e   0x0800022e   0x00000000   Code   RO          404    .ARM.Collect$$libinit$$0000000C  c_w.l(libinit2.o)
    0x0800022e   0x0800022e   0x00000000   Code   RO          406    .ARM.Collect$$libinit$$0000000E  c_w.l(libinit2.o)
    0x0800022e   0x0800022e   0x00000000   Code   RO          408    .ARM.Collect$$libinit$$00000010  c_w.l(libinit2.o)
    0x0800022e   0x0800022e   0x00000000   Code   RO          411    .ARM.Collect$$libinit$$00000013  c_w.l(libinit2.o)
    0x0800022e   0x0800022e   0x00000000   Code   RO          413    .ARM.Collect$$libinit$$00000015  c_w.l(libinit2.o)
    0x0800022e   0x0800022e   0x00000000   Code   RO          415    .ARM.Collect$$libinit$$00000017  c_w.l(libinit2.o)
    0x0800022e   0x0800022e   0x00000000   Code   RO          417    .ARM.Collect$$libinit$$00000019  c_w.l(libinit2.o)
    0x0800022e   0x0800022e   0x00000000   Code   RO          419    .ARM.Collect$$libinit$$0000001B  c_w.l(libinit2.o)
    0x0800022e   0x0800022e   0x00000000   Code   RO          421    .ARM.Collect$$libinit$$0000001D  c_w.l(libinit2.o)
    0x0800022e   0x0800022e   0x00000000   Code   RO          423    .ARM.Collect$$libinit$$0000001F  c_w.l(libinit2.o)
    0x0800022e   0x0800022e   0x00000000   Code   RO          425    .ARM.Collect$$libinit$$00000021  c_w.l(libinit2.o)
    0x0800022e   0x0800022e   0x00000000   Code   RO          427    .ARM.Collect$$libinit$$00000023  c_w.l(libinit2.o)
    0x0800022e   0x0800022e   0x00000000   Code   RO          429    .ARM.Collect$$libinit$$00000025  c_w.l(libinit2.o)
    0x0800022e   0x0800022e   0x00000000   Code   RO          431    .ARM.Collect$$libinit$$00000027  c_w.l(libinit2.o)
    0x0800022e   0x0800022e   0x00000000   Code   RO          435    .ARM.Collect$$libinit$$0000002E  c_w.l(libinit2.o)
    0x0800022e   0x0800022e   0x00000000   Code   RO          437    .ARM.Collect$$libinit$$00000030  c_w.l(libinit2.o)
    0x0800022e   0x0800022e   0x00000000   Code   RO          439    .ARM.Collect$$libinit$$00000032  c_w.l(libinit2.o)
    0x0800022e   0x0800022e   0x00000000   Code   RO          441    .ARM.Collect$$libinit$$00000034  c_w.l(libinit2.o)
    0x0800022e   0x0800022e   0x00000002   Code   RO          442    .ARM.Collect$$libinit$$00000035  c_w.l(libinit2.o)
    0x08000230   0x08000230   0x00000002   Code   RO          464    .ARM.Collect$$libshutdown$$00000000  c_w.l(libshutdown.o)
    0x08000232   0x08000232   0x00000000   Code   RO          479    .ARM.Collect$$libshutdown$$00000002  c_w.l(libshutdown2.o)
    0x08000232   0x08000232   0x00000000   Code   RO          481    .ARM.Collect$$libshutdown$$00000004  c_w.l(libshutdown2.o)
    0x08000232   0x08000232   0x00000000   Code   RO          484    .ARM.Collect$$libshutdown$$00000007  c_w.l(libshutdown2.o)
    0x08000232   0x08000232   0x00000000   Code   RO          487    .ARM.Collect$$libshutdown$$0000000A  c_w.l(libshutdown2.o)
    0x08000232   0x08000232   0x00000000   Code   RO          489    .ARM.Collect$$libshutdown$$0000000C  c_w.l(libshutdown2.o)
    0x08000232   0x08000232   0x00000000   Code   RO          492    .ARM.Collect$$libshutdown$$0000000F  c_w.l(libshutdown2.o)
    0x08000232   0x08000232   0x00000002   Code   RO          493    .ARM.Collect$$libshutdown$$00000010  c_w.l(libshutdown2.o)
    0x08000234   0x08000234   0x00000000   Code   RO          351    .ARM.Collect$$rtentry$$00000000  c_w.l(__rtentry.o)
    0x08000234   0x08000234   0x00000000   Code   RO          362    .ARM.Collect$$rtentry$$00000002  c_w.l(__rtentry2.o)
    0x08000234   0x08000234   0x00000006   Code   RO          374    .ARM.Collect$$rtentry$$00000004  c_w.l(__rtentry4.o)
    0x0800023a   0x0800023a   0x00000000   Code   RO          364    .ARM.Collect$$rtentry$$00000009  c_w.l(__rtentry2.o)
    0x0800023a   0x0800023a   0x00000004   Code   RO          365    .ARM.Collect$$rtentry$$0000000A  c_w.l(__rtentry2.o)
    0x0800023e   0x0800023e   0x00000000   Code   RO          367    .ARM.Collect$$rtentry$$0000000C  c_w.l(__rtentry2.o)
    0x0800023e   0x0800023e   0x00000008   Code   RO          368    .ARM.Collect$$rtentry$$0000000D  c_w.l(__rtentry2.o)
    0x08000246   0x08000246   0x00000002   Code   RO          394    .ARM.Collect$$rtexit$$00000000  c_w.l(rtexit.o)
    0x08000248   0x08000248   0x00000000   Code   RO          444    .ARM.Collect$$rtexit$$00000002  c_w.l(rtexit2.o)
    0x08000248   0x08000248   0x00000004   Code   RO          445    .ARM.Collect$$rtexit$$00000003  c_w.l(rtexit2.o)
    0x0800024c   0x0800024c   0x00000006   Code   RO          446    .ARM.Collect$$rtexit$$00000004  c_w.l(rtexit2.o)
    0x08000252   0x08000252   0x00000002   PAD
    0x08000254   0x08000254   0x00000040   Code   RO          295  * .text               startup_stm32f407xx.o
    0x08000294   0x08000294   0x0000004e   Code   RO          317    .text               c_w.l(rt_memclr_w.o)
    0x080002e2   0x080002e2   0x00000006   Code   RO          319    .text               c_w.l(heapauxi.o)
    0x080002e8   0x080002e8   0x00000016   Code   RO          352    .text               c_w.l(_rserrno.o)
    0x080002fe   0x080002fe   0x00000002   PAD
    0x08000300   0x08000300   0x00000008   Code   RO          379    .text               c_w.l(rt_errno_addr_intlibspace.o)
    0x08000308   0x08000308   0x00000008   Code   RO          381    .text               c_w.l(libspace.o)
    0x08000310   0x08000310   0x0000004a   Code   RO          384    .text               c_w.l(sys_stackheap_outer.o)
    0x0800035a   0x0800035a   0x00000012   Code   RO          386    .text               c_w.l(exit.o)
    0x0800036c   0x0800036c   0x0000000c   Code   RO          454    .text               c_w.l(sys_exit.o)
    0x08000378   0x08000378   0x00000002   Code   RO          469    .text               c_w.l(use_no_semi.o)
    0x0800037a   0x0800037a   0x00000000   Code   RO          471    .text               c_w.l(indicate_semi.o)
    0x0800037a   0x0800037a   0x00000002   PAD
    0x0800037c   0x0800037c   0x00000074   Code   RO           18    .text.DCMI_Configure  main.o
    0x080003f0   0x080003f0   0x0000006e   Code   RO          189    .text.DCMI_IRQHandler  interrupt_handlers.o
    0x0800045e   0x0800045e   0x00000002   PAD
    0x08000460   0x08000460   0x0000007c   Code   RO          193    .text.DMA2_Stream3_IRQHandler  interrupt_handlers.o
    0x080004dc   0x080004dc   0x0000008e   Code   RO          191    .text.DMA2_Stream7_IRQHandler  interrupt_handlers.o
    0x0800056a   0x0800056a   0x00000002   PAD
    0x0800056c   0x0800056c   0x000000ca   Code   RO           20    .text.DMA_Configure  main.o
    0x08000636   0x08000636   0x00000002   PAD
    0x08000638   0x08000638   0x0000002a   Code   RO           56    .text.DMA_DCMI_Start  dma.o
    0x08000662   0x08000662   0x00000002   PAD
    0x08000664   0x08000664   0x000003dc   Code   RO           52    .text.DMA_Init      dma.o
    0x08000a40   0x08000a40   0x0000003c   Code   RO           54    .text.DMA_SPI_Start  dma.o
    0x08000a7c   0x08000a7c   0x0000033a   Code   RO           12    .text.GPIO_Configure  main.o
    0x08000db6   0x08000db6   0x00000002   PAD
    0x08000db8   0x08000db8   0x0000026c   Code   RO           94    .text.GPIO_Init     gpio.o
    0x08001024   0x08001024   0x00000014   Code   RO           96    .text.GPIO_Pin_High  gpio.o
    0x08001038   0x08001038   0x00000016   Code   RO           98    .text.GPIO_Pin_Low  gpio.o
    0x0800104e   0x0800104e   0x00000002   PAD
    0x08001050   0x08001050   0x00000004   Code   RO          203    .text.HardFault_Handler  interrupt_handlers.o
    0x08001054   0x08001054   0x00000022   Code   RO           16    .text.I2C_Configure  main.o
    0x08001076   0x08001076   0x00000002   PAD
    0x08001078   0x08001078   0x000000d6   Code   RO          109    .text.I2C_Init      i2c.o
    0x0800114e   0x0800114e   0x00000002   PAD
    0x08001150   0x08001150   0x0000019a   Code   RO          113    .text.I2C_ReadData  i2c.o
    0x080012ea   0x080012ea   0x00000002   PAD
    0x080012ec   0x080012ec   0x000000fc   Code   RO          111    .text.I2C_WriteData  i2c.o
    0x080013e8   0x080013e8   0x00000058   Code   RO           10    .text.RCC_Configure  main.o
    0x08001440   0x08001440   0x00000022   Code   RO           14    .text.SPI_Configure  main.o
    0x08001462   0x08001462   0x00000002   PAD
    0x08001464   0x08001464   0x00000192   Code   RO          140    .text.SPI_Init      spi.o
    0x080015f6   0x080015f6   0x00000002   PAD
    0x080015f8   0x080015f8   0x00000092   Code   RO          142    .text.SPI_Transmit  spi.o
    0x0800168a   0x0800168a   0x00000002   PAD
    0x0800168c   0x0800168c   0x00000052   Code   RO          128    .text.SysTick_Config  rcc.o
    0x080016de   0x080016de   0x00000002   PAD
    0x080016e0   0x080016e0   0x00000010   Code   RO          185    .text.SysTick_Handler  interrupt_handlers.o
    0x080016f0   0x080016f0   0x0000051e   Code   RO          126    .text.SystemCoreClockConfigure  rcc.o
    0x08001c0e   0x08001c0e   0x00000002   PAD
    0x08001c10   0x08001c10   0x0000012e   Code   RO          304    .text.SystemCoreClockUpdate  system_stm32f4xx.o
    0x08001d3e   0x08001d3e   0x00000002   PAD
    0x08001d40   0x08001d40   0x00000012   Code   RO          302    .text.SystemInit    system_stm32f4xx.o
    0x08001d52   0x08001d52   0x00000002   PAD
    0x08001d54   0x08001d54   0x0000001c   Code   RO            4    .text.System_Configure  main.o
    0x08001d70   0x08001d70   0x0000005e   Code   RO          187    .text.TIM1_UP_TIM10_IRQHandler  interrupt_handlers.o
    0x08001dce   0x08001dce   0x00000002   PAD
    0x08001dd0   0x08001dd0   0x00000002   Code   RO          197    .text.TIM2_IRQHandler  interrupt_handlers.o
    0x08001dd2   0x08001dd2   0x00000002   PAD
    0x08001dd4   0x08001dd4   0x00000002   Code   RO          201    .text.TIM3_IRQHandler  interrupt_handlers.o
    0x08001dd6   0x08001dd6   0x00000002   PAD
    0x08001dd8   0x08001dd8   0x00000002   Code   RO          195    .text.USART1_IRQHandler  interrupt_handlers.o
    0x08001dda   0x08001dda   0x00000002   PAD
    0x08001ddc   0x08001ddc   0x00000002   Code   RO          199    .text.USART2_IRQHandler  interrupt_handlers.o
    0x08001dde   0x08001dde   0x00000002   PAD
    0x08001de0   0x08001de0   0x00000030   Code   RO            8    .text.__NVIC_EnableIRQ  main.o
    0x08001e10   0x08001e10   0x00000042   Code   RO            6    .text.__NVIC_SetPriority  main.o
    0x08001e52   0x08001e52   0x00000002   PAD
    0x08001e54   0x08001e54   0x00000042   Code   RO          130    .text.__NVIC_SetPriority  rcc.o
    0x08001e96   0x08001e96   0x00000002   PAD
    0x08001e98   0x08001e98   0x00000026   Code   RO          205    .text.__NVIC_SystemReset  interrupt_handlers.o
    0x08001ebe   0x08001ebe   0x00000002   PAD
    0x08001ec0   0x08001ec0   0x00000148   Code   RO          284    .text.apply_sobel   image_convertion.o
    0x08002008   0x08002008   0x00000112   Code   RO          270    .text.camera_config  ov7670.o
    0x0800211a   0x0800211a   0x00000002   PAD
    0x0800211c   0x0800211c   0x0000002e   Code   RO          122    .text.delay_ms      rcc.o
    0x0800214a   0x0800214a   0x00000002   PAD
    0x0800214c   0x0800214c   0x00000234   Code   RO          243    .text.lcd_init_command_list  ili9488.o
    0x08002380   0x08002380   0x00000058   Code   RO          245    .text.lcd_init_spi  ili9488.o
    0x080023d8   0x080023d8   0x0000003a   Code   RO          231    .text.lcd_write_command  ili9488.o
    0x08002412   0x08002412   0x00000002   PAD
    0x08002414   0x08002414   0x0000003a   Code   RO          227    .text.lcd_write_data  ili9488.o
    0x0800244e   0x0800244e   0x00000002   PAD
    0x08002450   0x08002450   0x000003a2   Code   RO            2    .text.main          main.o
    0x080027f2   0x080027f2   0x00000002   PAD
    0x080027f4   0x080027f4   0x00000072   Code   RO          282    .text.rgb565_to_rgb  image_convertion.o
    0x08002866   0x08002866   0x00000002   PAD
    0x08002868   0x08002868   0x000000b2   Code   RO          280    .text.rgb_to_grayscale  image_convertion.o
    0x0800291a   0x0800291a   0x00000002   PAD
    0x0800291c   0x0800291c   0x0000008a   Code   RO          247    .text.set_draw_window  ili9488.o
    0x080029a6   0x080029a6   0x00000002   PAD
    0x080029a8   0x080029a8   0x0000001e   Code   RO          221    .text.spi_write     ili9488.o
    0x080029c6   0x080029c6   0x00000002   PAD
    0x080029c8   0x080029c8   0x0000001e   Code   RO          237    .text.swap_int      ili9488.o
    0x080029e6   0x080029e6   0x0000007a   Code   RO          345    i.__hardfp_sqrt     m_wm.l(sqrt.o)
    0x08002a60   0x08002a60   0x0000005e   Code   RO          333    x$fpl$dfix          fz_wm.l(dfix.o)
    0x08002abe   0x08002abe   0x0000002e   Code   RO          338    x$fpl$dflt          fz_wm.l(dflt_clz.o)
    0x08002aec   0x08002aec   0x0000009c   Code   RO          354    x$fpl$dnaninf       fz_wm.l(dnaninf.o)
    0x08002b88   0x08002b88   0x00000198   Code   RO          358    x$fpl$dsqrt         fz_wm.l(dsqrt_umaal.o)
    0x08002d20   0x08002d20   0x0000001a   Code   RO          452    x$fpl$fpinit        fz_wm.l(fpinit.o)
    0x08002d3a   0x08002d3a   0x00000000   Code   RO          360    x$fpl$usenofp       fz_wm.l(usenofp.o)
    0x08002d3a   0x08002d3a   0x00000010   Data   RO          307    .rodata.AHBPrescTable  system_stm32f4xx.o
    0x08002d4a   0x08002d4a   0x000000f2   Data   RO          272    .rodata.OV7670_reg  ov7670.o
    0x08002e3c   0x08002e3c   0x00000020   Data   RO          527    Region$$Table       anon$$obj.o


    Execution Region ER_RW (Exec base: 0x20000000, Load base: 0x08002e5c, Size: 0x00000004, Max: 0xffffffff, ABSOLUTE)

    Exec Addr    Load Addr    Size         Type   Attr      Idx    E Section Name        Object

    0x20000000   0x08002e5c   0x00000004   Data   RW          306    .data.SystemCoreClock  system_stm32f4xx.o


    Execution Region ER_ZI (Exec base: 0x20000008, Load base: 0x08002e60, Size: 0x0001c948, Max: 0xffffffff, ABSOLUTE)

    Exec Addr    Load Addr    Size         Type   Attr      Idx    E Section Name        Object

    0x20000008        -       0x00000060   Zero   RW          382    .bss                c_w.l(libspace.o)
    0x20000068        -       0x00000020   Zero   RW           34    .bss.DCMI_DMA       main.o
    0x20000088        -       0x00012c00   Zero   RW           35    .bss.Data           main.o
    0x20012c88        -       0x00000008   Zero   RW           41    .bss.I2C_Camera     main.o
    0x20012c90        -       0x00000020   Zero   RW           42    .bss.SPI_DMA        main.o
    0x20012cb0        -       0x00000014   Zero   RW           33    .bss.SPI_ILI9488    main.o
    0x20012cc4        -       0x00000001   Zero   RW           25    .bss.data_ready     main.o
    0x20012cc5        -       0x00000001   Zero   RW           28    .bss.dcmi_started   main.o
    0x20012cc6        -       0x00000001   Zero   RW           30    .bss.dir_flag       main.o
    0x20012cc7        -       0x00009664   Zero   RW           36    .bss.grayscale_image  main.o
    0x2001c32b   0x08002e60   0x00000001   PAD
    0x2001c32c        -       0x00000004   Zero   RW          132    .bss.msTicks        rcc.o
    0x2001c330        -       0x00000004   Zero   RW           24    .bss.ov_init_status  main.o
    0x2001c334        -       0x00000001   Zero   RW          212    .bss.pwm_counter    interrupt_handlers.o
    0x2001c335   0x08002e60   0x00000003   PAD
    0x2001c338        -       0x00000004   Zero   RW           40    .bss.sobel_max_current  main.o
    0x2001c33c        -       0x00000004   Zero   RW           39    .bss.sobel_output_current  main.o
    0x2001c340        -       0x00000004   Zero   RW           37    .bss.sobel_output_previous  main.o
    0x2001c344        -       0x00000004   Zero   RW           38    .bss.sobel_output_previous_previous  main.o
    0x2001c348        -       0x00000001   Zero   RW           27    .bss.sobel_processing  main.o
    0x2001c349        -       0x00000001   Zero   RW           29    .bss.step           main.o
    0x2001c34a   0x08002e60   0x00000006   PAD
    0x2001c350        -       0x00000200   Zero   RW          293    HEAP                startup_stm32f407xx.o
    0x2001c550        -       0x00000400   Zero   RW          292    STACK               startup_stm32f407xx.o


==============================================================================

Image component sizes


      Code (inc. data)   RO Data    RW Data    ZI Data      Debug   Object Name

      1090          0          0          0          0       4268   dma.o
       662          4          0          0          0       3035   gpio.o
       876          0          0          0          0       3227   i2c.o
       966          0          0          0          0       4720   ili9488.o
       620          0          0          0          0       2024   image_convertion.o
       536          0          0          0          1       3819   interrupt_handlers.o
      2372          0          0          0     115417       9892   main.o
       274          0        242          0          0       1710   ov7670.o
      1504          0          0          0          4       7342   rcc.o
       548          0          0          0          0       2913   spi.o
        64         26        392          0       1536        900   startup_stm32f407xx.o
       320          0         16          4          0       2771   system_stm32f4xx.o

    ----------------------------------------------------------------------
      9898         30        682          4     116968      46621   Object Totals
         0          0         32          0          0          0   (incl. Generated)
        66          0          0          0         10          0   (incl. Padding)

    ----------------------------------------------------------------------

      Code (inc. data)   RO Data    RW Data    ZI Data      Debug   Library Member Name

         8          0          0          0          0         68   __main.o
         0          0          0          0          0          0   __rtentry.o
        12          0          0          0          0          0   __rtentry2.o
         6          0          0          0          0          0   __rtentry4.o
        94          8          0          0          0          0   __scatter.o
        26          0          0          0          0          0   __scatter_copy.o
        28          0          0          0          0          0   __scatter_zi.o
        22          0          0          0          0        100   _rserrno.o
        18          0          0          0          0         80   exit.o
         6          0          0          0          0        152   heapauxi.o
         0          0          0          0          0          0   indicate_semi.o
         2          0          0          0          0          0   libinit.o
         6          0          0          0          0          0   libinit2.o
         2          0          0          0          0          0   libshutdown.o
         2          0          0          0          0          0   libshutdown2.o
         8          4          0          0         96         68   libspace.o
         8          4          0          0          0         68   rt_errno_addr_intlibspace.o
        78          0          0          0          0         80   rt_memclr_w.o
         2          0          0          0          0          0   rtexit.o
        10          0          0          0          0          0   rtexit2.o
        12          4          0          0          0         68   sys_exit.o
        74          0          0          0          0         80   sys_stackheap_outer.o
         2          0          0          0          0         68   use_no_semi.o
        94          4          0          0          0        140   dfix.o
        46          0          0          0          0        116   dflt_clz.o
       156          4          0          0          0        140   dnaninf.o
       408         56          0          0          0        168   dsqrt_umaal.o
        26          0          0          0          0        116   fpinit.o
         0          0          0          0          0          0   usenofp.o
       122          0          0          0          0        148   sqrt.o

    ----------------------------------------------------------------------
      1288         84          0          0         96       1660   Library Totals
        10          0          0          0          0          0   (incl. Padding)

    ----------------------------------------------------------------------

      Code (inc. data)   RO Data    RW Data    ZI Data      Debug   Library Name

       426         20          0          0         96        832   c_w.l
       730         64          0          0          0        680   fz_wm.l
       122          0          0          0          0        148   m_wm.l

    ----------------------------------------------------------------------
      1288         84          0          0         96       1660   Library Totals

    ----------------------------------------------------------------------

==============================================================================


      Code (inc. data)   RO Data    RW Data    ZI Data      Debug   

     11186        114        682          4     117064      47437   Grand Totals
     11186        114        682          4     117064      47437   ELF Image Totals
     11186        114        682          4          0          0   ROM Totals

==============================================================================

    Total RO  Size (Code + RO Data)                11868 (  11.59kB)
    Total RW  Size (RW Data + ZI Data)            117068 ( 114.32kB)
    Total ROM Size (Code + RO Data + RW Data)      11872 (  11.59kB)

==============================================================================

