Component: Arm Compiler for Embedded 6.24 Tool: armlink [5f371500]

==============================================================================

Section Cross References

    dma.o(.text.DMA_Init) refers to dma.o(.text.__NVIC_SetPriority) for __NVIC_SetPriority
    dma.o(.text.DMA_Init) refers to dma.o(.text.__NVIC_EnableIRQ) for __NVIC_EnableIRQ
    dma.o(.ARM.exidx.text.DMA_Init) refers to dma.o(.text.DMA_Init) for [Anonymous Symbol]
    dma.o(.ARM.exidx.text.__NVIC_SetPriority) refers to dma.o(.text.__NVIC_SetPriority) for [Anonymous Symbol]
    dma.o(.ARM.exidx.text.__NVIC_EnableIRQ) refers to dma.o(.text.__NVIC_EnableIRQ) for [Anonymous Symbol]
    dma.o(.ARM.exidx.text.DMA_SPI_Start) refers to dma.o(.text.DMA_SPI_Start) for [Anonymous Symbol]
    dma.o(.ARM.exidx.text.DMA_USART_Start) refers to dma.o(.text.DMA_USART_Start) for [Anonymous Symbol]
    dma.o(.ARM.exidx.text.DMA_USART_TransferCompletedWait) refers to dma.o(.text.DMA_USART_TransferCompletedWait) for [Anonymous Symbol]
    flash.o(.ARM.exidx.text.Flash_Unlock) refers to flash.o(.text.Flash_Unlock) for [Anonymous Symbol]
    flash.o(.ARM.exidx.text.Flash_Lock) refers to flash.o(.text.Flash_Lock) for [Anonymous Symbol]
    flash.o(.ARM.exidx.text.Flash_Unlock_Options) refers to flash.o(.text.Flash_Unlock_Options) for [Anonymous Symbol]
    flash.o(.ARM.exidx.text.Flash_Modify_Options) refers to flash.o(.text.Flash_Modify_Options) for [Anonymous Symbol]
    flash.o(.ARM.exidx.text.Flash_Set_OptLock) refers to flash.o(.text.Flash_Set_OptLock) for [Anonymous Symbol]
    flash.o(.text.Flash_Unlock_Write_Protection) refers to flash.o(.text.Flash_Unlock_Options) for Flash_Unlock_Options
    flash.o(.text.Flash_Unlock_Write_Protection) refers to flash.o(.text.Flash_Modify_Options) for Flash_Modify_Options
    flash.o(.text.Flash_Unlock_Write_Protection) refers to flash.o(.text.Flash_Set_OptLock) for Flash_Set_OptLock
    flash.o(.ARM.exidx.text.Flash_Unlock_Write_Protection) refers to flash.o(.text.Flash_Unlock_Write_Protection) for [Anonymous Symbol]
    flash.o(.ARM.exidx.text.Flash_Erase_Sector) refers to flash.o(.text.Flash_Erase_Sector) for [Anonymous Symbol]
    flash.o(.ARM.exidx.text.Flash_Write) refers to flash.o(.text.Flash_Write) for [Anonymous Symbol]
    flash.o(.ARM.exidx.text.Flash_Read) refers to flash.o(.text.Flash_Read) for [Anonymous Symbol]
    gpio.o(.ARM.exidx.text.GPIO_Init) refers to gpio.o(.text.GPIO_Init) for [Anonymous Symbol]
    gpio.o(.ARM.exidx.text.GPIO_Pin_High) refers to gpio.o(.text.GPIO_Pin_High) for [Anonymous Symbol]
    gpio.o(.ARM.exidx.text.GPIO_Pin_Low) refers to gpio.o(.text.GPIO_Pin_Low) for [Anonymous Symbol]
    gpio.o(.ARM.exidx.text.GPIO_Pin_Read) refers to gpio.o(.text.GPIO_Pin_Read) for [Anonymous Symbol]
    i2c.o(.ARM.exidx.text.I2C_Init) refers to i2c.o(.text.I2C_Init) for [Anonymous Symbol]
    i2c.o(.ARM.exidx.text.I2C_WriteData) refers to i2c.o(.text.I2C_WriteData) for [Anonymous Symbol]
    i2c.o(.ARM.exidx.text.I2C_ReadData) refers to i2c.o(.text.I2C_ReadData) for [Anonymous Symbol]
    ili9488.o(.text.spi_write) refers to spi.o(.text.SPI_Transmit) for SPI_Transmit
    ili9488.o(.ARM.exidx.text.spi_write) refers to ili9488.o(.text.spi_write) for [Anonymous Symbol]
    ili9488.o(.text.write_buffer) refers to ili9488.o(.bss.buffer_counter) for buffer_counter
    ili9488.o(.text.write_buffer) refers to ili9488.o(.bss.v_buffer) for v_buffer
    ili9488.o(.text.write_buffer) refers to spi.o(.text.SPI_Transmit) for SPI_Transmit
    ili9488.o(.ARM.exidx.text.write_buffer) refers to ili9488.o(.text.write_buffer) for [Anonymous Symbol]
    ili9488.o(.text.parallel_write) refers to gpio.o(.text.GPIO_Pin_Low) for GPIO_Pin_Low
    ili9488.o(.text.parallel_write) refers to rcc.o(.text.delay_ms) for delay_ms
    ili9488.o(.text.parallel_write) refers to gpio.o(.text.GPIO_Pin_High) for GPIO_Pin_High
    ili9488.o(.ARM.exidx.text.parallel_write) refers to ili9488.o(.text.parallel_write) for [Anonymous Symbol]
    ili9488.o(.text.lcd_write_data) refers to gpio.o(.text.GPIO_Pin_High) for GPIO_Pin_High
    ili9488.o(.text.lcd_write_data) refers to gpio.o(.text.GPIO_Pin_Low) for GPIO_Pin_Low
    ili9488.o(.text.lcd_write_data) refers to ili9488.o(.text.spi_write) for spi_write
    ili9488.o(.ARM.exidx.text.lcd_write_data) refers to ili9488.o(.text.lcd_write_data) for [Anonymous Symbol]
    ili9488.o(.text.lcd_write_data1) refers to gpio.o(.text.GPIO_Pin_High) for GPIO_Pin_High
    ili9488.o(.text.lcd_write_data1) refers to gpio.o(.text.GPIO_Pin_Low) for GPIO_Pin_Low
    ili9488.o(.text.lcd_write_data1) refers to spi.o(.text.SPI_Transmit) for SPI_Transmit
    ili9488.o(.ARM.exidx.text.lcd_write_data1) refers to ili9488.o(.text.lcd_write_data1) for [Anonymous Symbol]
    ili9488.o(.text.lcd_write_command) refers to gpio.o(.text.GPIO_Pin_Low) for GPIO_Pin_Low
    ili9488.o(.text.lcd_write_command) refers to ili9488.o(.text.spi_write) for spi_write
[...]
    sys_wrch_hlt.o(.text) refers (Special) to indicate_semi.o(.text) for __semihosting_library_function
    defsig.o(CL$$defsig) refers to defsig_rtmem_inner.o(.text) for __rt_SIGRTMEM_inner
    defsig_abrt_inner.o(.text) refers to defsig_general.o(.text) for __default_signal_display
    defsig_fpe_inner.o(.text) refers to defsig_general.o(.text) for __default_signal_display
    defsig_rtred_inner.o(.text) refers to defsig_general.o(.text) for __default_signal_display
    defsig_stak_inner.o(.text) refers to defsig_general.o(.text) for __default_signal_display
    defsig_pvfn_inner.o(.text) refers to defsig_general.o(.text) for __default_signal_display
    defsig_cppl_inner.o(.text) refers to defsig_general.o(.text) for __default_signal_display
    defsig_segv_inner.o(.text) refers to defsig_general.o(.text) for __default_signal_display
    defsig_other.o(.text) refers to defsig_general.o(.text) for __default_signal_display


==============================================================================

Removing Unused input sections from the image.

    Removing dcmi.o(.text), (0 bytes).
    Removing dma.o(.text), (0 bytes).
    Removing dma.o(.ARM.exidx.text.DMA_Init), (8 bytes).
    Removing dma.o(.ARM.exidx.text.__NVIC_SetPriority), (8 bytes).
    Removing dma.o(.ARM.exidx.text.__NVIC_EnableIRQ), (8 bytes).
    Removing dma.o(.text.DMA_SPI_Start), (76 bytes).
    Removing dma.o(.ARM.exidx.text.DMA_SPI_Start), (8 bytes).
    Removing dma.o(.text.DMA_USART_Start), (118 bytes).
    Removing dma.o(.ARM.exidx.text.DMA_USART_Start), (8 bytes).
    Removing dma.o(.text.DMA_USART_TransferCompletedWait), (84 bytes).
    Removing dma.o(.ARM.exidx.text.DMA_USART_TransferCompletedWait), (8 bytes).
    Removing flash.o(.text), (0 bytes).
    Removing flash.o(.text.Flash_Unlock), (52 bytes).
    Removing flash.o(.ARM.exidx.text.Flash_Unlock), (8 bytes).
    Removing flash.o(.text.Flash_Lock), (18 bytes).
    Removing flash.o(.ARM.exidx.text.Flash_Lock), (8 bytes).
    Removing flash.o(.text.Flash_Unlock_Options), (52 bytes).
    Removing flash.o(.ARM.exidx.text.Flash_Unlock_Options), (8 bytes).
    Removing flash.o(.text.Flash_Modify_Options), (92 bytes).
    Removing flash.o(.ARM.exidx.text.Flash_Modify_Options), (8 bytes).
    Removing flash.o(.text.Flash_Set_OptLock), (62 bytes).
    Removing flash.o(.ARM.exidx.text.Flash_Set_OptLock), (8 bytes).
    Removing flash.o(.text.Flash_Unlock_Write_Protection), (42 bytes).
    Removing flash.o(.ARM.exidx.text.Flash_Unlock_Write_Protection), (8 bytes).
    Removing flash.o(.text.Flash_Erase_Sector), (136 bytes).
    Removing flash.o(.ARM.exidx.text.Flash_Erase_Sector), (8 bytes).
    Removing flash.o(.text.Flash_Write), (146 bytes).
    Removing flash.o(.ARM.exidx.text.Flash_Write), (8 bytes).
    Removing flash.o(.text.Flash_Read), (12 bytes).
    Removing flash.o(.ARM.exidx.text.Flash_Read), (8 bytes).
    Removing gpio.o(.text), (0 bytes).
    Removing gpio.o(.ARM.exidx.text.GPIO_Init), (8 bytes).
    Removing gpio.o(.text.GPIO_Pin_High), (20 bytes).
    Removing gpio.o(.ARM.exidx.text.GPIO_Pin_High), (8 bytes).
    Removing gpio.o(.text.GPIO_Pin_Low), (22 bytes).
    Removing gpio.o(.ARM.exidx.text.GPIO_Pin_Low), (8 bytes).
    Removing gpio.o(.text.GPIO_Pin_Read), (46 bytes).
    Removing gpio.o(.ARM.exidx.text.GPIO_Pin_Read), (8 bytes).
    Removing i2c.o(.text), (0 bytes).
    Removing i2c.o(.text.I2C_Init), (214 bytes).
    Removing i2c.o(.ARM.exidx.text.I2C_Init), (8 bytes).
    Removing i2c.o(.text.I2C_WriteData), (252 bytes).
    Removing i2c.o(.ARM.exidx.text.I2C_WriteData), (8 bytes).
    Removing i2c.o(.text.I2C_ReadData), (410 bytes).
    Removing i2c.o(.ARM.exidx.text.I2C_ReadData), (8 bytes).
    Removing ili9488.o(.text), (0 bytes).
    Removing ili9488.o(.text.spi_write), (30 bytes).
    Removing ili9488.o(.ARM.exidx.text.spi_write), (8 bytes).
    Removing ili9488.o(.text.write_buffer), (46 bytes).
    Removing ili9488.o(.ARM.exidx.text.write_buffer), (8 bytes).
    Removing ili9488.o(.text.parallel_write), (58 bytes).
    Removing ili9488.o(.ARM.exidx.text.parallel_write), (8 bytes).
    Removing ili9488.o(.text.lcd_write_data), (58 bytes).
    Removing ili9488.o(.ARM.exidx.text.lcd_write_data), (8 bytes).
    Removing ili9488.o(.text.lcd_write_data1), (134 bytes).
    Removing ili9488.o(.ARM.exidx.text.lcd_write_data1), (8 bytes).
    Removing ili9488.o(.text.lcd_write_command), (58 bytes).
    Removing ili9488.o(.ARM.exidx.text.lcd_write_command), (8 bytes).
    Removing ili9488.o(.text.lcd_write_command1), (36 bytes).
    Removing ili9488.o(.ARM.exidx.text.lcd_write_command1), (8 bytes).
    Removing ili9488.o(.text.lcd_write_reg), (56 bytes).
    Removing ili9488.o(.ARM.exidx.text.lcd_write_reg), (8 bytes).
    Removing ili9488.o(.text.swap_int), (30 bytes).
    Removing ili9488.o(.ARM.exidx.text.swap_int), (8 bytes).
    Removing ili9488.o(.text.swap_char), (34 bytes).
    Removing ili9488.o(.ARM.exidx.text.swap_char), (8 bytes).
    Removing ili9488.o(.text.lcd_init_parallel), (112 bytes).
    Removing ili9488.o(.ARM.exidx.text.lcd_init_parallel), (8 bytes).
    Removing ili9488.o(.text.lcd_init_command_list), (564 bytes).
    Removing ili9488.o(.ARM.exidx.text.lcd_init_command_list), (8 bytes).
    Removing ili9488.o(.text.lcd_init_spi), (88 bytes).
    Removing ili9488.o(.ARM.exidx.text.lcd_init_spi), (8 bytes).
    Removing ili9488.o(.text.set_draw_window), (138 bytes).
    Removing ili9488.o(.ARM.exidx.text.set_draw_window), (8 bytes).
    Removing ili9488.o(.text.draw_pixel), (106 bytes).
    Removing ili9488.o(.ARM.exidx.text.draw_pixel), (8 bytes).
    Removing ili9488.o(.text.fill_rectangle), (86 bytes).
    Removing ili9488.o(.ARM.exidx.text.fill_rectangle), (8 bytes).
    Removing ili9488.o(.text.draw_bitmap), (180 bytes).
    Removing ili9488.o(.ARM.exidx.text.draw_bitmap), (8 bytes).
    Removing ili9488.o(.text.draw_image), (148 bytes).
    Removing ili9488.o(.ARM.exidx.text.draw_image), (8 bytes).
    Removing ili9488.o(.bss.buffer_counter), (2 bytes).
    Removing ili9488.o(.bss.v_buffer), (16383 bytes).
    Removing image_convertion.o(.text), (0 bytes).
    Removing image_convertion.o(.text.rgb_to_grayscale), (178 bytes).
    Removing image_convertion.o(.ARM.exidx.text.rgb_to_grayscale), (8 bytes).
    Removing image_convertion.o(.text.rgb565_to_rgb), (114 bytes).
    Removing image_convertion.o(.ARM.exidx.text.rgb565_to_rgb), (8 bytes).
    Removing image_convertion.o(.text.apply_sobel), (328 bytes).
    Removing image_convertion.o(.ARM.exidx.text.apply_sobel), (8 bytes).
    Removing interrupt_handlers.o(.text), (0 bytes).
    Removing interrupt_handlers.o(.ARM.exidx.text.On_Button_End_Cycle), (8 bytes).
    Removing interrupt_handlers.o(.ARM.exidx.text.TIM5_IRQHandler), (8 bytes).
    Removing interrupt_handlers.o(.ARM.exidx.text.TIM3_IRQHandler), (8 bytes).
    Removing interrupt_handlers.o(.ARM.exidx.text.TIM4_IRQHandler), (8 bytes).
    Removing interrupt_handlers.o(.ARM.exidx.text.TIM1_BRK_TIM9_IRQHandler), (8 bytes).
    Removing interrupt_handlers.o(.ARM.exidx.text.TIM1_UP_TIM10_IRQHandler), (8 bytes).
    Removing interrupt_handlers.o(.ARM.exidx.text.DMA2_Stream2_IRQHandler), (8 bytes).
    Removing interrupt_handlers.o(.ARM.exidx.text.HardFault_Handler), (8 bytes).
    Removing interrupt_handlers.o(.ARM.exidx.text.__NVIC_SystemReset), (8 bytes).
    Removing interrupt_handlers.o(.bss.report_needs_clear), (1 bytes).
    Removing interrupt_handlers.o(.data.Current_Color), (2 bytes).
    Removing interrupt_handlers.o(.data.Color_Switch), (4 bytes).
    Removing main.o(.text), (0 bytes).
    Removing main.o(.ARM.exidx.text.Encoders_Init), (8 bytes).
    Removing main.o(.ARM.exidx.text.__NVIC_SetPriority), (8 bytes).
    Removing main.o(.ARM.exidx.text.__NVIC_EnableIRQ), (8 bytes).
    Removing main.o(.ARM.exidx.text.TIM5_Init), (8 bytes).
    Removing main.o(.ARM.exidx.text.main), (8 bytes).
    Removing main.o(.ARM.exidx.text.RCC_Configure), (8 bytes).
    Removing main.o(.ARM.exidx.text.GPIO_Configure), (8 bytes).
    Removing main.o(.ARM.exidx.text.SPI_Configure), (8 bytes).
    Removing main.o(.ARM.exidx.text.DMA_Configure), (8 bytes).
    Removing main.o(.ARM.use_no_argv), (4 bytes).
    Removing ov7670.o(.text), (0 bytes).
    Removing ov7670.o(.text.camera_read_reg), (36 bytes).
    Removing ov7670.o(.ARM.exidx.text.camera_read_reg), (8 bytes).
    Removing ov7670.o(.text.camera_write_reg), (44 bytes).
    Removing ov7670.o(.ARM.exidx.text.camera_write_reg), (8 bytes).
    Removing ov7670.o(.text.camera_config), (274 bytes).
    Removing ov7670.o(.ARM.exidx.text.camera_config), (8 bytes).
    Removing ov7670.o(.rodata.OV7670_reg), (242 bytes).
    Removing rcc.o(.text), (0 bytes).
    Removing rcc.o(.ARM.exidx.text.SysTick_Handler), (8 bytes).
    Removing rcc.o(.ARM.exidx.text.delay_ms), (8 bytes).
    Removing rcc.o(.text.get_ms), (12 bytes).
    Removing rcc.o(.ARM.exidx.text.get_ms), (8 bytes).
    Removing rcc.o(.ARM.exidx.text.SystemCoreClockConfigure), (8 bytes).
    Removing rcc.o(.ARM.exidx.text.SysTick_Config), (8 bytes).
    Removing rcc.o(.ARM.exidx.text.__NVIC_SetPriority), (8 bytes).
    Removing spi.o(.text), (0 bytes).
    Removing spi.o(.ARM.exidx.text.SPI_Init), (8 bytes).
    Removing spi.o(.text.SPI_Transmit), (146 bytes).
    Removing spi.o(.ARM.exidx.text.SPI_Transmit), (8 bytes).
    Removing spi.o(.text.SPI_Receive), (60 bytes).
    Removing spi.o(.ARM.exidx.text.SPI_Receive), (8 bytes).
    Removing spi.o(.text.SPI_TransmitReceive), (150 bytes).
    Removing spi.o(.ARM.exidx.text.SPI_TransmitReceive), (8 bytes).
    Removing st77xx.o(.text), (0 bytes).
    Removing st77xx.o(.ARM.exidx.text.ST77xx_WriteData), (8 bytes).
    Removing st77xx.o(.ARM.exidx.text.ST77xx_WriteCmd), (8 bytes).
    Removing st77xx.o(.ARM.exidx.text.ST77xx_HardReset), (8 bytes).
    Removing st77xx.o(.ARM.exidx.text.ST77xx_SleepMode), (8 bytes).
    Removing st77xx.o(.ARM.exidx.text.ST77xx_ColorModeSet), (8 bytes).
    Removing st77xx.o(.ARM.exidx.text.ST77xx_MemAccessModeSet), (8 bytes).
    Removing st77xx.o(.ARM.exidx.text.ST77xx_InversionMode), (8 bytes).
    Removing st77xx.o(.ARM.exidx.text.ST77xx_ColumnSet), (8 bytes).
    Removing st77xx.o(.ARM.exidx.text.ST77xx_RowSet), (8 bytes).
    Removing st77xx.o(.ARM.exidx.text.ST77xx_SetWindow), (8 bytes).
    Removing st77xx.o(.ARM.exidx.text.ST77xx_RamWrite), (8 bytes).
    Removing st77xx.o(.ARM.exidx.text.ST77xx_DrawRect), (8 bytes).
    Removing st77xx.o(.ARM.exidx.text.ST77xx_FillRect), (8 bytes).
    Removing st77xx.o(.text.ST77xx_FillRectGrad), (204 bytes).
    Removing st77xx.o(.ARM.exidx.text.ST77xx_FillRectGrad), (8 bytes).
    Removing st77xx.o(.ARM.exidx.text.ST77xx_FillScreen), (8 bytes).
    Removing st77xx.o(.ARM.exidx.text.ST77xx_DisplayPower), (8 bytes).
    Removing st77xx.o(.ARM.exidx.text.ST77xx_Init), (8 bytes).
    Removing st77xx.o(.ARM.exidx.text.ST77xx_DrawPixel), (8 bytes).
    Removing st77xx.o(.ARM.exidx.text.ST77xx_Draw_GFX_Char), (8 bytes).
    Removing st77xx.o(.ARM.exidx.text.ST77xx_Draw_GFX_String_Centered), (8 bytes).
    Removing st77xx.o(.text.ST77xx_ScrollModeArea), (154 bytes).
    Removing st77xx.o(.ARM.exidx.text.ST77xx_ScrollModeArea), (8 bytes).
    Removing st77xx.o(.text.ST77xx_Scroll), (98 bytes).
    Removing st77xx.o(.ARM.exidx.text.ST77xx_Scroll), (8 bytes).
    Removing st77xx.o(.text.ST77xx_DrawLine), (192 bytes).
    Removing st77xx.o(.ARM.exidx.text.ST77xx_DrawLine), (8 bytes).
    Removing st77xx.o(.text.ST77xx_Draw_Mono_Icon), (256 bytes).
    Removing st77xx.o(.ARM.exidx.text.ST77xx_Draw_Mono_Icon), (8 bytes).
    Removing tim.o(.text), (0 bytes).
    Removing tim.o(.text.TIM_Init), (686 bytes).
    Removing tim.o(.ARM.exidx.text.TIM_Init), (8 bytes).
    Removing tim.o(.text.__NVIC_EnableIRQ), (48 bytes).
    Removing tim.o(.ARM.exidx.text.__NVIC_EnableIRQ), (8 bytes).
    Removing tim.o(.text.__NVIC_SetPriority), (66 bytes).
    Removing tim.o(.ARM.exidx.text.__NVIC_SetPriority), (8 bytes).
    Removing uart.o(.text), (0 bytes).
    Removing uart.o(.text.USART_Init), (672 bytes).
    Removing uart.o(.ARM.exidx.text.USART_Init), (8 bytes).
    Removing uart.o(.text.__NVIC_EnableIRQ), (48 bytes).
    Removing uart.o(.ARM.exidx.text.__NVIC_EnableIRQ), (8 bytes).
    Removing uart.o(.text.__NVIC_SetPriority), (66 bytes).
    Removing uart.o(.ARM.exidx.text.__NVIC_SetPriority), (8 bytes).
    Removing uart.o(.text.USART_SendChar), (36 bytes).
    Removing uart.o(.ARM.exidx.text.USART_SendChar), (8 bytes).
    Removing uart.o(.text.USART_SendString), (54 bytes).
    Removing uart.o(.ARM.exidx.text.USART_SendString), (8 bytes).
    Removing uart.o(.text.USART_SendArray), (54 bytes).
    Removing uart.o(.ARM.exidx.text.USART_SendArray), (8 bytes).
    Removing xpt2046.o(.text), (0 bytes).
    Removing usb.o(.text), (0 bytes).
    Removing usb.o(.ARM.exidx.text.USB_Core_Init), (8 bytes).
    Removing usb.o(.ARM.exidx.text.__NVIC_SetPriority), (8 bytes).
    Removing usb.o(.ARM.exidx.text.__NVIC_EnableIRQ), (8 bytes).
    Removing usb.o(.ARM.exidx.text.USB_EP_Tx), (8 bytes).
    Removing usb.o(.ARM.exidx.text.USB_Control_Handle), (8 bytes).
    Removing usb.o(.ARM.exidx.text.OTG_FS_IRQHandler), (8 bytes).
    Removing usb.o(.ARM.exidx.text.USB_EP_IsReady), (8 bytes).
    Removing usb.o(.ARM.exidx.text.USB_VCP_Byte_Available), (8 bytes).
    Removing usb.o(.ARM.exidx.text.USB_VCP_Read), (8 bytes).
    Removing usb.o(.ARM.exidx.text.USB_VCP_Write_String), (8 bytes).
    Removing usb.o(.rodata.HID_MouseReportDescriptor), (62 bytes).
    Removing system_stm32f4xx.o(.text), (0 bytes).
    Removing system_stm32f4xx.o(.ARM.exidx.text.SystemInit), (8 bytes).
    Removing system_stm32f4xx.o(.ARM.exidx.text.SystemCoreClockUpdate), (8 bytes).
    Removing system_stm32f4xx.o(.rodata.APBPrescTable), (8 bytes).

206 unused section(s) (total 25452 bytes) removed from the image.

==============================================================================

Image Symbol Table

    Local Symbols

    Symbol Name                              Value     Ov Type        Size  Object(Section)

    ../clib/angel/boardlib.s                 0x00000000   Number         0  boardinit1.o ABSOLUTE
    ../clib/angel/boardlib.s                 0x00000000   Number         0  boardinit2.o ABSOLUTE
    ../clib/angel/boardlib.s                 0x00000000   Number         0  boardinit3.o ABSOLUTE
    ../clib/angel/boardlib.s                 0x00000000   Number         0  boardshut.o ABSOLUTE
    ../clib/angel/handlers.s                 0x00000000   Number         0  __scatter_copy.o ABSOLUTE
    ../clib/angel/handlers.s                 0x00000000   Number         0  __scatter_zi.o ABSOLUTE
    ../clib/angel/kernel.s                   0x00000000   Number         0  __rtentry.o ABSOLUTE
    ../clib/angel/kernel.s                   0x00000000   Number         0  __rtentry2.o ABSOLUTE
    ../clib/angel/kernel.s                   0x00000000   Number         0  __rtentry4.o ABSOLUTE
    ../clib/angel/kernel.s                   0x00000000   Number         0  rtexit.o ABSOLUTE
    ../clib/angel/kernel.s                   0x00000000   Number         0  rtexit2.o ABSOLUTE
    ../clib/angel/rt.s                       0x00000000   Number         0  rt_errno_addr.o ABSOLUTE
    ../clib/angel/rt.s                       0x00000000   Number         0  rt_errno_addr_intlibspace.o ABSOLUTE
    ../clib/angel/rt.s                       0x00000000   Number         0  rt_raise.o ABSOLUTE
    ../clib/angel/scatter.s                  0x00000000   Number         0  __scatter.o ABSOLUTE
    ../clib/angel/startup.s                  0x00000000   Number         0  __main.o ABSOLUTE
    ../clib/angel/sys.s                      0x00000000   Number         0  libspace.o ABSOLUTE
    ../clib/angel/sys.s                      0x00000000   Number         0  sys_stackheap_outer.o ABSOLUTE
    ../clib/angel/sys.s                      0x00000000   Number         0  use_no_semi.o ABSOLUTE
    ../clib/angel/sys.s                      0x00000000   Number         0  indicate_semi.o ABSOLUTE
    ../clib/angel/sysapp.c                   0x00000000   Number         0  sys_exit.o ABSOLUTE
    ../clib/angel/sysapp.c                   0x00000000   Number         0  sys_exit_hlt.o ABSOLUTE
    ../clib/angel/sysapp.c                   0x00000000   Number         0  sys_command.o ABSOLUTE
    ../clib/angel/sysapp.c                   0x00000000   Number         0  sys_command_hlt.o ABSOLUTE
    ../clib/angel/sysapp.c                   0x00000000   Number         0  sys_wrch.o ABSOLUTE
    ../clib/angel/sysapp.c                   0x00000000   Number         0  sys_wrch_hlt.o ABSOLUTE
    ../clib/armsys.c                         0x00000000   Number         0  argv_veneer.o ABSOLUTE
    ../clib/armsys.c                         0x00000000   Number         0  argv_veneer.o ABSOLUTE
    ../clib/armsys.c                         0x00000000   Number         0  _get_argv_nomalloc.o ABSOLUTE
    ../clib/armsys.c                         0x00000000   Number         0  no_argv.o ABSOLUTE
    ../clib/fenv.c                           0x00000000   Number         0  _rserrno.o ABSOLUTE
    ../clib/heapalloc.c                      0x00000000   Number         0  hrguard.o ABSOLUTE
    ../clib/heapaux.c                        0x00000000   Number         0  heapauxi.o ABSOLUTE
    ../clib/libinit.s                        0x00000000   Number         0  libinit.o ABSOLUTE
    ../clib/libinit.s                        0x00000000   Number         0  libinit2.o ABSOLUTE
    ../clib/libinit.s                        0x00000000   Number         0  libshutdown.o ABSOLUTE
    ../clib/libinit.s                        0x00000000   Number         0  libshutdown2.o ABSOLUTE
    ../clib/memcpset.s                       0x00000000   Number         0  rt_memcpy_v6.o ABSOLUTE
    ../clib/memcpset.s                       0x00000000   Number         0  rt_memclr.o ABSOLUTE
    ../clib/memcpset.s                       0x00000000   Number         0  rt_memclr_w.o ABSOLUTE
    ../clib/memcpset.s                       0x00000000   Number         0  strncpy.o ABSOLUTE
    ../clib/memcpset.s                       0x00000000   Number         0  strcmpv7em.o ABSOLUTE
    ../clib/memcpset.s                       0x00000000   Number         0  rt_memcpy_w.o ABSOLUTE
    ../clib/signal.c                         0x00000000   Number         0  defsig_rtmem_outer.o ABSOLUTE
    ../clib/signal.c                         0x00000000   Number         0  defsig_rtmem_formal.o ABSOLUTE
    ../clib/signal.c                         0x00000000   Number         0  defsig_exit.o ABSOLUTE
    ../clib/signal.c                         0x00000000   Number         0  defsig_rtmem_inner.o ABSOLUTE
    ../clib/signal.c                         0x00000000   Number         0  __raise.o ABSOLUTE
    ../clib/signal.c                         0x00000000   Number         0  defsig_general.o ABSOLUTE
    ../clib/signal.c                         0x00000000   Number         0  defsig_abrt_inner.o ABSOLUTE
    ../clib/signal.c                         0x00000000   Number         0  defsig_fpe_inner.o ABSOLUTE
    ../clib/signal.c                         0x00000000   Number         0  defsig_rtred_inner.o ABSOLUTE
    ../clib/signal.c                         0x00000000   Number         0  defsig_stak_inner.o ABSOLUTE
    ../clib/signal.c                         0x00000000   Number         0  defsig_pvfn_inner.o ABSOLUTE
    ../clib/signal.c                         0x00000000   Number         0  defsig_cppl_inner.o ABSOLUTE
    ../clib/signal.c                         0x00000000   Number         0  defsig_segv_inner.o ABSOLUTE
    ../clib/signal.c                         0x00000000   Number         0  defsig_other.o ABSOLUTE
    ../clib/signal.s                         0x00000000   Number         0  defsig.o ABSOLUTE
    ../clib/stdlib.c                         0x00000000   Number         0  exit.o ABSOLUTE
    ../clib/string.c                         0x00000000   Number         0  strcpy.o ABSOLUTE
    ../clib/string.c                         0x00000000   Number         0  strlen.o ABSOLUTE
    ../fplib/daddsub.s                       0x00000000   Number         0  daddsub_clz.o ABSOLUTE
    ../fplib/ddiv.s                          0x00000000   Number         0  ddiv.o ABSOLUTE
    ../fplib/dfix.s                          0x00000000   Number         0  dfix.o ABSOLUTE
    ../fplib/dflt.s                          0x00000000   Number         0  dflt_clz.o ABSOLUTE
    ../fplib/dmul.s                          0x00000000   Number         0  dmul.o ABSOLUTE
    ../fplib/dnaninf.s                       0x00000000   Number         0  dnaninf.o ABSOLUTE
    ../fplib/dretinf.s                       0x00000000   Number         0  dretinf.o ABSOLUTE
    ../fplib/dsqrt.s                         0x00000000   Number         0  dsqrt_umaal.o ABSOLUTE
    ../fplib/fpinit.s                        0x00000000   Number         0  fpinit.o ABSOLUTE
    ../fplib/usenofp.s                       0x00000000   Number         0  usenofp.o ABSOLUTE
    ../mathlib/sqrt.c                        0x00000000   Number         0  sqrt.o ABSOLUTE
    DCMI.c                                   0x00000000   Number         0  dcmi.o ABSOLUTE
    DMA.c                                    0x00000000   Number         0  dma.o ABSOLUTE
    Flash.c                                  0x00000000   Number         0  flash.o ABSOLUTE
    GPIO.c                                   0x00000000   Number         0  gpio.o ABSOLUTE
    I2C.c                                    0x00000000   Number         0  i2c.o ABSOLUTE
    ILI9488.c                                0x00000000   Number         0  ili9488.o ABSOLUTE
    Image_Convertion.c                       0x00000000   Number         0  image_convertion.o ABSOLUTE
    Interrupt_Handlers.c                     0x00000000   Number         0  interrupt_handlers.o ABSOLUTE
    OV7670.c                                 0x00000000   Number         0  ov7670.o ABSOLUTE
    RCC.c                                    0x00000000   Number         0  rcc.o ABSOLUTE
    RTE/Device/STM32F411CEUx/startup_stm32f411xe.s 0x00000000   Number         0  startup_stm32f411xe.o ABSOLUTE
    SPI.c                                    0x00000000   Number         0  spi.o ABSOLUTE
    ST77xx.c                                 0x00000000   Number         0  st77xx.o ABSOLUTE
    TIM.c                                    0x00000000   Number         0  tim.o ABSOLUTE
    UART.c                                   0x00000000   Number         0  uart.o ABSOLUTE
    USB.c                                    0x00000000   Number         0  usb.o ABSOLUTE
    XPT2046.c                                0x00000000   Number         0  xpt2046.o ABSOLUTE
    dc.s                                     0x00000000   Number         0  dc.o ABSOLUTE
    main.c                                   0x00000000   Number         0  main.o ABSOLUTE
    system_stm32f4xx.c                       0x00000000   Number         0  system_stm32f4xx.o ABSOLUTE
    RESET                                    0x08000000   Section      408  startup_stm32f411xe.o(RESET)
    !!!main                                  0x08000198   Section        8  __main.o(!!!main)
    !!!scatter                               0x080001a0   Section       92  __scatter.o(!!!scatter)
    !!handler_copy                           0x080001fc   Section       26  __scatter_copy.o(!!handler_copy)
    !!handler_null                           0x08000218   Section        2  __scatter.o(!!handler_null)
    !!handler_zi                             0x0800021c   Section       28  __scatter_zi.o(!!handler_zi)
    .ARM.Collect$$libinit$$00000000          0x08000238   Section        2  libinit.o(.ARM.Collect$$libinit$$00000000)
    .ARM.Collect$$libinit$$00000001          0x0800023a   Section        4  libinit2.o(.ARM.Collect$$libinit$$00000001)
    .ARM.Collect$$libinit$$00000004          0x0800023e   Section        0  libinit2.o(.ARM.Collect$$libinit$$00000004)
    .ARM.Collect$$libinit$$00000006          0x0800023e   Section        0  libinit2.o(.ARM.Collect$$libinit$$00000006)
    .ARM.Collect$$libinit$$0000000C          0x0800023e   Section        0  libinit2.o(.ARM.Collect$$libinit$$0000000C)
    .ARM.Collect$$libinit$$0000000E          0x0800023e   Section        0  libinit2.o(.ARM.Collect$$libinit$$0000000E)
    .ARM.Collect$$libinit$$00000010          0x0800023e   Section        0  libinit2.o(.ARM.Collect$$libinit$$00000010)
    .ARM.Collect$$libinit$$00000013          0x0800023e   Section        0  libinit2.o(.ARM.Collect$$libinit$$00000013)
    .ARM.Collect$$libinit$$00000015          0x0800023e   Section        0  libinit2.o(.ARM.Collect$$libinit$$00000015)
    .ARM.Collect$$libinit$$00000017          0x0800023e   Section        0  libinit2.o(.ARM.Collect$$libinit$$00000017)
    .ARM.Collect$$libinit$$00000019          0x0800023e   Section        0  libinit2.o(.ARM.Collect$$libinit$$00000019)
    .ARM.Collect$$libinit$$0000001B          0x0800023e   Section        0  libinit2.o(.ARM.Collect$$libinit$$0000001B)
    .ARM.Collect$$libinit$$0000001D          0x0800023e   Section        0  libinit2.o(.ARM.Collect$$libinit$$0000001D)
    .ARM.Collect$$libinit$$0000001F          0x0800023e   Section        0  libinit2.o(.ARM.Collect$$libinit$$0000001F)
    .ARM.Collect$$libinit$$00000021          0x0800023e   Section        0  libinit2.o(.ARM.Collect$$libinit$$00000021)
    .ARM.Collect$$libinit$$00000023          0x0800023e   Section        0  libinit2.o(.ARM.Collect$$libinit$$00000023)
    .ARM.Collect$$libinit$$00000025          0x0800023e   Section        0  libinit2.o(.ARM.Collect$$libinit$$00000025)
    .ARM.Collect$$libinit$$00000027          0x0800023e   Section        0  libinit2.o(.ARM.Collect$$libinit$$00000027)
    .ARM.Collect$$libinit$$0000002E          0x0800023e   Section        0  libinit2.o(.ARM.Collect$$libinit$$0000002E)
    .ARM.Collect$$libinit$$00000030          0x0800023e   Section        0  libinit2.o(.ARM.Collect$$libinit$$00000030)
    .ARM.Collect$$libinit$$00000032          0x0800023e   Section        0  libinit2.o(.ARM.Collect$$libinit$$00000032)
    .ARM.Collect$$libinit$$00000034          0x0800023e   Section        0  libinit2.o(.ARM.Collect$$libinit$$00000034)
    .ARM.Collect$$libinit$$00000035          0x0800023e   Section        2  libinit2.o(.ARM.Collect$$libinit$$00000035)
    .ARM.Collect$$libshutdown$$00000000      0x08000240   Section        2  libshutdown.o(.ARM.Collect$$libshutdown$$00000000)
    .ARM.Collect$$libshutdown$$00000002      0x08000242   Section        0  libshutdown2.o(.ARM.Collect$$libshutdown$$00000002)
    .ARM.Collect$$libshutdown$$00000004      0x08000242   Section        0  libshutdown2.o(.ARM.Collect$$libshutdown$$00000004)
    .ARM.Collect$$libshutdown$$00000007      0x08000242   Section        0  libshutdown2.o(.ARM.Collect$$libshutdown$$00000007)
    .ARM.Collect$$libshutdown$$0000000A      0x08000242   Section        0  libshutdown2.o(.ARM.Collect$$libshutdown$$0000000A)
    .ARM.Collect$$libshutdown$$0000000C      0x08000242   Section        0  libshutdown2.o(.ARM.Collect$$libshutdown$$0000000C)
    .ARM.Collect$$libshutdown$$0000000F      0x08000242   Section        0  libshutdown2.o(.ARM.Collect$$libshutdown$$0000000F)
    .ARM.Collect$$libshutdown$$00000010      0x08000242   Section        2  libshutdown2.o(.ARM.Collect$$libshutdown$$00000010)
    .ARM.Collect$$rtentry$$00000000          0x08000244   Section        0  __rtentry.o(.ARM.Collect$$rtentry$$00000000)
    .ARM.Collect$$rtentry$$00000002          0x08000244   Section        0  __rtentry2.o(.ARM.Collect$$rtentry$$00000002)
    .ARM.Collect$$rtentry$$00000004          0x08000244   Section        6  __rtentry4.o(.ARM.Collect$$rtentry$$00000004)
    .ARM.Collect$$rtentry$$00000009          0x0800024a   Section        0  __rtentry2.o(.ARM.Collect$$rtentry$$00000009)
    .ARM.Collect$$rtentry$$0000000A          0x0800024a   Section        4  __rtentry2.o(.ARM.Collect$$rtentry$$0000000A)
    .ARM.Collect$$rtentry$$0000000C          0x0800024e   Section        0  __rtentry2.o(.ARM.Collect$$rtentry$$0000000C)
    .ARM.Collect$$rtentry$$0000000D          0x0800024e   Section        8  __rtentry2.o(.ARM.Collect$$rtentry$$0000000D)
    .ARM.Collect$$rtexit$$00000000           0x08000256   Section        2  rtexit.o(.ARM.Collect$$rtexit$$00000000)
    .ARM.Collect$$rtexit$$00000002           0x08000258   Section        0  rtexit2.o(.ARM.Collect$$rtexit$$00000002)
    .ARM.Collect$$rtexit$$00000003           0x08000258   Section        4  rtexit2.o(.ARM.Collect$$rtexit$$00000003)
    .ARM.Collect$$rtexit$$00000004           0x0800025c   Section        6  rtexit2.o(.ARM.Collect$$rtexit$$00000004)
    $v0                                      0x08000264   Number         0  startup_stm32f411xe.o(.text)
    .text                                    0x08000264   Section       64  startup_stm32f411xe.o(.text)
    .text                                    0x080002a4   Section        0  strcpy.o(.text)
    .text                                    0x080002ec   Section        0  strlen.o(.text)
    .text                                    0x0800032a   Section      138  rt_memcpy_v6.o(.text)
    .text                                    0x080003b4   Section       68  rt_memclr.o(.text)
    .text                                    0x080003f8   Section       78  rt_memclr_w.o(.text)
    .text                                    0x08000446   Section       86  strncpy.o(.text)
    .text                                    0x080004a0   Section      124  strcmpv7em.o(.text)
    .text                                    0x0800051c   Section        0  heapauxi.o(.text)
    .text                                    0x08000522   Section      100  rt_memcpy_w.o(.text)
    .text                                    0x08000588   Section        8  libspace.o(.text)
    .text                                    0x08000590   Section       74  sys_stackheap_outer.o(.text)
    .text                                    0x080005da   Section        0  exit.o(.text)
    .text                                    0x080005ec   Section        0  sys_exit.o(.text)
    .text                                    0x080005f8   Section        2  use_no_semi.o(.text)
    .text                                    0x080005fa   Section        0  indicate_semi.o(.text)
    [Anonymous Symbol]                       0x080005fc   Section        0  interrupt_handlers.o(.text.DMA2_Stream2_IRQHandler)
    [Anonymous Symbol]                       0x08000624   Section        0  main.o(.text.DMA_Configure)
    [Anonymous Symbol]                       0x08000678   Section        0  dma.o(.text.DMA_Init)
    [Anonymous Symbol]                       0x08000a60   Section        0  main.o(.text.Encoders_Init)
    [Anonymous Symbol]                       0x08000ce0   Section        0  main.o(.text.GPIO_Configure)
    [Anonymous Symbol]                       0x08000de8   Section        0  gpio.o(.text.GPIO_Init)
    [Anonymous Symbol]                       0x08001054   Section        0  interrupt_handlers.o(.text.HardFault_Handler)
    [Anonymous Symbol]                       0x08001058   Section        0  usb.o(.text.OTG_FS_IRQHandler)
    [Anonymous Symbol]                       0x08001534   Section        0  interrupt_handlers.o(.text.On_Button_End_Cycle)
    [Anonymous Symbol]                       0x080016e8   Section        0  main.o(.text.RCC_Configure)
    [Anonymous Symbol]                       0x08001738   Section        0  main.o(.text.SPI_Configure)
    [Anonymous Symbol]                       0x08001754   Section        0  spi.o(.text.SPI_Init)
    [Anonymous Symbol]                       0x080018e8   Section        0  st77xx.o(.text.ST77xx_ColorModeSet)
    [Anonymous Symbol]                       0x08001908   Section        0  st77xx.o(.text.ST77xx_ColumnSet)
    [Anonymous Symbol]                       0x08001960   Section        0  st77xx.o(.text.ST77xx_DisplayPower)
    [Anonymous Symbol]                       0x08001984   Section        0  st77xx.o(.text.ST77xx_DrawPixel)
    [Anonymous Symbol]                       0x080019b4   Section        0  st77xx.o(.text.ST77xx_DrawRect)
    [Anonymous Symbol]                       0x08001a74   Section        0  st77xx.o(.text.ST77xx_Draw_GFX_Char)
    [Anonymous Symbol]                       0x08001bdc   Section        0  st77xx.o(.text.ST77xx_Draw_GFX_String_Centered)
    [Anonymous Symbol]                       0x08001f70   Section        0  st77xx.o(.text.ST77xx_FillRect)
    [Anonymous Symbol]                       0x08002034   Section        0  st77xx.o(.text.ST77xx_FillScreen)
    [Anonymous Symbol]                       0x08002058   Section        0  st77xx.o(.text.ST77xx_HardReset)
    [Anonymous Symbol]                       0x0800208c   Section        0  st77xx.o(.text.ST77xx_Init)
    [Anonymous Symbol]                       0x08002134   Section        0  st77xx.o(.text.ST77xx_InversionMode)
    [Anonymous Symbol]                       0x08002158   Section        0  st77xx.o(.text.ST77xx_MemAccessModeSet)
    [Anonymous Symbol]                       0x08002228   Section        0  st77xx.o(.text.ST77xx_RamWrite)
    [Anonymous Symbol]                       0x0800225c   Section        0  st77xx.o(.text.ST77xx_RowSet)
    [Anonymous Symbol]                       0x080022b0   Section        0  st77xx.o(.text.ST77xx_SetWindow)
    [Anonymous Symbol]                       0x080022e8   Section        0  st77xx.o(.text.ST77xx_SleepMode)
    [Anonymous Symbol]                       0x08002314   Section        0  st77xx.o(.text.ST77xx_WriteCmd)
    [Anonymous Symbol]                       0x08002388   Section        0  st77xx.o(.text.ST77xx_WriteData)
    SysTick_Config                           0x080023fd   Thumb Code    82  rcc.o(.text.SysTick_Config)
    [Anonymous Symbol]                       0x080023fc   Section        0  rcc.o(.text.SysTick_Config)
    [Anonymous Symbol]                       0x08002450   Section        0  rcc.o(.text.SysTick_Handler)
    [Anonymous Symbol]                       0x08002460   Section        0  rcc.o(.text.SystemCoreClockConfigure)
    [Anonymous Symbol]                       0x08002978   Section        0  system_stm32f4xx.o(.text.SystemCoreClockUpdate)
    [Anonymous Symbol]                       0x08002aa8   Section        0  system_stm32f4xx.o(.text.SystemInit)
    [Anonymous Symbol]                       0x08002abc   Section        0  interrupt_handlers.o(.text.TIM1_BRK_TIM9_IRQHandler)
    [Anonymous Symbol]                       0x08002bf4   Section        0  interrupt_handlers.o(.text.TIM1_UP_TIM10_IRQHandler)
    [Anonymous Symbol]                       0x08002d24   Section        0  interrupt_handlers.o(.text.TIM3_IRQHandler)
    [Anonymous Symbol]                       0x08002e1c   Section        0  interrupt_handlers.o(.text.TIM4_IRQHandler)
    [Anonymous Symbol]                       0x08002f50   Section        0  interrupt_handlers.o(.text.TIM5_IRQHandler)
    [Anonymous Symbol]                       0x080030cc   Section        0  main.o(.text.TIM5_Init)
    [Anonymous Symbol]                       0x08003130   Section        0  usb.o(.text.USB_Control_Handle)
    [Anonymous Symbol]                       0x08003548   Section        0  usb.o(.text.USB_Core_Init)
    [Anonymous Symbol]                       0x08003600   Section        0  usb.o(.text.USB_EP_IsReady)
    [Anonymous Symbol]                       0x08003620   Section        0  usb.o(.text.USB_EP_Tx)
    [Anonymous Symbol]                       0x080037dc   Section        0  usb.o(.text.USB_VCP_Byte_Available)
    [Anonymous Symbol]                       0x08003838   Section        0  usb.o(.text.USB_VCP_Read)
    [Anonymous Symbol]                       0x08003864   Section        0  usb.o(.text.USB_VCP_Write_String)
    __NVIC_EnableIRQ                         0x0800388d   Thumb Code    48  dma.o(.text.__NVIC_EnableIRQ)
    [Anonymous Symbol]                       0x0800388c   Section        0  dma.o(.text.__NVIC_EnableIRQ)
    __NVIC_EnableIRQ                         0x080038bd   Thumb Code    48  main.o(.text.__NVIC_EnableIRQ)
    [Anonymous Symbol]                       0x080038bc   Section        0  main.o(.text.__NVIC_EnableIRQ)
    __NVIC_EnableIRQ                         0x080038ed   Thumb Code    48  usb.o(.text.__NVIC_EnableIRQ)
    [Anonymous Symbol]                       0x080038ec   Section        0  usb.o(.text.__NVIC_EnableIRQ)
    __NVIC_SetPriority                       0x0800391d   Thumb Code    66  dma.o(.text.__NVIC_SetPriority)
    [Anonymous Symbol]                       0x0800391c   Section        0  dma.o(.text.__NVIC_SetPriority)
    __NVIC_SetPriority                       0x08003961   Thumb Code    66  main.o(.text.__NVIC_SetPriority)
    [Anonymous Symbol]                       0x08003960   Section        0  main.o(.text.__NVIC_SetPriority)
    __NVIC_SetPriority                       0x080039a5   Thumb Code    66  rcc.o(.text.__NVIC_SetPriority)
    [Anonymous Symbol]                       0x080039a4   Section        0  rcc.o(.text.__NVIC_SetPriority)
    __NVIC_SetPriority                       0x080039e9   Thumb Code    66  usb.o(.text.__NVIC_SetPriority)
    [Anonymous Symbol]                       0x080039e8   Section        0  usb.o(.text.__NVIC_SetPriority)
    __NVIC_SystemReset                       0x08003a2d   Thumb Code    38  interrupt_handlers.o(.text.__NVIC_SystemReset)
    [Anonymous Symbol]                       0x08003a2c   Section        0  interrupt_handlers.o(.text.__NVIC_SystemReset)
    [Anonymous Symbol]                       0x08003a54   Section        0  rcc.o(.text.delay_ms)
    [Anonymous Symbol]                       0x08003a84   Section        0  main.o(.text.main)
    $v0                                      0x08003b78   Number         0  fpinit.o(x$fpl$fpinit)
    x$fpl$fpinit                             0x08003b78   Section       26  fpinit.o(x$fpl$fpinit)
    FreeSans9pt7bBitmaps                     0x08003ba2   Data        1150  st77xx.o(.rodata.FreeSans9pt7bBitmaps)
    [Anonymous Symbol]                       0x08003ba2   Section        0  st77xx.o(.rodata.FreeSans9pt7bBitmaps)
    FreeSans9pt7bGlyphs                      0x08004020   Data         760  st77xx.o(.rodata.FreeSans9pt7bGlyphs)
    [Anonymous Symbol]                       0x08004020   Section        0  st77xx.o(.rodata.FreeSans9pt7bGlyphs)
    USB_Control_Handle.default_line_coding   0x08004438   Data           7  usb.o(.rodata.USB_Control_Handle.default_line_coding)
    [Anonymous Symbol]                       0x08004438   Section        0  usb.o(.rodata.USB_Control_Handle.default_line_coding)
    [Anonymous Symbol]                       0x080044f0   Section        0  interrupt_handlers.o(.rodata.str1.1)
    .L.str.14                                0x08004526   Data           8  interrupt_handlers.o(.rodata.str1.1)
    .L.str.15                                0x08004535   Data           7  interrupt_handlers.o(.rodata.str1.1)
    .L.str.13                                0x0800453c   Data           6  interrupt_handlers.o(.rodata.str1.1)
    .L.str.12                                0x0800454d   Data           7  interrupt_handlers.o(.rodata.str1.1)
    .bss                                     0x20000058   Section       96  libspace.o(.bss)
    OTG_FS_IRQHandler.rx_buffer              0x2000c8b8   Data          64  usb.o(.bss.OTG_FS_IRQHandler.rx_buffer)
    [Anonymous Symbol]                       0x2000c8b8   Section        0  usb.o(.bss.OTG_FS_IRQHandler.rx_buffer)
    Rx_Buf                                   0x2000c8f8   Data         512  usb.o(.bss.Rx_Buf)
    [Anonymous Symbol]                       0x2000c8f8   Section        0  usb.o(.bss.Rx_Buf)
    Rx_Buf_Head                              0x2000caf8   Data           4  usb.o(.bss.Rx_Buf_Head)
    [Anonymous Symbol]                       0x2000caf8   Section        0  usb.o(.bss.Rx_Buf_Head)
    Rx_Buf_Tail                              0x2000cafc   Data           4  usb.o(.bss.Rx_Buf_Tail)
    [Anonymous Symbol]                       0x2000cafc   Section        0  usb.o(.bss.Rx_Buf_Tail)
    Heap_Mem                                 0x2000cbf8   Data         512  startup_stm32f411xe.o(HEAP)
    HEAP                                     0x2000cbf8   Section      512  startup_stm32f411xe.o(HEAP)
    Stack_Mem                                0x2000cdf8   Data        1024  startup_stm32f411xe.o(STACK)
    STACK                                    0x2000cdf8   Section     1024  startup_stm32f411xe.o(STACK)
    __initial_sp                             0x2000d1f8   Data           0  startup_stm32f411xe.o(STACK)

    Global Symbols

    Symbol Name                              Value     Ov Type        Size  Object(Section)

    BuildAttributes$$THM_ISAv4$E$P$D$K$B$S$7EM$VFPi3$EXTD16$VFPS$VFMA$PE$A:L22UL41UL21$X:L11$S22US41US21$IEEE1$IW$~IW$USESV6$~STKCKD$USESV7$~SHL$OTIME$ROPI$IEEEJ$EBA8$UX$STANDARDLIB$REQ8$PRES8$EABIv2 0x00000000   Number         0  anon$$obj.o ABSOLUTE
    __ARM_exceptions_init                     - Undefined Weak Reference
    __alloca_initialize                       - Undefined Weak Reference
    __arm_preinit_                            - Undefined Weak Reference
    __arm_relocate_pie_                       - Undefined Weak Reference
    __cpp_initialize__aeabi_                  - Undefined Weak Reference
    __cxa_finalize                            - Undefined Weak Reference
    __rt_locale                               - Undefined Weak Reference
    __sigvec_lookup                           - Undefined Weak Reference
    _atexit_init                              - Undefined Weak Reference
    _call_atexit_fns                          - Undefined Weak Reference
    _clock_init                               - Undefined Weak Reference
    _fp_trap_init                             - Undefined Weak Reference
    _fp_trap_shutdown                         - Undefined Weak Reference
    _get_lc_collate                           - Undefined Weak Reference
    _get_lc_ctype                             - Undefined Weak Reference
    _get_lc_monetary                          - Undefined Weak Reference
    _get_lc_numeric                           - Undefined Weak Reference
    _get_lc_time                              - Undefined Weak Reference
    _getenv_init                              - Undefined Weak Reference
    _handle_redirection                       - Undefined Weak Reference
    _init_alloc                               - Undefined Weak Reference
    _init_user_alloc                          - Undefined Weak Reference
    _initio                                   - Undefined Weak Reference
    _rand_init                                - Undefined Weak Reference
    _signal_finish                            - Undefined Weak Reference
    _signal_init                              - Undefined Weak Reference
    _terminate_alloc                          - Undefined Weak Reference
    _terminate_user_alloc                     - Undefined Weak Reference
    _terminateio                              - Undefined Weak Reference
    __Vectors_Size                           0x00000198   Number         0  startup_stm32f411xe.o ABSOLUTE
    __Vectors                                0x08000000   Data           4  startup_stm32f411xe.o(RESET)
    __Vectors_End                            0x08000198   Data           0  startup_stm32f411xe.o(RESET)
    __main                                   0x08000199   Thumb Code     8  __main.o(!!!main)
    __scatterload                            0x080001a1   Thumb Code     0  __scatter.o(!!!scatter)
    __scatterload_rt2                        0x080001a1   Thumb Code    84  __scatter.o(!!!scatter)
    __scatterload_rt2_thumb_only             0x080001a1   Thumb Code     0  __scatter.o(!!!scatter)
    __scatterload_loop                       0x080001ab   Thumb Code     0  __scatter.o(!!!scatter)
    __scatterload_copy                       0x080001fd   Thumb Code    26  __scatter_copy.o(!!handler_copy)
    __scatterload_null                       0x08000219   Thumb Code     2  __scatter.o(!!handler_null)
    __scatterload_zeroinit                   0x0800021d   Thumb Code    28  __scatter_zi.o(!!handler_zi)
    __rt_lib_init                            0x08000239   Thumb Code     0  libinit.o(.ARM.Collect$$libinit$$00000000)
    __rt_lib_init_fp_1                       0x0800023b   Thumb Code     0  libinit2.o(.ARM.Collect$$libinit$$00000001)
    __rt_lib_init_alloca_1                   0x0800023f   Thumb Code     0  libinit2.o(.ARM.Collect$$libinit$$00000030)
    __rt_lib_init_argv_1                     0x0800023f   Thumb Code     0  libinit2.o(.ARM.Collect$$libinit$$0000002E)
    __rt_lib_init_atexit_1                   0x0800023f   Thumb Code     0  libinit2.o(.ARM.Collect$$libinit$$0000001D)
    __rt_lib_init_clock_1                    0x0800023f   Thumb Code     0  libinit2.o(.ARM.Collect$$libinit$$00000023)
    __rt_lib_init_cpp_1                      0x0800023f   Thumb Code     0  libinit2.o(.ARM.Collect$$libinit$$00000034)
    __rt_lib_init_exceptions_1               0x0800023f   Thumb Code     0  libinit2.o(.ARM.Collect$$libinit$$00000032)
    __rt_lib_init_fp_trap_1                  0x0800023f   Thumb Code     0  libinit2.o(.ARM.Collect$$libinit$$00000021)
    __rt_lib_init_getenv_1                   0x0800023f   Thumb Code     0  libinit2.o(.ARM.Collect$$libinit$$00000025)
    __rt_lib_init_heap_1                     0x0800023f   Thumb Code     0  libinit2.o(.ARM.Collect$$libinit$$0000000C)
    __rt_lib_init_lc_collate_1               0x0800023f   Thumb Code     0  libinit2.o(.ARM.Collect$$libinit$$00000013)
    __rt_lib_init_lc_ctype_1                 0x0800023f   Thumb Code     0  libinit2.o(.ARM.Collect$$libinit$$00000015)
    __rt_lib_init_lc_monetary_1              0x0800023f   Thumb Code     0  libinit2.o(.ARM.Collect$$libinit$$00000017)
    __rt_lib_init_lc_numeric_1               0x0800023f   Thumb Code     0  libinit2.o(.ARM.Collect$$libinit$$00000019)
    __rt_lib_init_lc_time_1                  0x0800023f   Thumb Code     0  libinit2.o(.ARM.Collect$$libinit$$0000001B)
    __rt_lib_init_preinit_1                  0x0800023f   Thumb Code     0  libinit2.o(.ARM.Collect$$libinit$$00000006)
    __rt_lib_init_rand_1                     0x0800023f   Thumb Code     0  libinit2.o(.ARM.Collect$$libinit$$00000010)
    __rt_lib_init_relocate_pie_1             0x0800023f   Thumb Code     0  libinit2.o(.ARM.Collect$$libinit$$00000004)
    __rt_lib_init_return                     0x0800023f   Thumb Code     0  libinit2.o(.ARM.Collect$$libinit$$00000035)
    __rt_lib_init_signal_1                   0x0800023f   Thumb Code     0  libinit2.o(.ARM.Collect$$libinit$$0000001F)
    __rt_lib_init_stdio_1                    0x0800023f   Thumb Code     0  libinit2.o(.ARM.Collect$$libinit$$00000027)
    __rt_lib_init_user_alloc_1               0x0800023f   Thumb Code     0  libinit2.o(.ARM.Collect$$libinit$$0000000E)
    __rt_lib_shutdown                        0x08000241   Thumb Code     0  libshutdown.o(.ARM.Collect$$libshutdown$$00000000)
    __rt_lib_shutdown_cpp_1                  0x08000243   Thumb Code     0  libshutdown2.o(.ARM.Collect$$libshutdown$$00000002)
    __rt_lib_shutdown_fp_trap_1              0x08000243   Thumb Code     0  libshutdown2.o(.ARM.Collect$$libshutdown$$00000007)
    __rt_lib_shutdown_heap_1                 0x08000243   Thumb Code     0  libshutdown2.o(.ARM.Collect$$libshutdown$$0000000F)
    __rt_lib_shutdown_return                 0x08000243   Thumb Code     0  libshutdown2.o(.ARM.Collect$$libshutdown$$00000010)
    __rt_lib_shutdown_signal_1               0x08000243   Thumb Code     0  libshutdown2.o(.ARM.Collect$$libshutdown$$0000000A)
    __rt_lib_shutdown_stdio_1                0x08000243   Thumb Code     0  libshutdown2.o(.ARM.Collect$$libshutdown$$00000004)
    __rt_lib_shutdown_user_alloc_1           0x08000243   Thumb Code     0  libshutdown2.o(.ARM.Collect$$libshutdown$$0000000C)
    __rt_entry                               0x08000245   Thumb Code     0  __rtentry.o(.ARM.Collect$$rtentry$$00000000)
    __rt_entry_presh_1                       0x08000245   Thumb Code     0  __rtentry2.o(.ARM.Collect$$rtentry$$00000002)
    __rt_entry_sh                            0x08000245   Thumb Code     0  __rtentry4.o(.ARM.Collect$$rtentry$$00000004)
    __rt_entry_li                            0x0800024b   Thumb Code     0  __rtentry2.o(.ARM.Collect$$rtentry$$0000000A)
    __rt_entry_postsh_1                      0x0800024b   Thumb Code     0  __rtentry2.o(.ARM.Collect$$rtentry$$00000009)
    __rt_entry_main                          0x0800024f   Thumb Code     0  __rtentry2.o(.ARM.Collect$$rtentry$$0000000D)
    __rt_entry_postli_1                      0x0800024f   Thumb Code     0  __rtentry2.o(.ARM.Collect$$rtentry$$0000000C)
    __rt_exit                                0x08000257   Thumb Code     0  rtexit.o(.ARM.Collect$$rtexit$$00000000)
    __rt_exit_ls                             0x08000259   Thumb Code     0  rtexit2.o(.ARM.Collect$$rtexit$$00000003)
    __rt_exit_prels_1                        0x08000259   Thumb Code     0  rtexit2.o(.ARM.Collect$$rtexit$$00000002)
    __rt_exit_exit                           0x0800025d   Thumb Code     0  rtexit2.o(.ARM.Collect$$rtexit$$00000004)
    Reset_Handler                            0x08000265   Thumb Code     8  startup_stm32f411xe.o(.text)
    NMI_Handler                              0x0800026d   Thumb Code     2  startup_stm32f411xe.o(.text)
    MemManage_Handler                        0x08000271   Thumb Code     2  startup_stm32f411xe.o(.text)
    BusFault_Handler                         0x08000273   Thumb Code     2  startup_stm32f411xe.o(.text)
    UsageFault_Handler                       0x08000275   Thumb Code     2  startup_stm32f411xe.o(.text)
    SVC_Handler                              0x08000277   Thumb Code     2  startup_stm32f411xe.o(.text)
    DebugMon_Handler                         0x08000279   Thumb Code     2  startup_stm32f411xe.o(.text)
    PendSV_Handler                           0x0800027b   Thumb Code     2  startup_stm32f411xe.o(.text)
    ADC_IRQHandler                           0x0800027f   Thumb Code     0  startup_stm32f411xe.o(.text)
    DMA1_Stream0_IRQHandler                  0x0800027f   Thumb Code     0  startup_stm32f411xe.o(.text)
    DMA1_Stream1_IRQHandler                  0x0800027f   Thumb Code     0  startup_stm32f411xe.o(.text)
    DMA1_Stream2_IRQHandler                  0x0800027f   Thumb Code     0  startup_stm32f411xe.o(.text)
    DMA1_Stream3_IRQHandler                  0x0800027f   Thumb Code     0  startup_stm32f411xe.o(.text)
    DMA1_Stream4_IRQHandler                  0x0800027f   Thumb Code     0  startup_stm32f411xe.o(.text)
    DMA1_Stream5_IRQHandler                  0x0800027f   Thumb Code     0  startup_stm32f411xe.o(.text)
    DMA1_Stream6_IRQHandler                  0x0800027f   Thumb Code     0  startup_stm32f411xe.o(.text)
    DMA1_Stream7_IRQHandler                  0x0800027f   Thumb Code     0  startup_stm32f411xe.o(.text)
    DMA2_Stream0_IRQHandler                  0x0800027f   Thumb Code     0  startup_stm32f411xe.o(.text)
    DMA2_Stream1_IRQHandler                  0x0800027f   Thumb Code     0  startup_stm32f411xe.o(.text)
    DMA2_Stream3_IRQHandler                  0x0800027f   Thumb Code     0  startup_stm32f411xe.o(.text)
    DMA2_Stream4_IRQHandler                  0x0800027f   Thumb Code     0  startup_stm32f411xe.o(.text)
    DMA2_Stream5_IRQHandler                  0x0800027f   Thumb Code     0  startup_stm32f411xe.o(.text)
    DMA2_Stream6_IRQHandler                  0x0800027f   Thumb Code     0  startup_stm32f411xe.o(.text)
    DMA2_Stream7_IRQHandler                  0x0800027f   Thumb Code     0  startup_stm32f411xe.o(.text)
    EXTI0_IRQHandler                         0x0800027f   Thumb Code     0  startup_stm32f411xe.o(.text)
    EXTI15_10_IRQHandler                     0x0800027f   Thumb Code     0  startup_stm32f411xe.o(.text)
    EXTI1_IRQHandler                         0x0800027f   Thumb Code     0  startup_stm32f411xe.o(.text)
    EXTI2_IRQHandler                         0x0800027f   Thumb Code     0  startup_stm32f411xe.o(.text)
    EXTI3_IRQHandler                         0x0800027f   Thumb Code     0  startup_stm32f411xe.o(.text)
    EXTI4_IRQHandler                         0x0800027f   Thumb Code     0  startup_stm32f411xe.o(.text)
    EXTI9_5_IRQHandler                       0x0800027f   Thumb Code     0  startup_stm32f411xe.o(.text)
    FLASH_IRQHandler                         0x0800027f   Thumb Code     0  startup_stm32f411xe.o(.text)
    FPU_IRQHandler                           0x0800027f   Thumb Code     0  startup_stm32f411xe.o(.text)
    I2C1_ER_IRQHandler                       0x0800027f   Thumb Code     0  startup_stm32f411xe.o(.text)
    I2C1_EV_IRQHandler                       0x0800027f   Thumb Code     0  startup_stm32f411xe.o(.text)
    I2C2_ER_IRQHandler                       0x0800027f   Thumb Code     0  startup_stm32f411xe.o(.text)
    I2C2_EV_IRQHandler                       0x0800027f   Thumb Code     0  startup_stm32f411xe.o(.text)
    I2C3_ER_IRQHandler                       0x0800027f   Thumb Code     0  startup_stm32f411xe.o(.text)
    I2C3_EV_IRQHandler                       0x0800027f   Thumb Code     0  startup_stm32f411xe.o(.text)
    OTG_FS_WKUP_IRQHandler                   0x0800027f   Thumb Code     0  startup_stm32f411xe.o(.text)
    PVD_IRQHandler                           0x0800027f   Thumb Code     0  startup_stm32f411xe.o(.text)
    RCC_IRQHandler                           0x0800027f   Thumb Code     0  startup_stm32f411xe.o(.text)
    RTC_Alarm_IRQHandler                     0x0800027f   Thumb Code     0  startup_stm32f411xe.o(.text)
    RTC_WKUP_IRQHandler                      0x0800027f   Thumb Code     0  startup_stm32f411xe.o(.text)
    SDIO_IRQHandler                          0x0800027f   Thumb Code     0  startup_stm32f411xe.o(.text)
    SPI1_IRQHandler                          0x0800027f   Thumb Code     0  startup_stm32f411xe.o(.text)
    SPI2_IRQHandler                          0x0800027f   Thumb Code     0  startup_stm32f411xe.o(.text)
    SPI3_IRQHandler                          0x0800027f   Thumb Code     0  startup_stm32f411xe.o(.text)
    SPI4_IRQHandler                          0x0800027f   Thumb Code     0  startup_stm32f411xe.o(.text)
    SPI5_IRQHandler                          0x0800027f   Thumb Code     0  startup_stm32f411xe.o(.text)
    TAMP_STAMP_IRQHandler                    0x0800027f   Thumb Code     0  startup_stm32f411xe.o(.text)
    TIM1_CC_IRQHandler                       0x0800027f   Thumb Code     0  startup_stm32f411xe.o(.text)
    TIM1_TRG_COM_TIM11_IRQHandler            0x0800027f   Thumb Code     0  startup_stm32f411xe.o(.text)
    TIM2_IRQHandler                          0x0800027f   Thumb Code     0  startup_stm32f411xe.o(.text)
    USART1_IRQHandler                        0x0800027f   Thumb Code     0  startup_stm32f411xe.o(.text)
    USART2_IRQHandler                        0x0800027f   Thumb Code     0  startup_stm32f411xe.o(.text)
    USART6_IRQHandler                        0x0800027f   Thumb Code     0  startup_stm32f411xe.o(.text)
    WWDG_IRQHandler                          0x0800027f   Thumb Code     0  startup_stm32f411xe.o(.text)
    __user_initial_stackheap                 0x08000281   Thumb Code     0  startup_stm32f411xe.o(.text)
    strcpy                                   0x080002a5   Thumb Code    72  strcpy.o(.text)
    strlen                                   0x080002ed   Thumb Code    62  strlen.o(.text)
    __aeabi_memcpy                           0x0800032b   Thumb Code     0  rt_memcpy_v6.o(.text)
    __rt_memcpy                              0x0800032b   Thumb Code   138  rt_memcpy_v6.o(.text)
    _memcpy_lastbytes                        0x08000391   Thumb Code     0  rt_memcpy_v6.o(.text)
    __aeabi_memclr                           0x080003b5   Thumb Code     0  rt_memclr.o(.text)
    __rt_memclr                              0x080003b5   Thumb Code     0  rt_memclr.o(.text)
    _memset                                  0x080003b9   Thumb Code    64  rt_memclr.o(.text)
    __aeabi_memclr4                          0x080003f9   Thumb Code     0  rt_memclr_w.o(.text)
    __aeabi_memclr8                          0x080003f9   Thumb Code     0  rt_memclr_w.o(.text)
    __rt_memclr_w                            0x080003f9   Thumb Code     0  rt_memclr_w.o(.text)
    _memset_w                                0x080003fd   Thumb Code    74  rt_memclr_w.o(.text)
    strncpy                                  0x08000447   Thumb Code    86  strncpy.o(.text)
    strcmp                                   0x080004a1   Thumb Code   124  strcmpv7em.o(.text)
    __use_two_region_memory                  0x0800051d   Thumb Code     2  heapauxi.o(.text)
    __rt_heap_escrow$2region                 0x0800051f   Thumb Code     2  heapauxi.o(.text)
    __rt_heap_expand$2region                 0x08000521   Thumb Code     2  heapauxi.o(.text)
    __aeabi_memcpy4                          0x08000523   Thumb Code     0  rt_memcpy_w.o(.text)
    __aeabi_memcpy8                          0x08000523   Thumb Code     0  rt_memcpy_w.o(.text)
    __rt_memcpy_w                            0x08000523   Thumb Code   100  rt_memcpy_w.o(.text)
    _memcpy_lastbytes_aligned                0x0800056b   Thumb Code     0  rt_memcpy_w.o(.text)
    __user_libspace                          0x08000589   Thumb Code     8  libspace.o(.text)
    __user_perproc_libspace                  0x08000589   Thumb Code     0  libspace.o(.text)
    __user_perthread_libspace                0x08000589   Thumb Code     0  libspace.o(.text)
    __user_setup_stackheap                   0x08000591   Thumb Code    74  sys_stackheap_outer.o(.text)
    exit                                     0x080005db   Thumb Code    18  exit.o(.text)
    _sys_exit                                0x080005ed   Thumb Code     8  sys_exit.o(.text)
    __I$use$semihosting                      0x080005f9   Thumb Code     0  use_no_semi.o(.text)
    __use_no_semihosting_swi                 0x080005f9   Thumb Code     2  use_no_semi.o(.text)
    __semihosting_library_function           0x080005fb   Thumb Code     0  indicate_semi.o(.text)
    DMA2_Stream2_IRQHandler                  0x080005fd   Thumb Code    38  interrupt_handlers.o(.text.DMA2_Stream2_IRQHandler)
    DMA_Configure                            0x08000625   Thumb Code    82  main.o(.text.DMA_Configure)
    DMA_Init                                 0x08000679   Thumb Code   998  dma.o(.text.DMA_Init)
    Encoders_Init                            0x08000a61   Thumb Code   640  main.o(.text.Encoders_Init)
    GPIO_Configure                           0x08000ce1   Thumb Code   262  main.o(.text.GPIO_Configure)
    GPIO_Init                                0x08000de9   Thumb Code   620  gpio.o(.text.GPIO_Init)
    HardFault_Handler                        0x08001055   Thumb Code     4  interrupt_handlers.o(.text.HardFault_Handler)
    OTG_FS_IRQHandler                        0x08001059   Thumb Code  1242  usb.o(.text.OTG_FS_IRQHandler)
    On_Button_End_Cycle                      0x08001535   Thumb Code   434  interrupt_handlers.o(.text.On_Button_End_Cycle)
    RCC_Configure                            0x080016e9   Thumb Code    80  main.o(.text.RCC_Configure)
    SPI_Configure                            0x08001739   Thumb Code    28  main.o(.text.SPI_Configure)
    SPI_Init                                 0x08001755   Thumb Code   402  spi.o(.text.SPI_Init)
    ST77xx_ColorModeSet                      0x080018e9   Thumb Code    30  st77xx.o(.text.ST77xx_ColorModeSet)
    ST77xx_ColumnSet                         0x08001909   Thumb Code    86  st77xx.o(.text.ST77xx_ColumnSet)
    ST77xx_DisplayPower                      0x08001961   Thumb Code    36  st77xx.o(.text.ST77xx_DisplayPower)
    ST77xx_DrawPixel                         0x08001985   Thumb Code    46  st77xx.o(.text.ST77xx_DrawPixel)
    ST77xx_DrawRect                          0x080019b5   Thumb Code   190  st77xx.o(.text.ST77xx_DrawRect)
    ST77xx_Draw_GFX_Char                     0x08001a75   Thumb Code   360  st77xx.o(.text.ST77xx_Draw_GFX_Char)
    ST77xx_Draw_GFX_String_Centered          0x08001bdd   Thumb Code   916  st77xx.o(.text.ST77xx_Draw_GFX_String_Centered)
    ST77xx_FillRect                          0x08001f71   Thumb Code   194  st77xx.o(.text.ST77xx_FillRect)
    ST77xx_FillScreen                        0x08002035   Thumb Code    34  st77xx.o(.text.ST77xx_FillScreen)
    ST77xx_HardReset                         0x08002059   Thumb Code    50  st77xx.o(.text.ST77xx_HardReset)
    ST77xx_Init                              0x0800208d   Thumb Code   166  st77xx.o(.text.ST77xx_Init)
    ST77xx_InversionMode                     0x08002135   Thumb Code    36  st77xx.o(.text.ST77xx_InversionMode)
    ST77xx_MemAccessModeSet                  0x08002159   Thumb Code   206  st77xx.o(.text.ST77xx_MemAccessModeSet)
    ST77xx_RamWrite                          0x08002229   Thumb Code    50  st77xx.o(.text.ST77xx_RamWrite)
    ST77xx_RowSet                            0x0800225d   Thumb Code    84  st77xx.o(.text.ST77xx_RowSet)
    ST77xx_SetWindow                         0x080022b1   Thumb Code    54  st77xx.o(.text.ST77xx_SetWindow)
    ST77xx_SleepMode                         0x080022e9   Thumb Code    42  st77xx.o(.text.ST77xx_SleepMode)
    ST77xx_WriteCmd                          0x08002315   Thumb Code   114  st77xx.o(.text.ST77xx_WriteCmd)
    ST77xx_WriteData                         0x08002389   Thumb Code   114  st77xx.o(.text.ST77xx_WriteData)
    SysTick_Handler                          0x08002451   Thumb Code    16  rcc.o(.text.SysTick_Handler)
    SystemCoreClockConfigure                 0x08002461   Thumb Code  1304  rcc.o(.text.SystemCoreClockConfigure)
    SystemCoreClockUpdate                    0x08002979   Thumb Code   302  system_stm32f4xx.o(.text.SystemCoreClockUpdate)
    SystemInit                               0x08002aa9   Thumb Code    18  system_stm32f4xx.o(.text.SystemInit)
    TIM1_BRK_TIM9_IRQHandler                 0x08002abd   Thumb Code   310  interrupt_handlers.o(.text.TIM1_BRK_TIM9_IRQHandler)
    TIM1_UP_TIM10_IRQHandler                 0x08002bf5   Thumb Code   302  interrupt_handlers.o(.text.TIM1_UP_TIM10_IRQHandler)
    TIM3_IRQHandler                          0x08002d25   Thumb Code   248  interrupt_handlers.o(.text.TIM3_IRQHandler)
    TIM4_IRQHandler                          0x08002e1d   Thumb Code   306  interrupt_handlers.o(.text.TIM4_IRQHandler)
    TIM5_IRQHandler                          0x08002f51   Thumb Code   380  interrupt_handlers.o(.text.TIM5_IRQHandler)
    TIM5_Init                                0x080030cd   Thumb Code    98  main.o(.text.TIM5_Init)
    USB_Control_Handle                       0x08003131   Thumb Code  1048  usb.o(.text.USB_Control_Handle)
    USB_Core_Init                            0x08003549   Thumb Code   182  usb.o(.text.USB_Core_Init)
    USB_EP_IsReady                           0x08003601   Thumb Code    30  usb.o(.text.USB_EP_IsReady)
    USB_EP_Tx                                0x08003621   Thumb Code   444  usb.o(.text.USB_EP_Tx)
    USB_VCP_Byte_Available                   0x080037dd   Thumb Code    90  usb.o(.text.USB_VCP_Byte_Available)
    USB_VCP_Read                             0x08003839   Thumb Code    44  usb.o(.text.USB_VCP_Read)
    USB_VCP_Write_String                     0x08003865   Thumb Code    38  usb.o(.text.USB_VCP_Write_String)
    delay_ms                                 0x08003a55   Thumb Code    46  rcc.o(.text.delay_ms)
    main                                     0x08003a85   Thumb Code   244  main.o(.text.main)
    _fp_init                                 0x08003b79   Thumb Code    26  fpinit.o(x$fpl$fpinit)
    __fplib_config_fpu_vfp                   0x08003b91   Thumb Code     0  fpinit.o(x$fpl$fpinit)
    __fplib_config_pureend_doubles           0x08003b91   Thumb Code     0  fpinit.o(x$fpl$fpinit)
    AHBPrescTable                            0x08003b92   Data          16  system_stm32f4xx.o(.rodata.AHBPrescTable)
    HID_KeyboardReportDescriptor             0x08004318   Data         185  usb.o(.rodata.HID_KeyboardReportDescriptor)
    USB_ConfigDescriptor                     0x080043d4   Data         100  usb.o(.rodata.USB_ConfigDescriptor)
    USB_DeviceDescriptor                     0x08004440   Data          18  usb.o(.rodata.USB_DeviceDescriptor)
    USB_DeviceQualifierDescriptor            0x08004454   Data          10  usb.o(.rodata.USB_DeviceQualifierDescriptor)
    USB_StringLangID                         0x08004460   Data           4  usb.o(.rodata.USB_StringLangID)
    USB_StringProduct                        0x08004464   Data          28  usb.o(.rodata.USB_StringProduct)
    USB_StringSerial                         0x08004480   Data          10  usb.o(.rodata.USB_StringSerial)
    USB_StringVendor                         0x0800448c   Data          30  usb.o(.rodata.USB_StringVendor)
    btn_pins                                 0x080044aa   Data          14  interrupt_handlers.o(.rodata.btn_pins)
    btn_ports                                0x080044b8   Data          56  interrupt_handlers.o(.rodata.btn_ports)
    Region$$Table$$Base                      0x08004574   Number         0  anon$$obj.o(Region$$Table)
    Region$$Table$$Limit                     0x08004594   Number         0  anon$$obj.o(Region$$Table)
    SystemCoreClock                          0x20000000   Data           4  system_stm32f4xx.o(.data.SystemCoreClock)
    button_labels                            0x20000004   Data          48  interrupt_handlers.o(.data.button_labels)
    global_media_report                      0x20000034   Data           3  interrupt_handlers.o(.data.global_media_report)
    keymap                                   0x20000037   Data          14  interrupt_handlers.o(.data.keymap)
    mod_keymap                               0x20000045   Data          14  interrupt_handlers.o(.data.mod_keymap)
    __libspace_start                         0x20000058   Data          96  libspace.o(.bss)
    Display_Buffer                           0x200000b8   Data       51200  main.o(.bss.Display_Buffer)
    __temporary_stack_top$libspace           0x200000b8   Data           0  libspace.o(.bss)
    SPI1_DMA                                 0x2000cb00   Data          32  main.o(.bss.SPI1_DMA)
    SPI_ST7789                               0x2000cb20   Data          20  main.o(.bss.SPI_ST7789)
    buttons                                  0x2000cb34   Data          42  interrupt_handlers.o(.bss.buttons)
    cmd_idx                                  0x2000cb60   Data           4  interrupt_handlers.o(.bss.cmd_idx)
    cmd_string                               0x2000cb64   Data          64  interrupt_handlers.o(.bss.cmd_string)
    encoder_changed                          0x2000cba4   Data          14  interrupt_handlers.o(.bss.encoder_changed)
    encoder_counter                          0x2000cbb2   Data          28  interrupt_handlers.o(.bss.encoder_counter)
    encoder_direction                        0x2000cbce   Data          14  interrupt_handlers.o(.bss.encoder_direction)
    global_keyboard_report                   0x2000cbdc   Data           9  interrupt_handlers.o(.bss.global_keyboard_report)
    global_mouse_report                      0x2000cbe5   Data           5  interrupt_handlers.o(.bss.global_mouse_report)
    msTicks                                  0x2000cbec   Data           4  rcc.o(.bss.msTicks)
    usb_kb_is_active                         0x2000cbf0   Data           1  interrupt_handlers.o(.bss.usb_kb_is_active)



==============================================================================

Memory Map of the image

  Image Entry point : 0x08000265

  Load Region LR_1 (Base: 0x08000000, Size: 0x000045e8, Max: 0xffffffff, ABSOLUTE)

    Execution Region ER_RO (Exec base: 0x08000000, Load base: 0x08000000, Size: 0x00004594, Max: 0xffffffff, ABSOLUTE)

    Exec Addr    Load Addr    Size         Type   Attr      Idx    E Section Name        Object

    0x08000000   0x08000000   0x00000198   Data   RO          387    RESET               startup_stm32f411xe.o
    0x08000198   0x08000198   0x00000008   Code   RO          426  * !!!main             c_w.l(__main.o)
    0x080001a0   0x080001a0   0x0000005c   Code   RO          635    !!!scatter          c_w.l(__scatter.o)
    0x080001fc   0x080001fc   0x0000001a   Code   RO          639    !!handler_copy      c_w.l(__scatter_copy.o)
    0x08000216   0x08000216   0x00000002   PAD
    0x08000218   0x08000218   0x00000002   Code   RO          636    !!handler_null      c_w.l(__scatter.o)
    0x0800021a   0x0800021a   0x00000002   PAD
    0x0800021c   0x0800021c   0x0000001c   Code   RO          641    !!handler_zi        c_w.l(__scatter_zi.o)
    0x08000238   0x08000238   0x00000002   Code   RO          500    .ARM.Collect$$libinit$$00000000  c_w.l(libinit.o)
    0x0800023a   0x0800023a   0x00000004   Code   RO          503    .ARM.Collect$$libinit$$00000001  c_w.l(libinit2.o)
    0x0800023e   0x0800023e   0x00000000   Code   RO          506    .ARM.Collect$$libinit$$00000004  c_w.l(libinit2.o)
    0x0800023e   0x0800023e   0x00000000   Code   RO          508    .ARM.Collect$$libinit$$00000006  c_w.l(libinit2.o)
    0x0800023e   0x0800023e   0x00000000   Code   RO          511    .ARM.Collect$$libinit$$0000000C  c_w.l(libinit2.o)
    0x0800023e   0x0800023e   0x00000000   Code   RO          513    .ARM.Collect$$libinit$$0000000E  c_w.l(libinit2.o)
    0x0800023e   0x0800023e   0x00000000   Code   RO          515    .ARM.Collect$$libinit$$00000010  c_w.l(libinit2.o)
    0x0800023e   0x0800023e   0x00000000   Code   RO          518    .ARM.Collect$$libinit$$00000013  c_w.l(libinit2.o)
    0x0800023e   0x0800023e   0x00000000   Code   RO          520    .ARM.Collect$$libinit$$00000015  c_w.l(libinit2.o)
    0x0800023e   0x0800023e   0x00000000   Code   RO          522    .ARM.Collect$$libinit$$00000017  c_w.l(libinit2.o)
    0x0800023e   0x0800023e   0x00000000   Code   RO          524    .ARM.Collect$$libinit$$00000019  c_w.l(libinit2.o)
    0x0800023e   0x0800023e   0x00000000   Code   RO          526    .ARM.Collect$$libinit$$0000001B  c_w.l(libinit2.o)
    0x0800023e   0x0800023e   0x00000000   Code   RO          528    .ARM.Collect$$libinit$$0000001D  c_w.l(libinit2.o)
    0x0800023e   0x0800023e   0x00000000   Code   RO          530    .ARM.Collect$$libinit$$0000001F  c_w.l(libinit2.o)
    0x0800023e   0x0800023e   0x00000000   Code   RO          532    .ARM.Collect$$libinit$$00000021  c_w.l(libinit2.o)
    0x0800023e   0x0800023e   0x00000000   Code   RO          534    .ARM.Collect$$libinit$$00000023  c_w.l(libinit2.o)
    0x0800023e   0x0800023e   0x00000000   Code   RO          536    .ARM.Collect$$libinit$$00000025  c_w.l(libinit2.o)
    0x0800023e   0x0800023e   0x00000000   Code   RO          538    .ARM.Collect$$libinit$$00000027  c_w.l(libinit2.o)
    0x0800023e   0x0800023e   0x00000000   Code   RO          542    .ARM.Collect$$libinit$$0000002E  c_w.l(libinit2.o)
    0x0800023e   0x0800023e   0x00000000   Code   RO          544    .ARM.Collect$$libinit$$00000030  c_w.l(libinit2.o)
    0x0800023e   0x0800023e   0x00000000   Code   RO          546    .ARM.Collect$$libinit$$00000032  c_w.l(libinit2.o)
    0x0800023e   0x0800023e   0x00000000   Code   RO          548    .ARM.Collect$$libinit$$00000034  c_w.l(libinit2.o)
    0x0800023e   0x0800023e   0x00000002   Code   RO          549    .ARM.Collect$$libinit$$00000035  c_w.l(libinit2.o)
    0x08000240   0x08000240   0x00000002   Code   RO          571    .ARM.Collect$$libshutdown$$00000000  c_w.l(libshutdown.o)
    0x08000242   0x08000242   0x00000000   Code   RO          586    .ARM.Collect$$libshutdown$$00000002  c_w.l(libshutdown2.o)
    0x08000242   0x08000242   0x00000000   Code   RO          588    .ARM.Collect$$libshutdown$$00000004  c_w.l(libshutdown2.o)
    0x08000242   0x08000242   0x00000000   Code   RO          591    .ARM.Collect$$libshutdown$$00000007  c_w.l(libshutdown2.o)
    0x08000242   0x08000242   0x00000000   Code   RO          594    .ARM.Collect$$libshutdown$$0000000A  c_w.l(libshutdown2.o)
    0x08000242   0x08000242   0x00000000   Code   RO          596    .ARM.Collect$$libshutdown$$0000000C  c_w.l(libshutdown2.o)
    0x08000242   0x08000242   0x00000000   Code   RO          599    .ARM.Collect$$libshutdown$$0000000F  c_w.l(libshutdown2.o)
    0x08000242   0x08000242   0x00000002   Code   RO          600    .ARM.Collect$$libshutdown$$00000010  c_w.l(libshutdown2.o)
    0x08000244   0x08000244   0x00000000   Code   RO          456    .ARM.Collect$$rtentry$$00000000  c_w.l(__rtentry.o)
    0x08000244   0x08000244   0x00000000   Code   RO          469    .ARM.Collect$$rtentry$$00000002  c_w.l(__rtentry2.o)
    0x08000244   0x08000244   0x00000006   Code   RO          481    .ARM.Collect$$rtentry$$00000004  c_w.l(__rtentry4.o)
    0x0800024a   0x0800024a   0x00000000   Code   RO          471    .ARM.Collect$$rtentry$$00000009  c_w.l(__rtentry2.o)
    0x0800024a   0x0800024a   0x00000004   Code   RO          472    .ARM.Collect$$rtentry$$0000000A  c_w.l(__rtentry2.o)
    0x0800024e   0x0800024e   0x00000000   Code   RO          474    .ARM.Collect$$rtentry$$0000000C  c_w.l(__rtentry2.o)
    0x0800024e   0x0800024e   0x00000008   Code   RO          475    .ARM.Collect$$rtentry$$0000000D  c_w.l(__rtentry2.o)
    0x08000256   0x08000256   0x00000002   Code   RO          501    .ARM.Collect$$rtexit$$00000000  c_w.l(rtexit.o)
    0x08000258   0x08000258   0x00000000   Code   RO          551    .ARM.Collect$$rtexit$$00000002  c_w.l(rtexit2.o)
    0x08000258   0x08000258   0x00000004   Code   RO          552    .ARM.Collect$$rtexit$$00000003  c_w.l(rtexit2.o)
    0x0800025c   0x0800025c   0x00000006   Code   RO          553    .ARM.Collect$$rtexit$$00000004  c_w.l(rtexit2.o)
    0x08000262   0x08000262   0x00000002   PAD
    0x08000264   0x08000264   0x00000040   Code   RO          388  * .text               startup_stm32f411xe.o
    0x080002a4   0x080002a4   0x00000048   Code   RO          410    .text               c_w.l(strcpy.o)
    0x080002ec   0x080002ec   0x0000003e   Code   RO          412    .text               c_w.l(strlen.o)
    0x0800032a   0x0800032a   0x0000008a   Code   RO          414    .text               c_w.l(rt_memcpy_v6.o)
    0x080003b4   0x080003b4   0x00000044   Code   RO          416    .text               c_w.l(rt_memclr.o)
    0x080003f8   0x080003f8   0x0000004e   Code   RO          418    .text               c_w.l(rt_memclr_w.o)
    0x08000446   0x08000446   0x00000056   Code   RO          420    .text               c_w.l(strncpy.o)
    0x0800049c   0x0800049c   0x00000004   PAD
    0x080004a0   0x080004a0   0x0000007c   Code   RO          422    .text               c_w.l(strcmpv7em.o)
    0x0800051c   0x0800051c   0x00000006   Code   RO          424    .text               c_w.l(heapauxi.o)
    0x08000522   0x08000522   0x00000064   Code   RO          459    .text               c_w.l(rt_memcpy_w.o)
    0x08000586   0x08000586   0x00000002   PAD
    0x08000588   0x08000588   0x00000008   Code   RO          488    .text               c_w.l(libspace.o)
    0x08000590   0x08000590   0x0000004a   Code   RO          491    .text               c_w.l(sys_stackheap_outer.o)
    0x080005da   0x080005da   0x00000012   Code   RO          493    .text               c_w.l(exit.o)
    0x080005ec   0x080005ec   0x0000000c   Code   RO          561    .text               c_w.l(sys_exit.o)
    0x080005f8   0x080005f8   0x00000002   Code   RO          576    .text               c_w.l(use_no_semi.o)
    0x080005fa   0x080005fa   0x00000000   Code   RO          578    .text               c_w.l(indicate_semi.o)
    0x080005fa   0x080005fa   0x00000002   PAD
    0x080005fc   0x080005fc   0x00000026   Code   RO          145    .text.DMA2_Stream2_IRQHandler  interrupt_handlers.o
    0x08000622   0x08000622   0x00000002   PAD
    0x08000624   0x08000624   0x00000052   Code   RO          193    .text.DMA_Configure  main.o
    0x08000676   0x08000676   0x00000002   PAD
    0x08000678   0x08000678   0x000003e6   Code   RO            3    .text.DMA_Init      dma.o
    0x08000a5e   0x08000a5e   0x00000002   PAD
    0x08000a60   0x08000a60   0x00000280   Code   RO          177    .text.Encoders_Init  main.o
    0x08000ce0   0x08000ce0   0x00000106   Code   RO          189    .text.GPIO_Configure  main.o
    0x08000de6   0x08000de6   0x00000002   PAD
    0x08000de8   0x08000de8   0x0000026c   Code   RO           47    .text.GPIO_Init     gpio.o
    0x08001054   0x08001054   0x00000004   Code   RO          147    .text.HardFault_Handler  interrupt_handlers.o
    0x08001058   0x08001058   0x000004da   Code   RO          355    .text.OTG_FS_IRQHandler  usb.o
    0x08001532   0x08001532   0x00000002   PAD
    0x08001534   0x08001534   0x000001b2   Code   RO          133    .text.On_Button_End_Cycle  interrupt_handlers.o
    0x080016e6   0x080016e6   0x00000002   PAD
    0x080016e8   0x080016e8   0x00000050   Code   RO          187    .text.RCC_Configure  main.o
    0x08001738   0x08001738   0x0000001c   Code   RO          191    .text.SPI_Configure  main.o
    0x08001754   0x08001754   0x00000192   Code   RO          240    .text.SPI_Init      spi.o
    0x080018e6   0x080018e6   0x00000002   PAD
    0x080018e8   0x080018e8   0x0000001e   Code   RO          263    .text.ST77xx_ColorModeSet  st77xx.o
    0x08001906   0x08001906   0x00000002   PAD
    0x08001908   0x08001908   0x00000056   Code   RO          269    .text.ST77xx_ColumnSet  st77xx.o
    0x0800195e   0x0800195e   0x00000002   PAD
    0x08001960   0x08001960   0x00000024   Code   RO          285    .text.ST77xx_DisplayPower  st77xx.o
    0x08001984   0x08001984   0x0000002e   Code   RO          289    .text.ST77xx_DrawPixel  st77xx.o
    0x080019b2   0x080019b2   0x00000002   PAD
    0x080019b4   0x080019b4   0x000000be   Code   RO          277    .text.ST77xx_DrawRect  st77xx.o
    0x08001a72   0x08001a72   0x00000002   PAD
    0x08001a74   0x08001a74   0x00000168   Code   RO          291    .text.ST77xx_Draw_GFX_Char  st77xx.o
    0x08001bdc   0x08001bdc   0x00000394   Code   RO          293    .text.ST77xx_Draw_GFX_String_Centered  st77xx.o
    0x08001f70   0x08001f70   0x000000c2   Code   RO          279    .text.ST77xx_FillRect  st77xx.o
    0x08002032   0x08002032   0x00000002   PAD
    0x08002034   0x08002034   0x00000022   Code   RO          283    .text.ST77xx_FillScreen  st77xx.o
    0x08002056   0x08002056   0x00000002   PAD
    0x08002058   0x08002058   0x00000032   Code   RO          259    .text.ST77xx_HardReset  st77xx.o
    0x0800208a   0x0800208a   0x00000002   PAD
    0x0800208c   0x0800208c   0x000000a6   Code   RO          287    .text.ST77xx_Init   st77xx.o
    0x08002132   0x08002132   0x00000002   PAD
    0x08002134   0x08002134   0x00000024   Code   RO          267    .text.ST77xx_InversionMode  st77xx.o
    0x08002158   0x08002158   0x000000ce   Code   RO          265    .text.ST77xx_MemAccessModeSet  st77xx.o
    0x08002226   0x08002226   0x00000002   PAD
    0x08002228   0x08002228   0x00000032   Code   RO          275    .text.ST77xx_RamWrite  st77xx.o
    0x0800225a   0x0800225a   0x00000002   PAD
    0x0800225c   0x0800225c   0x00000054   Code   RO          271    .text.ST77xx_RowSet  st77xx.o
    0x080022b0   0x080022b0   0x00000036   Code   RO          273    .text.ST77xx_SetWindow  st77xx.o
    0x080022e6   0x080022e6   0x00000002   PAD
    0x080022e8   0x080022e8   0x0000002a   Code   RO          261    .text.ST77xx_SleepMode  st77xx.o
    0x08002312   0x08002312   0x00000002   PAD
    0x08002314   0x08002314   0x00000072   Code   RO          257    .text.ST77xx_WriteCmd  st77xx.o
    0x08002386   0x08002386   0x00000002   PAD
    0x08002388   0x08002388   0x00000072   Code   RO          255    .text.ST77xx_WriteData  st77xx.o
    0x080023fa   0x080023fa   0x00000002   PAD
    0x080023fc   0x080023fc   0x00000052   Code   RO          228    .text.SysTick_Config  rcc.o
    0x0800244e   0x0800244e   0x00000002   PAD
    0x08002450   0x08002450   0x00000010   Code   RO          220    .text.SysTick_Handler  rcc.o
    0x08002460   0x08002460   0x00000518   Code   RO          226    .text.SystemCoreClockConfigure  rcc.o
    0x08002978   0x08002978   0x0000012e   Code   RO          397    .text.SystemCoreClockUpdate  system_stm32f4xx.o
    0x08002aa6   0x08002aa6   0x00000002   PAD
    0x08002aa8   0x08002aa8   0x00000012   Code   RO          395    .text.SystemInit    system_stm32f4xx.o
    0x08002aba   0x08002aba   0x00000002   PAD
    0x08002abc   0x08002abc   0x00000136   Code   RO          141    .text.TIM1_BRK_TIM9_IRQHandler  interrupt_handlers.o
    0x08002bf2   0x08002bf2   0x00000002   PAD
    0x08002bf4   0x08002bf4   0x0000012e   Code   RO          143    .text.TIM1_UP_TIM10_IRQHandler  interrupt_handlers.o
    0x08002d22   0x08002d22   0x00000002   PAD
    0x08002d24   0x08002d24   0x000000f8   Code   RO          137    .text.TIM3_IRQHandler  interrupt_handlers.o
    0x08002e1c   0x08002e1c   0x00000132   Code   RO          139    .text.TIM4_IRQHandler  interrupt_handlers.o
    0x08002f4e   0x08002f4e   0x00000002   PAD
    0x08002f50   0x08002f50   0x0000017c   Code   RO          135    .text.TIM5_IRQHandler  interrupt_handlers.o
    0x080030cc   0x080030cc   0x00000062   Code   RO          183    .text.TIM5_Init     main.o
    0x0800312e   0x0800312e   0x00000002   PAD
    0x08003130   0x08003130   0x00000418   Code   RO          353    .text.USB_Control_Handle  usb.o
    0x08003548   0x08003548   0x000000b6   Code   RO          345    .text.USB_Core_Init  usb.o
    0x080035fe   0x080035fe   0x00000002   PAD
    0x08003600   0x08003600   0x0000001e   Code   RO          357    .text.USB_EP_IsReady  usb.o
    0x0800361e   0x0800361e   0x00000002   PAD
    0x08003620   0x08003620   0x000001bc   Code   RO          351    .text.USB_EP_Tx     usb.o
    0x080037dc   0x080037dc   0x0000005a   Code   RO          359    .text.USB_VCP_Byte_Available  usb.o
    0x08003836   0x08003836   0x00000002   PAD
    0x08003838   0x08003838   0x0000002c   Code   RO          361    .text.USB_VCP_Read  usb.o
    0x08003864   0x08003864   0x00000026   Code   RO          363    .text.USB_VCP_Write_String  usb.o
    0x0800388a   0x0800388a   0x00000002   PAD
    0x0800388c   0x0800388c   0x00000030   Code   RO            7    .text.__NVIC_EnableIRQ  dma.o
    0x080038bc   0x080038bc   0x00000030   Code   RO          181    .text.__NVIC_EnableIRQ  main.o
    0x080038ec   0x080038ec   0x00000030   Code   RO          349    .text.__NVIC_EnableIRQ  usb.o
    0x0800391c   0x0800391c   0x00000042   Code   RO            5    .text.__NVIC_SetPriority  dma.o
    0x0800395e   0x0800395e   0x00000002   PAD
    0x08003960   0x08003960   0x00000042   Code   RO          179    .text.__NVIC_SetPriority  main.o
    0x080039a2   0x080039a2   0x00000002   PAD
    0x080039a4   0x080039a4   0x00000042   Code   RO          230    .text.__NVIC_SetPriority  rcc.o
    0x080039e6   0x080039e6   0x00000002   PAD
    0x080039e8   0x080039e8   0x00000042   Code   RO          347    .text.__NVIC_SetPriority  usb.o
    0x08003a2a   0x08003a2a   0x00000002   PAD
    0x08003a2c   0x08003a2c   0x00000026   Code   RO          149    .text.__NVIC_SystemReset  interrupt_handlers.o
    0x08003a52   0x08003a52   0x00000002   PAD
    0x08003a54   0x08003a54   0x0000002e   Code   RO          222    .text.delay_ms      rcc.o
    0x08003a82   0x08003a82   0x00000002   PAD
    0x08003a84   0x08003a84   0x000000f4   Code   RO          185    .text.main          main.o
    0x08003b78   0x08003b78   0x0000001a   Code   RO          559    x$fpl$fpinit        fz_wm.l(fpinit.o)
    0x08003b92   0x08003b92   0x00000010   Data   RO          400    .rodata.AHBPrescTable  system_stm32f4xx.o
    0x08003ba2   0x08003ba2   0x0000047e   Data   RO          304    .rodata.FreeSans9pt7bBitmaps  st77xx.o
    0x08004020   0x08004020   0x000002f8   Data   RO          303    .rodata.FreeSans9pt7bGlyphs  st77xx.o
    0x08004318   0x08004318   0x000000b9   Data   RO          372    .rodata.HID_KeyboardReportDescriptor  usb.o
    0x080043d1   0x080043d1   0x00000003   PAD
    0x080043d4   0x080043d4   0x00000064   Data   RO          373    .rodata.USB_ConfigDescriptor  usb.o
    0x08004438   0x08004438   0x00000007   Data   RO          374    .rodata.USB_Control_Handle.default_line_coding  usb.o
    0x0800443f   0x0800443f   0x00000001   PAD
    0x08004440   0x08004440   0x00000012   Data   RO          365    .rodata.USB_DeviceDescriptor  usb.o
    0x08004452   0x08004452   0x00000002   PAD
    0x08004454   0x08004454   0x0000000a   Data   RO          366    .rodata.USB_DeviceQualifierDescriptor  usb.o
    0x0800445e   0x0800445e   0x00000002   PAD
    0x08004460   0x08004460   0x00000004   Data   RO          367    .rodata.USB_StringLangID  usb.o
    0x08004464   0x08004464   0x0000001c   Data   RO          369    .rodata.USB_StringProduct  usb.o
    0x08004480   0x08004480   0x0000000a   Data   RO          370    .rodata.USB_StringSerial  usb.o
    0x0800448a   0x0800448a   0x00000002   PAD
    0x0800448c   0x0800448c   0x0000001e   Data   RO          368    .rodata.USB_StringVendor  usb.o
    0x080044aa   0x080044aa   0x0000000e   Data   RO          154    .rodata.btn_pins    interrupt_handlers.o
    0x080044b8   0x080044b8   0x00000038   Data   RO          153    .rodata.btn_ports   interrupt_handlers.o
    0x080044f0   0x080044f0   0x00000081   Data   RO          160    .rodata.str1.1      interrupt_handlers.o
    0x08004571   0x08004571   0x00000003   PAD
    0x08004574   0x08004574   0x00000020   Data   RO          634    Region$$Table       anon$$obj.o


    Execution Region ER_RW (Exec base: 0x20000000, Load base: 0x08004594, Size: 0x00000054, Max: 0xffffffff, ABSOLUTE)

    Exec Addr    Load Addr    Size         Type   Attr      Idx    E Section Name        Object

    0x20000000   0x08004594   0x00000004   Data   RW          399    .data.SystemCoreClock  system_stm32f4xx.o
    0x20000004   0x08004598   0x00000030   Data   RW          161    .data.button_labels  interrupt_handlers.o
    0x20000034   0x080045c8   0x00000003   Data   RW          162    .data.global_media_report  interrupt_handlers.o
    0x20000037   0x080045cb   0x0000000e   Data   RW          159    .data.keymap        interrupt_handlers.o
    0x20000045   0x080045d9   0x0000000e   Data   RW          158    .data.mod_keymap    interrupt_handlers.o


    Execution Region ER_ZI (Exec base: 0x20000058, Load base: 0x080045e8, Size: 0x0000d1a0, Max: 0xffffffff, ABSOLUTE)

    Exec Addr    Load Addr    Size         Type   Attr      Idx    E Section Name        Object

    0x20000058        -       0x00000060   Zero   RW          489    .bss                c_w.l(libspace.o)
    0x200000b8        -       0x0000c800   Zero   RW          197    .bss.Display_Buffer  main.o
    0x2000c8b8        -       0x00000040   Zero   RW          375    .bss.OTG_FS_IRQHandler.rx_buffer  usb.o
    0x2000c8f8        -       0x00000200   Zero   RW          378    .bss.Rx_Buf         usb.o
    0x2000caf8        -       0x00000004   Zero   RW          376    .bss.Rx_Buf_Head    usb.o
    0x2000cafc        -       0x00000004   Zero   RW          377    .bss.Rx_Buf_Tail    usb.o
    0x2000cb00        -       0x00000020   Zero   RW          196    .bss.SPI1_DMA       main.o
    0x2000cb20        -       0x00000014   Zero   RW          195    .bss.SPI_ST7789     main.o
    0x2000cb34        -       0x0000002a   Zero   RW          155    .bss.buttons        interrupt_handlers.o
    0x2000cb5e   0x080045e8   0x00000002   PAD
    0x2000cb60        -       0x00000004   Zero   RW          166    .bss.cmd_idx        interrupt_handlers.o
    0x2000cb64        -       0x00000040   Zero   RW          167    .bss.cmd_string     interrupt_handlers.o
    0x2000cba4        -       0x0000000e   Zero   RW          165    .bss.encoder_changed  interrupt_handlers.o
    0x2000cbb2        -       0x0000001c   Zero   RW          163    .bss.encoder_counter  interrupt_handlers.o
    0x2000cbce        -       0x0000000e   Zero   RW          164    .bss.encoder_direction  interrupt_handlers.o
    0x2000cbdc        -       0x00000009   Zero   RW          152    .bss.global_keyboard_report  interrupt_handlers.o
    0x2000cbe5        -       0x00000005   Zero   RW          151    .bss.global_mouse_report  interrupt_handlers.o
    0x2000cbea   0x080045e8   0x00000002   PAD
    0x2000cbec        -       0x00000004   Zero   RW          232    .bss.msTicks        rcc.o
    0x2000cbf0        -       0x00000001   Zero   RW          157    .bss.usb_kb_is_active  interrupt_handlers.o
    0x2000cbf1   0x080045e8   0x00000007   PAD
    0x2000cbf8        -       0x00000200   Zero   RW          386    HEAP                startup_stm32f411xe.o
    0x2000cdf8        -       0x00000400   Zero   RW          385    STACK               startup_stm32f411xe.o


==============================================================================

Image component sizes


      Code (inc. data)   RO Data    RW Data    ZI Data      Debug   Object Name

      1112          0          0          0          0       6706   dma.o
       620          4          0          0          0       3107   gpio.o
      2060          0        199         79        181       5705   interrupt_handlers.o
      1548          0          0          0      51252       8105   main.o
      1514          0          0          0          4       7121   rcc.o
       402          0          0          0          0       3324   spi.o
      2808          8       1910          0          0       9012   st77xx.o
        64         26        408          0       1536        916   startup_stm32f411xe.o
       320          0         16          4          0       2843   system_stm32f4xx.o
      3232          0        392          0        584      10895   usb.o

    ----------------------------------------------------------------------
     13756         38       2970         84      53568      57734   Object Totals
         0          0         32          0          0          0   (incl. Generated)
        76          0         13          1         11          0   (incl. Padding)

    ----------------------------------------------------------------------

      Code (inc. data)   RO Data    RW Data    ZI Data      Debug   Library Member Name

         8          0          0          0          0         68   __main.o
         0          0          0          0          0          0   __rtentry.o
        12          0          0          0          0          0   __rtentry2.o
         6          0          0          0          0          0   __rtentry4.o
        94          8          0          0          0          0   __scatter.o
        26          0          0          0          0          0   __scatter_copy.o
        28          0          0          0          0          0   __scatter_zi.o
        18          0          0          0          0         80   exit.o
         6          0          0          0          0        152   heapauxi.o
         0          0          0          0          0          0   indicate_semi.o
         2          0          0          0          0          0   libinit.o
         6          0          0          0          0          0   libinit2.o
         2          0          0          0          0          0   libshutdown.o
         2          0          0          0          0          0   libshutdown2.o
         8          4          0          0         96         68   libspace.o
        68          0          0          0          0         68   rt_memclr.o
        78          0          0          0          0         80   rt_memclr_w.o
       138          0          0          0          0         68   rt_memcpy_v6.o
       100          0          0          0          0         80   rt_memcpy_w.o
         2          0          0          0          0          0   rtexit.o
        10          0          0          0          0          0   rtexit2.o
       124          0          0          0          0         88   strcmpv7em.o
        72          0          0          0          0         80   strcpy.o
        62          0          0          0          0         76   strlen.o
        86          0          0          0          0         76   strncpy.o
        12          4          0          0          0         68   sys_exit.o
        74          0          0          0          0         80   sys_stackheap_outer.o
         2          0          0          0          0         68   use_no_semi.o
        26          0          0          0          0        116   fpinit.o

    ----------------------------------------------------------------------
      1086         16          0          0         96       1316   Library Totals
        14          0          0          0          0          0   (incl. Padding)

    ----------------------------------------------------------------------

      Code (inc. data)   RO Data    RW Data    ZI Data      Debug   Library Name

      1046         16          0          0         96       1200   c_w.l
        26          0          0          0          0        116   fz_wm.l

    ----------------------------------------------------------------------
      1086         16          0          0         96       1316   Library Totals

    ----------------------------------------------------------------------

==============================================================================


      Code (inc. data)   RO Data    RW Data    ZI Data      Debug   

     14842         54       2970         84      53664      58386   Grand Totals
     14842         54       2970         84      53664      58386   ELF Image Totals
     14842         54       2970         84          0          0   ROM Totals

==============================================================================

    Total RO  Size (Code + RO Data)                17812 (  17.39kB)
    Total RW  Size (RW Data + ZI Data)             53748 (  52.49kB)
    Total ROM Size (Code + RO Data + RW Data)      17896 (  17.48kB)

==============================================================================

