Component: Arm Compiler for Embedded 6.18 Tool: armlink [5e4cc100]

==============================================================================

Section Cross References

    dht11.o(.ARM.exidx.text.DHT11_Init) refers to dht11.o(.text.DHT11_Init) for [Anonymous Symbol]
    dht11.o(.text.DHT11_ReadTemp1) refers to dht11.o(.bss.temperature) for temperature
    dht11.o(.text.DHT11_ReadTemp1) refers to dht11.o(.bss.humidity_0) for humidity_0
    dht11.o(.text.DHT11_ReadTemp1) refers to dht11.o(.bss.humidity_1) for humidity_1
    dht11.o(.text.DHT11_ReadTemp1) refers to dht11.o(.bss.temperature_0) for temperature_0
    dht11.o(.text.DHT11_ReadTemp1) refers to dht11.o(.bss.temperature_1) for temperature_1
    dht11.o(.text.DHT11_ReadTemp1) refers to dht11.o(.bss.parity_bit) for parity_bit
    dht11.o(.text.DHT11_ReadTemp1) refers to dht11.o(.bss.counter) for counter
    dht11.o(.text.DHT11_ReadTemp1) refers to dht11.o(.bss.sum) for sum
    dht11.o(.text.DHT11_ReadTemp1) refers to tim.o(.text.Delay_us) for Delay_us
    dht11.o(.text.DHT11_ReadTemp1) refers to dht11.o(.bss.hhh) for hhh
    dht11.o(.text.DHT11_ReadTemp1) refers to dht11.o(.bss.HT) for HT
    dht11.o(.text.DHT11_ReadTemp1) refers to dht11.o(.bss.array_index) for array_index
    dht11.o(.text.DHT11_ReadTemp1) refers to dht11.o(.bss.hbyte) for hbyte
    dht11.o(.text.DHT11_ReadTemp1) refers to dht11.o(.bss.tbyte) for tbyte
    dht11.o(.ARM.exidx.text.DHT11_ReadTemp1) refers to dht11.o(.text.DHT11_ReadTemp1) for [Anonymous Symbol]
    dht11.o(.text.DHT11_ReadHumi1) refers to dht11.o(.bss.temperature) for temperature
    dht11.o(.text.DHT11_ReadHumi1) refers to dht11.o(.bss.humidity) for humidity
    dht11.o(.text.DHT11_ReadHumi1) refers to dht11.o(.bss.humidity_0) for humidity_0
    dht11.o(.text.DHT11_ReadHumi1) refers to dht11.o(.bss.humidity_1) for humidity_1
    dht11.o(.text.DHT11_ReadHumi1) refers to dht11.o(.bss.temperature_0) for temperature_0
    dht11.o(.text.DHT11_ReadHumi1) refers to dht11.o(.bss.temperature_1) for temperature_1
    dht11.o(.text.DHT11_ReadHumi1) refers to dht11.o(.bss.parity_bit) for parity_bit
    dht11.o(.text.DHT11_ReadHumi1) refers to dht11.o(.bss.counter) for counter
    dht11.o(.text.DHT11_ReadHumi1) refers to dht11.o(.bss.sum) for sum
    dht11.o(.text.DHT11_ReadHumi1) refers to tim.o(.text.Delay_us) for Delay_us
    dht11.o(.text.DHT11_ReadHumi1) refers to dht11.o(.bss.hhh) for hhh
    dht11.o(.text.DHT11_ReadHumi1) refers to dht11.o(.bss.HT) for HT
    dht11.o(.text.DHT11_ReadHumi1) refers to dht11.o(.bss.array_index) for array_index
    dht11.o(.text.DHT11_ReadHumi1) refers to dht11.o(.bss.hbyte) for hbyte
    dht11.o(.text.DHT11_ReadHumi1) refers to dht11.o(.bss.tbyte) for tbyte
    dht11.o(.ARM.exidx.text.DHT11_ReadHumi1) refers to dht11.o(.text.DHT11_ReadHumi1) for [Anonymous Symbol]
    main.o(.text.main) refers to uart.o(.text.UART_Init) for UART_Init
    main.o(.text.main) refers to tim.o(.text.TIM_Init) for TIM_Init
    main.o(.text.main) refers to main.o(.bss.init_flag) for init_flag
    main.o(.text.main) refers to esp-01.o(.text.ESP_Init) for ESP_Init
    main.o(.text.main) refers to esp-01.o(.text.Server_Start) for Server_Start
    main.o(.ARM.exidx.text.main) refers to main.o(.text.main) for [Anonymous Symbol]
    main.o(.text.USART2_IRQHandler) refers to main.o(.bss.str) for str
    main.o(.text.USART2_IRQHandler) refers to uart.o(.text.SendString1) for SendString1
    main.o(.ARM.exidx.text.USART2_IRQHandler) refers to main.o(.text.USART2_IRQHandler) for [Anonymous Symbol]
    main.o(.text.USART1_IRQHandler) refers to main.o(.bss.str) for str
    main.o(.text.USART1_IRQHandler) refers to uart.o(.text.SendString2) for SendString2
    main.o(.text.USART1_IRQHandler) refers to esp-01.o(.bss.buffer_counter) for buffer_counter
    main.o(.text.USART1_IRQHandler) refers to esp-01.o(.bss.buffer) for buffer
    main.o(.ARM.exidx.text.USART1_IRQHandler) refers to main.o(.text.USART1_IRQHandler) for [Anonymous Symbol]
    tim.o(.ARM.exidx.text.TIM_Init) refers to tim.o(.text.TIM_Init) for [Anonymous Symbol]
    tim.o(.ARM.exidx.text.Delay_us) refers to tim.o(.text.Delay_us) for [Anonymous Symbol]
    tim.o(.text.MegaDelay_us) refers to tim.o(.text.Delay_us) for Delay_us
    tim.o(.ARM.exidx.text.MegaDelay_us) refers to tim.o(.text.MegaDelay_us) for [Anonymous Symbol]
    uart.o(.text.UART_Init) refers to uart.o(.text.__NVIC_EnableIRQ) for __NVIC_EnableIRQ
    uart.o(.ARM.exidx.text.UART_Init) refers to uart.o(.text.UART_Init) for [Anonymous Symbol]
    uart.o(.ARM.exidx.text.__NVIC_EnableIRQ) refers to uart.o(.text.__NVIC_EnableIRQ) for [Anonymous Symbol]
    uart.o(.ARM.exidx.text.SendChar1) refers to uart.o(.text.SendChar1) for [Anonymous Symbol]
    uart.o(.text.SendString1) refers to uart.o(.text.SendChar1) for SendChar1
    uart.o(.ARM.exidx.text.SendString1) refers to uart.o(.text.SendString1) for [Anonymous Symbol]
[...]
    ../clib/libinit.s                        0x00000000   Number         0  libinit.o ABSOLUTE
    ../clib/libinit.s                        0x00000000   Number         0  libinit2.o ABSOLUTE
    ../clib/libinit.s                        0x00000000   Number         0  libshutdown.o ABSOLUTE
    ../clib/libinit.s                        0x00000000   Number         0  libshutdown2.o ABSOLUTE
    ../clib/locale.c                         0x00000000   Number         0  _c16rtomb.o ABSOLUTE
    ../clib/locale.s                         0x00000000   Number         0  lc_numeric_c.o ABSOLUTE
    ../clib/locale.s                         0x00000000   Number         0  lc_ctype_c.o ABSOLUTE
    ../clib/longlong.s                       0x00000000   Number         0  lludiv10.o ABSOLUTE
    ../clib/longlong.s                       0x00000000   Number         0  llushr.o ABSOLUTE
    ../clib/memcpset.s                       0x00000000   Number         0  rt_memclr.o ABSOLUTE
    ../clib/memcpset.s                       0x00000000   Number         0  rt_memclr_w.o ABSOLUTE
    ../clib/memcpset.s                       0x00000000   Number         0  strcmpv7em.o ABSOLUTE
    ../clib/misc.s                           0x00000000   Number         0  printf_stubs.o ABSOLUTE
    ../clib/printf.c                         0x00000000   Number         0  sprintf.o ABSOLUTE
    ../clib/printf.c                         0x00000000   Number         0  __printf.o ABSOLUTE
    ../clib/printf.c                         0x00000000   Number         0  _printf_pad.o ABSOLUTE
    ../clib/printf.c                         0x00000000   Number         0  _printf_truncate.o ABSOLUTE
    ../clib/printf.c                         0x00000000   Number         0  _printf_str.o ABSOLUTE
    ../clib/printf.c                         0x00000000   Number         0  _printf_dec.o ABSOLUTE
    ../clib/printf.c                         0x00000000   Number         0  _printf_charcount.o ABSOLUTE
    ../clib/printf.c                         0x00000000   Number         0  _printf_char_common.o ABSOLUTE
    ../clib/printf.c                         0x00000000   Number         0  _sputc.o ABSOLUTE
    ../clib/printf.c                         0x00000000   Number         0  _printf_wctomb.o ABSOLUTE
    ../clib/printf.c                         0x00000000   Number         0  _printf_longlong_dec.o ABSOLUTE
    ../clib/printf.c                         0x00000000   Number         0  _printf_oct_ll.o ABSOLUTE
    ../clib/printf.c                         0x00000000   Number         0  _printf_oct_int.o ABSOLUTE
    ../clib/printf.c                         0x00000000   Number         0  _printf_oct_int_ll.o ABSOLUTE
    ../clib/printf.c                         0x00000000   Number         0  _printf_hex_ll.o ABSOLUTE
    ../clib/printf.c                         0x00000000   Number         0  _printf_hex_int.o ABSOLUTE
    ../clib/printf.c                         0x00000000   Number         0  _printf_hex_int_ll.o ABSOLUTE
    ../clib/printf.c                         0x00000000   Number         0  _printf_hex_ptr.o ABSOLUTE
    ../clib/printf.c                         0x00000000   Number         0  _printf_hex_int_ptr.o ABSOLUTE
    ../clib/printf.c                         0x00000000   Number         0  _printf_hex_ll_ptr.o ABSOLUTE
    ../clib/printf.c                         0x00000000   Number         0  _printf_hex_int_ll_ptr.o ABSOLUTE
    ../clib/printf.c                         0x00000000   Number         0  __printf_flags.o ABSOLUTE
    ../clib/printf.c                         0x00000000   Number         0  __printf_ss.o ABSOLUTE
    ../clib/printf.c                         0x00000000   Number         0  __printf_flags_ss.o ABSOLUTE
    ../clib/printf.c                         0x00000000   Number         0  __printf_wp.o ABSOLUTE
    ../clib/printf.c                         0x00000000   Number         0  __printf_flags_wp.o ABSOLUTE
    ../clib/printf.c                         0x00000000   Number         0  __printf_ss_wp.o ABSOLUTE
    ../clib/printf.c                         0x00000000   Number         0  __printf_flags_ss_wp.o ABSOLUTE
    ../clib/printf.c                         0x00000000   Number         0  _printf_intcommon.o ABSOLUTE
    ../clib/printf.c                         0x00000000   Number         0  _printf_fp_dec.o ABSOLUTE
    ../clib/printf.c                         0x00000000   Number         0  _printf_fp_dec_accurate.o ABSOLUTE
    ../clib/printf.c                         0x00000000   Number         0  _printf_fp_hex.o ABSOLUTE
    ../clib/printf.c                         0x00000000   Number         0  __printf_nopercent.o ABSOLUTE
    ../clib/printf.c                         0x00000000   Number         0  _printf_char.o ABSOLUTE
    ../clib/printf.c                         0x00000000   Number         0  _printf_wchar.o ABSOLUTE
    ../clib/printf.c                         0x00000000   Number         0  _printf_fp_infnan.o ABSOLUTE
    ../clib/printf_percent.s                 0x00000000   Number         0  _printf_c.o ABSOLUTE
    ../clib/printf_percent.s                 0x00000000   Number         0  _printf_s.o ABSOLUTE
    ../clib/printf_percent.s                 0x00000000   Number         0  _printf_n.o ABSOLUTE
    ../clib/printf_percent.s                 0x00000000   Number         0  _printf_x.o ABSOLUTE
    ../clib/printf_percent.s                 0x00000000   Number         0  _printf_p.o ABSOLUTE
    ../clib/printf_percent.s                 0x00000000   Number         0  _printf_o.o ABSOLUTE
    ../clib/printf_percent.s                 0x00000000   Number         0  _printf_i.o ABSOLUTE
    ../clib/printf_percent.s                 0x00000000   Number         0  _printf_d.o ABSOLUTE
    ../clib/printf_percent.s                 0x00000000   Number         0  _printf_u.o ABSOLUTE
    ../clib/printf_percent.s                 0x00000000   Number         0  _printf_f.o ABSOLUTE
    ../clib/printf_percent.s                 0x00000000   Number         0  _printf_e.o ABSOLUTE
    ../clib/printf_percent.s                 0x00000000   Number         0  _printf_g.o ABSOLUTE
    ../clib/printf_percent.s                 0x00000000   Number         0  _printf_a.o ABSOLUTE
    ../clib/printf_percent.s                 0x00000000   Number         0  _printf_percent.o ABSOLUTE
    ../clib/printf_percent.s                 0x00000000   Number         0  _printf_lli.o ABSOLUTE
    ../clib/printf_percent.s                 0x00000000   Number         0  _printf_lld.o ABSOLUTE
    ../clib/printf_percent.s                 0x00000000   Number         0  _printf_llu.o ABSOLUTE
    ../clib/printf_percent.s                 0x00000000   Number         0  _printf_ll.o ABSOLUTE
    ../clib/printf_percent.s                 0x00000000   Number         0  _printf_l.o ABSOLUTE
    ../clib/printf_percent.s                 0x00000000   Number         0  _printf_lc.o ABSOLUTE
    ../clib/printf_percent.s                 0x00000000   Number         0  _printf_ls.o ABSOLUTE
    ../clib/printf_percent.s                 0x00000000   Number         0  _printf_llo.o ABSOLUTE
    ../clib/printf_percent.s                 0x00000000   Number         0  _printf_llx.o ABSOLUTE
    ../clib/printf_percent.s                 0x00000000   Number         0  _printf_percent_end.o ABSOLUTE
    ../clib/signal.c                         0x00000000   Number         0  defsig_rtmem_outer.o ABSOLUTE
    ../clib/signal.c                         0x00000000   Number         0  defsig_rtmem_formal.o ABSOLUTE
    ../clib/signal.c                         0x00000000   Number         0  defsig_exit.o ABSOLUTE
    ../clib/signal.c                         0x00000000   Number         0  defsig_rtmem_inner.o ABSOLUTE
    ../clib/signal.c                         0x00000000   Number         0  __raise.o ABSOLUTE
    ../clib/signal.c                         0x00000000   Number         0  defsig_general.o ABSOLUTE
    ../clib/signal.c                         0x00000000   Number         0  defsig_abrt_inner.o ABSOLUTE
    ../clib/signal.c                         0x00000000   Number         0  defsig_fpe_inner.o ABSOLUTE
    ../clib/signal.c                         0x00000000   Number         0  defsig_rtred_inner.o ABSOLUTE
    ../clib/signal.c                         0x00000000   Number         0  defsig_stak_inner.o ABSOLUTE
    ../clib/signal.c                         0x00000000   Number         0  defsig_pvfn_inner.o ABSOLUTE
    ../clib/signal.c                         0x00000000   Number         0  defsig_cppl_inner.o ABSOLUTE
    ../clib/signal.c                         0x00000000   Number         0  defsig_segv_inner.o ABSOLUTE
    ../clib/signal.c                         0x00000000   Number         0  defsig_other.o ABSOLUTE
    ../clib/signal.s                         0x00000000   Number         0  defsig.o ABSOLUTE
    ../clib/stdlib.c                         0x00000000   Number         0  exit.o ABSOLUTE
    ../clib/string.c                         0x00000000   Number         0  strstr.o ABSOLUTE
    ../clib/string.c                         0x00000000   Number         0  strlen.o ABSOLUTE
    ../clib/string.c                         0x00000000   Number         0  strcat.o ABSOLUTE
    ../fplib/fpinit.s                        0x00000000   Number         0  fpinit.o ABSOLUTE
    ../fplib/istatus.s                       0x00000000   Number         0  istatus.o ABSOLUTE
    ../fplib/printf1.s                       0x00000000   Number         0  printf1.o ABSOLUTE
    ../fplib/printf2.s                       0x00000000   Number         0  printf2.o ABSOLUTE
    ../fplib/printf2a.s                      0x00000000   Number         0  printf2a.o ABSOLUTE
    ../fplib/printf2b.s                      0x00000000   Number         0  printf2b.o ABSOLUTE
    ../fplib/usenofp.s                       0x00000000   Number         0  usenofp.o ABSOLUTE
    ../mathlib/fpclassify.c                  0x00000000   Number         0  fpclassify.o ABSOLUTE
    DHT11.c                                  0x00000000   Number         0  dht11.o ABSOLUTE
    ESP-01.c                                 0x00000000   Number         0  esp-01.o ABSOLUTE
    RTE/Device/STM32F401RETx/startup_stm32f401xe.s 0x00000000   Number         0  startup_stm32f401xe.o ABSOLUTE
    TIM.c                                    0x00000000   Number         0  tim.o ABSOLUTE
    UART.c                                   0x00000000   Number         0  uart.o ABSOLUTE
    dc.s                                     0x00000000   Number         0  dc.o ABSOLUTE
    main.c                                   0x00000000   Number         0  main.o ABSOLUTE
    system_stm32f4xx.c                       0x00000000   Number         0  system_stm32f4xx.o ABSOLUTE
    RESET                                    0x08000000   Section      404  startup_stm32f401xe.o(RESET)
    !!!main                                  0x08000194   Section        8  __main.o(!!!main)
    !!!scatter                               0x0800019c   Section       52  __scatter.o(!!!scatter)
    !!dclz77c                                0x080001d0   Section      100  __dclz77c.o(!!dclz77c)
    !!handler_zi                             0x08000234   Section       28  __scatter_zi.o(!!handler_zi)
    .ARM.Collect$$_printf_percent$$00000000  0x08000250   Section        0  _printf_percent.o(.ARM.Collect$$_printf_percent$$00000000)
    .ARM.Collect$$_printf_percent$$00000001  0x08000250   Section        6  _printf_n.o(.ARM.Collect$$_printf_percent$$00000001)
    .ARM.Collect$$_printf_percent$$00000002  0x08000256   Section        6  _printf_p.o(.ARM.Collect$$_printf_percent$$00000002)
    .ARM.Collect$$_printf_percent$$00000003  0x0800025c   Section        6  _printf_f.o(.ARM.Collect$$_printf_percent$$00000003)
    .ARM.Collect$$_printf_percent$$00000004  0x08000262   Section        6  _printf_e.o(.ARM.Collect$$_printf_percent$$00000004)
    .ARM.Collect$$_printf_percent$$00000005  0x08000268   Section        6  _printf_g.o(.ARM.Collect$$_printf_percent$$00000005)
    .ARM.Collect$$_printf_percent$$00000006  0x0800026e   Section        6  _printf_a.o(.ARM.Collect$$_printf_percent$$00000006)
    .ARM.Collect$$_printf_percent$$00000007  0x08000274   Section       10  _printf_ll.o(.ARM.Collect$$_printf_percent$$00000007)
    .ARM.Collect$$_printf_percent$$00000008  0x0800027e   Section        6  _printf_i.o(.ARM.Collect$$_printf_percent$$00000008)
    .ARM.Collect$$_printf_percent$$00000009  0x08000284   Section        6  _printf_d.o(.ARM.Collect$$_printf_percent$$00000009)
    .ARM.Collect$$_printf_percent$$0000000A  0x0800028a   Section        6  _printf_u.o(.ARM.Collect$$_printf_percent$$0000000A)
    .ARM.Collect$$_printf_percent$$0000000B  0x08000290   Section        6  _printf_o.o(.ARM.Collect$$_printf_percent$$0000000B)
    .ARM.Collect$$_printf_percent$$0000000C  0x08000296   Section        6  _printf_x.o(.ARM.Collect$$_printf_percent$$0000000C)
    .ARM.Collect$$_printf_percent$$0000000D  0x0800029c   Section        6  _printf_lli.o(.ARM.Collect$$_printf_percent$$0000000D)
    .ARM.Collect$$_printf_percent$$0000000E  0x080002a2   Section        6  _printf_lld.o(.ARM.Collect$$_printf_percent$$0000000E)
    .ARM.Collect$$_printf_percent$$0000000F  0x080002a8   Section        6  _printf_llu.o(.ARM.Collect$$_printf_percent$$0000000F)
    .ARM.Collect$$_printf_percent$$00000010  0x080002ae   Section        6  _printf_llo.o(.ARM.Collect$$_printf_percent$$00000010)
    .ARM.Collect$$_printf_percent$$00000011  0x080002b4   Section        6  _printf_llx.o(.ARM.Collect$$_printf_percent$$00000011)
    .ARM.Collect$$_printf_percent$$00000012  0x080002ba   Section       10  _printf_l.o(.ARM.Collect$$_printf_percent$$00000012)
    .ARM.Collect$$_printf_percent$$00000013  0x080002c4   Section        6  _printf_c.o(.ARM.Collect$$_printf_percent$$00000013)
    .ARM.Collect$$_printf_percent$$00000014  0x080002ca   Section        6  _printf_s.o(.ARM.Collect$$_printf_percent$$00000014)
    .ARM.Collect$$_printf_percent$$00000015  0x080002d0   Section        6  _printf_lc.o(.ARM.Collect$$_printf_percent$$00000015)
    .ARM.Collect$$_printf_percent$$00000016  0x080002d6   Section        6  _printf_ls.o(.ARM.Collect$$_printf_percent$$00000016)
    .ARM.Collect$$_printf_percent$$00000017  0x080002dc   Section        4  _printf_percent_end.o(.ARM.Collect$$_printf_percent$$00000017)
    .ARM.Collect$$libinit$$00000000          0x080002e0   Section        2  libinit.o(.ARM.Collect$$libinit$$00000000)
    .ARM.Collect$$libinit$$00000001          0x080002e2   Section        4  libinit2.o(.ARM.Collect$$libinit$$00000001)
    .ARM.Collect$$libinit$$00000004          0x080002e6   Section        0  libinit2.o(.ARM.Collect$$libinit$$00000004)
    .ARM.Collect$$libinit$$00000006          0x080002e6   Section        0  libinit2.o(.ARM.Collect$$libinit$$00000006)
    .ARM.Collect$$libinit$$0000000C          0x080002e6   Section        0  libinit2.o(.ARM.Collect$$libinit$$0000000C)
    .ARM.Collect$$libinit$$0000000E          0x080002e6   Section        0  libinit2.o(.ARM.Collect$$libinit$$0000000E)
    .ARM.Collect$$libinit$$00000010          0x080002e6   Section        0  libinit2.o(.ARM.Collect$$libinit$$00000010)
    .ARM.Collect$$libinit$$00000011          0x080002e6   Section        6  libinit2.o(.ARM.Collect$$libinit$$00000011)
    .ARM.Collect$$libinit$$00000013          0x080002ec   Section        0  libinit2.o(.ARM.Collect$$libinit$$00000013)
    .ARM.Collect$$libinit$$00000014          0x080002ec   Section       12  libinit2.o(.ARM.Collect$$libinit$$00000014)
    .ARM.Collect$$libinit$$00000015          0x080002f8   Section        0  libinit2.o(.ARM.Collect$$libinit$$00000015)
    .ARM.Collect$$libinit$$00000017          0x080002f8   Section        0  libinit2.o(.ARM.Collect$$libinit$$00000017)
    .ARM.Collect$$libinit$$00000018          0x080002f8   Section       10  libinit2.o(.ARM.Collect$$libinit$$00000018)
    .ARM.Collect$$libinit$$00000019          0x08000302   Section        0  libinit2.o(.ARM.Collect$$libinit$$00000019)
    .ARM.Collect$$libinit$$0000001B          0x08000302   Section        0  libinit2.o(.ARM.Collect$$libinit$$0000001B)
    .ARM.Collect$$libinit$$0000001D          0x08000302   Section        0  libinit2.o(.ARM.Collect$$libinit$$0000001D)
    .ARM.Collect$$libinit$$0000001F          0x08000302   Section        0  libinit2.o(.ARM.Collect$$libinit$$0000001F)
    .ARM.Collect$$libinit$$00000021          0x08000302   Section        0  libinit2.o(.ARM.Collect$$libinit$$00000021)
    .ARM.Collect$$libinit$$00000023          0x08000302   Section        0  libinit2.o(.ARM.Collect$$libinit$$00000023)
    .ARM.Collect$$libinit$$00000025          0x08000302   Section        0  libinit2.o(.ARM.Collect$$libinit$$00000025)
    .ARM.Collect$$libinit$$00000027          0x08000302   Section        0  libinit2.o(.ARM.Collect$$libinit$$00000027)
    .ARM.Collect$$libinit$$0000002E          0x08000302   Section        0  libinit2.o(.ARM.Collect$$libinit$$0000002E)
    .ARM.Collect$$libinit$$00000030          0x08000302   Section        0  libinit2.o(.ARM.Collect$$libinit$$00000030)
    .ARM.Collect$$libinit$$00000032          0x08000302   Section        0  libinit2.o(.ARM.Collect$$libinit$$00000032)
    .ARM.Collect$$libinit$$00000034          0x08000302   Section        0  libinit2.o(.ARM.Collect$$libinit$$00000034)
    .ARM.Collect$$libinit$$00000035          0x08000302   Section        2  libinit2.o(.ARM.Collect$$libinit$$00000035)
    .ARM.Collect$$libshutdown$$00000000      0x08000304   Section        2  libshutdown.o(.ARM.Collect$$libshutdown$$00000000)
    .ARM.Collect$$libshutdown$$00000002      0x08000306   Section        0  libshutdown2.o(.ARM.Collect$$libshutdown$$00000002)
    .ARM.Collect$$libshutdown$$00000004      0x08000306   Section        0  libshutdown2.o(.ARM.Collect$$libshutdown$$00000004)
    .ARM.Collect$$libshutdown$$00000007      0x08000306   Section        0  libshutdown2.o(.ARM.Collect$$libshutdown$$00000007)
    .ARM.Collect$$libshutdown$$0000000A      0x08000306   Section        0  libshutdown2.o(.ARM.Collect$$libshutdown$$0000000A)
    .ARM.Collect$$libshutdown$$0000000C      0x08000306   Section        0  libshutdown2.o(.ARM.Collect$$libshutdown$$0000000C)
    .ARM.Collect$$libshutdown$$0000000F      0x08000306   Section        0  libshutdown2.o(.ARM.Collect$$libshutdown$$0000000F)
    .ARM.Collect$$libshutdown$$00000010      0x08000306   Section        2  libshutdown2.o(.ARM.Collect$$libshutdown$$00000010)
    .ARM.Collect$$rtentry$$00000000          0x08000308   Section        0  __rtentry.o(.ARM.Collect$$rtentry$$00000000)
    .ARM.Collect$$rtentry$$00000002          0x08000308   Section        0  __rtentry2.o(.ARM.Collect$$rtentry$$00000002)
    .ARM.Collect$$rtentry$$00000004          0x08000308   Section        6  __rtentry4.o(.ARM.Collect$$rtentry$$00000004)
    .ARM.Collect$$rtentry$$00000009          0x0800030e   Section        0  __rtentry2.o(.ARM.Collect$$rtentry$$00000009)
    .ARM.Collect$$rtentry$$0000000A          0x0800030e   Section        4  __rtentry2.o(.ARM.Collect$$rtentry$$0000000A)
    .ARM.Collect$$rtentry$$0000000C          0x08000312   Section        0  __rtentry2.o(.ARM.Collect$$rtentry$$0000000C)
    .ARM.Collect$$rtentry$$0000000D          0x08000312   Section        8  __rtentry2.o(.ARM.Collect$$rtentry$$0000000D)
    .ARM.Collect$$rtexit$$00000000           0x0800031a   Section        2  rtexit.o(.ARM.Collect$$rtexit$$00000000)
    .ARM.Collect$$rtexit$$00000002           0x0800031c   Section        0  rtexit2.o(.ARM.Collect$$rtexit$$00000002)
    .ARM.Collect$$rtexit$$00000003           0x0800031c   Section        4  rtexit2.o(.ARM.Collect$$rtexit$$00000003)
    .ARM.Collect$$rtexit$$00000004           0x08000320   Section        6  rtexit2.o(.ARM.Collect$$rtexit$$00000004)
    $v0                                      0x08000328   Number         0  startup_stm32f401xe.o(.text)
    .text                                    0x08000328   Section       64  startup_stm32f401xe.o(.text)
    .text                                    0x08000368   Section        0  sprintf.o(.text)
    .text                                    0x08000394   Section        0  strstr.o(.text)
    .text                                    0x080003b8   Section        0  strlen.o(.text)
    .text                                    0x080003f6   Section        0  strcat.o(.text)
    .text                                    0x0800040e   Section       68  rt_memclr.o(.text)
    .text                                    0x08000452   Section        0  heapauxi.o(.text)
    .text                                    0x08000458   Section        0  _printf_pad.o(.text)
    .text                                    0x080004a6   Section        0  _printf_truncate.o(.text)
    .text                                    0x080004ca   Section        0  _printf_str.o(.text)
    .text                                    0x0800051c   Section        0  _printf_dec.o(.text)
    .text                                    0x08000594   Section        0  _printf_charcount.o(.text)
    _printf_input_char                       0x080005bd   Thumb Code    10  _printf_char_common.o(.text)
    .text                                    0x080005bc   Section        0  _printf_char_common.o(.text)
    .text                                    0x080005ec   Section        0  _sputc.o(.text)
    .text                                    0x080005f8   Section        0  _printf_wctomb.o(.text)
    .text                                    0x080006b4   Section        0  _printf_longlong_dec.o(.text)
    _printf_longlong_oct_internal            0x08000731   Thumb Code     0  _printf_oct_int_ll.o(.text)
    .text                                    0x08000730   Section        0  _printf_oct_int_ll.o(.text)
    _printf_hex_common                       0x080007a1   Thumb Code     0  _printf_hex_int_ll_ptr.o(.text)
    .text                                    0x080007a0   Section        0  _printf_hex_int_ll_ptr.o(.text)
    .text                                    0x08000834   Section        0  __printf_flags_ss_wp.o(.text)
    .text                                    0x080009bc   Section       78  rt_memclr_w.o(.text)
    .text                                    0x08000a0a   Section      138  lludiv10.o(.text)
    .text                                    0x08000a94   Section        0  _printf_intcommon.o(.text)
    _fp_digits                               0x08000b47   Thumb Code   432  _printf_fp_dec.o(.text)
    .text                                    0x08000b46   Section        0  _printf_fp_dec.o(.text)
    .text                                    0x08000f64   Section        0  _printf_fp_hex.o(.text)
    .text                                    0x08001260   Section        0  _printf_char.o(.text)
    .text                                    0x0800128c   Section        0  _printf_wchar.o(.text)
    .text                                    0x080012b8   Section        0  _c16rtomb.o(.text)
    .text                                    0x08001300   Section       74  sys_stackheap_outer.o(.text)
    .text                                    0x0800134c   Section       16  rt_ctype_table.o(.text)
    .text                                    0x0800135c   Section        8  rt_locale_intlibspace.o(.text)
    .text                                    0x08001364   Section        0  _printf_fp_infnan.o(.text)
    .text                                    0x080013e4   Section        0  bigflt0.o(.text)
    .text                                    0x080014c8   Section        0  exit.o(.text)
    .text                                    0x080014dc   Section        8  libspace.o(.text)
    .text                                    0x080014e8   Section      124  strcmpv7em.o(.text)
    .text                                    0x08001564   Section        0  sys_exit.o(.text)
    .text                                    0x08001570   Section        2  use_no_semi.o(.text)
    .text                                    0x08001572   Section        0  indicate_semi.o(.text)
    [Anonymous Symbol]                       0x08001574   Section        0  esp-01.o(.text.Clear_Buffer)
    [Anonymous Symbol]                       0x080015b4   Section        0  tim.o(.text.Delay_us)
    [Anonymous Symbol]                       0x0800160c   Section        0  esp-01.o(.text.ESP_Init)
    [Anonymous Symbol]                       0x0800170c   Section        0  esp-01.o(.text.ESP_Send)
    [Anonymous Symbol]                       0x080017d8   Section        0  tim.o(.text.MegaDelay_us)
    [Anonymous Symbol]                       0x08001804   Section        0  uart.o(.text.SendChar1)
    [Anonymous Symbol]                       0x08001834   Section        0  uart.o(.text.SendChar2)
    [Anonymous Symbol]                       0x08001864   Section        0  uart.o(.text.SendString1)
    [Anonymous Symbol]                       0x08001888   Section        0  uart.o(.text.SendString2)
    [Anonymous Symbol]                       0x080018ac   Section        0  esp-01.o(.text.Server_Handle)
    [Anonymous Symbol]                       0x080019d8   Section        0  esp-01.o(.text.Server_Start)
    [Anonymous Symbol]                       0x08001b2c   Section        0  system_stm32f4xx.o(.text.SystemInit)
    [Anonymous Symbol]                       0x08001b40   Section        0  tim.o(.text.TIM_Init)
    [Anonymous Symbol]                       0x08001b70   Section        0  uart.o(.text.UART_Init)
    [Anonymous Symbol]                       0x08001cc4   Section        0  main.o(.text.USART1_IRQHandler)
    [Anonymous Symbol]                       0x08001d24   Section        0  main.o(.text.USART2_IRQHandler)
    __NVIC_EnableIRQ                         0x08001d6d   Thumb Code    48  uart.o(.text.__NVIC_EnableIRQ)
    [Anonymous Symbol]                       0x08001d6c   Section        0  uart.o(.text.__NVIC_EnableIRQ)
    [Anonymous Symbol]                       0x08001d9c   Section        0  main.o(.text.main)
    CL$$btod_d2e                             0x08001dfa   Section       62  btod.o(CL$$btod_d2e)
    CL$$btod_d2e_denorm_low                  0x08001e38   Section       70  btod.o(CL$$btod_d2e_denorm_low)
    CL$$btod_d2e_norm_op1                    0x08001e7e   Section       96  btod.o(CL$$btod_d2e_norm_op1)
    CL$$btod_div_common                      0x08001ee0   Section      824  btod.o(CL$$btod_div_common)
    CL$$btod_e2e                             0x08002218   Section      220  btod.o(CL$$btod_e2e)
    CL$$btod_ediv                            0x080022f4   Section       42  btod.o(CL$$btod_ediv)
    CL$$btod_emul                            0x0800231e   Section       42  btod.o(CL$$btod_emul)
    CL$$btod_mult_common                     0x08002348   Section      580  btod.o(CL$$btod_mult_common)
    i.__ARM_fpclassify                       0x0800258c   Section        0  fpclassify.o(i.__ARM_fpclassify)
    i._is_digit                              0x080025bc   Section        0  __printf_wp.o(i._is_digit)
    locale$$code                             0x080025cc   Section       44  lc_numeric_c.o(locale$$code)
    locale$$code                             0x080025f8   Section       44  lc_ctype_c.o(locale$$code)
    $v0                                      0x08002624   Number         0  fpinit.o(x$fpl$fpinit)
    x$fpl$fpinit                             0x08002624   Section       26  fpinit.o(x$fpl$fpinit)
    $v0                                      0x0800263e   Number         0  printf1.o(x$fpl$printf1)
    x$fpl$printf1                            0x0800263e   Section        4  printf1.o(x$fpl$printf1)
    $v0                                      0x08002642   Number         0  printf2.o(x$fpl$printf2)
    x$fpl$printf2                            0x08002642   Section        4  printf2.o(x$fpl$printf2)
    x$fpl$usenofp                            0x08002646   Section        0  usenofp.o(x$fpl$usenofp)
    initial_mbstate                          0x08002648   Data           8  _printf_wctomb.o(.constdata)
    .constdata                               0x08002648   Section        8  _printf_wctomb.o(.constdata)
    uc_hextab                                0x08002650   Data          20  _printf_hex_int_ll_ptr.o(.constdata)
    .constdata                               0x08002650   Section       40  _printf_hex_int_ll_ptr.o(.constdata)
    lc_hextab                                0x08002664   Data          20  _printf_hex_int_ll_ptr.o(.constdata)
    maptable                                 0x08002678   Data          17  __printf_flags_ss_wp.o(.constdata)
    .constdata                               0x08002678   Section       17  __printf_flags_ss_wp.o(.constdata)
    lc_hextab                                0x08002689   Data          19  _printf_fp_hex.o(.constdata)
    .constdata                               0x08002689   Section       38  _printf_fp_hex.o(.constdata)
    uc_hextab                                0x0800269c   Data          19  _printf_fp_hex.o(.constdata)
    tenpwrs_x                                0x080026b0   Data          60  bigflt0.o(.constdata)
    .constdata                               0x080026b0   Section      148  bigflt0.o(.constdata)
    tenpwrs_i                                0x080026ec   Data          64  bigflt0.o(.constdata)
    .L.str.3                                 0x08002744   Data          38  esp-01.o(.rodata.str1.1)
    [Anonymous Symbol]                       0x08002744   Section        0  esp-01.o(.rodata.str1.1)
    .L.str.8                                 0x0800276a   Data          20  esp-01.o(.rodata.str1.1)
    .L.str.2                                 0x0800277e   Data          14  esp-01.o(.rodata.str1.1)
    .L.str.7                                 0x0800278c   Data          14  esp-01.o(.rodata.str1.1)
    .L.str.12                                0x0800279a   Data          16  esp-01.o(.rodata.str1.1)
    .L.str.4                                 0x080027aa   Data          20  esp-01.o(.rodata.str1.1)
    .L.str.13                                0x080027b9   Data           5  esp-01.o(.rodata.str1.1)
    .L.str.5                                 0x080027be   Data          11  esp-01.o(.rodata.str1.1)
    .L.str.1                                 0x080027c9   Data           5  esp-01.o(.rodata.str1.1)
    .L.str                                   0x080027ce   Data           9  esp-01.o(.rodata.str1.1)
    .L.str.9                                 0x080027d7   Data          19  esp-01.o(.rodata.str1.1)
    .L.str.20                                0x080027ea   Data           7  esp-01.o(.rodata.str1.1)
    .L.str.21                                0x080027ee   Data           3  esp-01.o(.rodata.str1.1)
    .L.str.19                                0x080027f1   Data           6  esp-01.o(.rodata.str1.1)
    .L.str.10                                0x080027f7   Data           2  esp-01.o(.rodata.str1.1)
    .L.str.17                                0x080027f9   Data          16  esp-01.o(.rodata.str1.1)
    .L.str.11                                0x08002809   Data           8  esp-01.o(.rodata.str1.1)
    .L.str.6                                 0x08002811   Data          12  esp-01.o(.rodata.str1.1)
    .L.str.18                                0x0800281d   Data           8  esp-01.o(.rodata.str1.1)
    .L.str.24                                0x08002825   Data           7  esp-01.o(.rodata.str1.1)
    .L.str.16                                0x08002829   Data           3  esp-01.o(.rodata.str1.1)
    .L.str.23                                0x0800282c   Data          12  esp-01.o(.rodata.str1.1)
    .L.str.15                                0x08002830   Data           8  esp-01.o(.rodata.str1.1)
    .L.str.22                                0x08002838   Data          11  esp-01.o(.rodata.str1.1)
    .L.str.14                                0x0800283c   Data           7  esp-01.o(.rodata.str1.1)
    locale$$data                             0x08002864   Section       28  lc_numeric_c.o(locale$$data)
    __lcnum_c_name                           0x08002868   Data           2  lc_numeric_c.o(locale$$data)
    __lcnum_c_start                          0x08002870   Data           0  lc_numeric_c.o(locale$$data)
    __lcnum_c_point                          0x0800287c   Data           0  lc_numeric_c.o(locale$$data)
    __lcnum_c_thousands                      0x0800287e   Data           0  lc_numeric_c.o(locale$$data)
    __lcnum_c_grouping                       0x0800287f   Data           0  lc_numeric_c.o(locale$$data)
    __lcnum_c_end                            0x08002880   Data           0  lc_numeric_c.o(locale$$data)
    locale$$data                             0x08002880   Section      272  lc_ctype_c.o(locale$$data)
    __lcctype_c_name                         0x08002884   Data           2  lc_ctype_c.o(locale$$data)
    __lcctype_c_start                        0x0800288c   Data           0  lc_ctype_c.o(locale$$data)
    __lcctype_c_end                          0x08002990   Data           0  lc_ctype_c.o(locale$$data)
    .bss                                     0x20000400   Section       96  libspace.o(.bss)
    Heap_Mem                                 0x20000538   Data         512  startup_stm32f401xe.o(HEAP)
    HEAP                                     0x20000538   Section      512  startup_stm32f401xe.o(HEAP)
    Stack_Mem                                0x20000738   Data        1024  startup_stm32f401xe.o(STACK)
    STACK                                    0x20000738   Section     1024  startup_stm32f401xe.o(STACK)
    __initial_sp                             0x20000b38   Data           0  startup_stm32f401xe.o(STACK)

    Global Symbols

    Symbol Name                              Value     Ov Type        Size  Object(Section)

    BuildAttributes$$THM_ISAv4$E$P$D$K$B$S$7EM$VFPi3$EXTD16$VFPS$VFMA$PE$A:L22UL41UL21$X:L11$S22US41US21$IEEE1$IW$~IW$USESV6$~STKCKD$USESV7$~SHL$OTIME$ROPI$IEEEJ$EBA8$UX$STANDARDLIB$REQ8$PRES8$EABIv2 0x00000000   Number         0  anon$$obj.o ABSOLUTE
    _printf_flags                            0x00000000   Number         0  printf_stubs.o ABSOLUTE
    _printf_return_value                     0x00000000   Number         0  printf_stubs.o ABSOLUTE
    _printf_sizespec                         0x00000000   Number         0  printf_stubs.o ABSOLUTE
    _printf_widthprec                        0x00000000   Number         0  printf_stubs.o ABSOLUTE
    __ARM_exceptions_init                     - Undefined Weak Reference
    __alloca_initialize                       - Undefined Weak Reference
    __arm_preinit_                            - Undefined Weak Reference
    __arm_relocate_pie_                       - Undefined Weak Reference
    __cpp_initialize__aeabi_                  - Undefined Weak Reference
    __cxa_finalize                            - Undefined Weak Reference
    __sigvec_lookup                           - Undefined Weak Reference
    _atexit_init                              - Undefined Weak Reference
    _call_atexit_fns                          - Undefined Weak Reference
    _clock_init                               - Undefined Weak Reference
    _fp_trap_init                             - Undefined Weak Reference
    _fp_trap_shutdown                         - Undefined Weak Reference
    _get_lc_collate                           - Undefined Weak Reference
    _get_lc_monetary                          - Undefined Weak Reference
    _get_lc_time                              - Undefined Weak Reference
    _getenv_init                              - Undefined Weak Reference
    _handle_redirection                       - Undefined Weak Reference
    _init_alloc                               - Undefined Weak Reference
    _init_user_alloc                          - Undefined Weak Reference
    _initio                                   - Undefined Weak Reference
    _printf_mbtowc                            - Undefined Weak Reference
    _printf_wc                                - Undefined Weak Reference
    _rand_init                                - Undefined Weak Reference
    _signal_finish                            - Undefined Weak Reference
    _signal_init                              - Undefined Weak Reference
    _terminate_alloc                          - Undefined Weak Reference
    _terminate_user_alloc                     - Undefined Weak Reference
    _terminateio                              - Undefined Weak Reference
    __Vectors_Size                           0x00000194   Number         0  startup_stm32f401xe.o ABSOLUTE
    __Vectors                                0x08000000   Data           4  startup_stm32f401xe.o(RESET)
    __Vectors_End                            0x08000194   Data           0  startup_stm32f401xe.o(RESET)
    __main                                   0x08000195   Thumb Code     8  __main.o(!!!main)
    __scatterload                            0x0800019d   Thumb Code     0  __scatter.o(!!!scatter)
    __scatterload_rt2                        0x0800019d   Thumb Code    44  __scatter.o(!!!scatter)
    __scatterload_rt2_thumb_only             0x0800019d   Thumb Code     0  __scatter.o(!!!scatter)
    __scatterload_null                       0x080001ab   Thumb Code     0  __scatter.o(!!!scatter)
    __decompress                             0x080001d1   Thumb Code   100  __dclz77c.o(!!dclz77c)
    __decompress2                            0x080001d1   Thumb Code     0  __dclz77c.o(!!dclz77c)
    __scatterload_zeroinit                   0x08000235   Thumb Code    28  __scatter_zi.o(!!handler_zi)
    _printf_n                                0x08000251   Thumb Code     0  _printf_n.o(.ARM.Collect$$_printf_percent$$00000001)
    _printf_percent                          0x08000251   Thumb Code     0  _printf_percent.o(.ARM.Collect$$_printf_percent$$00000000)
    _printf_p                                0x08000257   Thumb Code     0  _printf_p.o(.ARM.Collect$$_printf_percent$$00000002)
    _printf_f                                0x0800025d   Thumb Code     0  _printf_f.o(.ARM.Collect$$_printf_percent$$00000003)
    _printf_e                                0x08000263   Thumb Code     0  _printf_e.o(.ARM.Collect$$_printf_percent$$00000004)
    _printf_g                                0x08000269   Thumb Code     0  _printf_g.o(.ARM.Collect$$_printf_percent$$00000005)
    _printf_a                                0x0800026f   Thumb Code     0  _printf_a.o(.ARM.Collect$$_printf_percent$$00000006)
    _printf_ll                               0x08000275   Thumb Code     0  _printf_ll.o(.ARM.Collect$$_printf_percent$$00000007)
    _printf_i                                0x0800027f   Thumb Code     0  _printf_i.o(.ARM.Collect$$_printf_percent$$00000008)
    _printf_d                                0x08000285   Thumb Code     0  _printf_d.o(.ARM.Collect$$_printf_percent$$00000009)
    _printf_u                                0x0800028b   Thumb Code     0  _printf_u.o(.ARM.Collect$$_printf_percent$$0000000A)
    _printf_o                                0x08000291   Thumb Code     0  _printf_o.o(.ARM.Collect$$_printf_percent$$0000000B)
    _printf_x                                0x08000297   Thumb Code     0  _printf_x.o(.ARM.Collect$$_printf_percent$$0000000C)
    _printf_lli                              0x0800029d   Thumb Code     0  _printf_lli.o(.ARM.Collect$$_printf_percent$$0000000D)
    _printf_lld                              0x080002a3   Thumb Code     0  _printf_lld.o(.ARM.Collect$$_printf_percent$$0000000E)
    _printf_llu                              0x080002a9   Thumb Code     0  _printf_llu.o(.ARM.Collect$$_printf_percent$$0000000F)
    _printf_llo                              0x080002af   Thumb Code     0  _printf_llo.o(.ARM.Collect$$_printf_percent$$00000010)
    _printf_llx                              0x080002b5   Thumb Code     0  _printf_llx.o(.ARM.Collect$$_printf_percent$$00000011)
    _printf_l                                0x080002bb   Thumb Code     0  _printf_l.o(.ARM.Collect$$_printf_percent$$00000012)
    _printf_c                                0x080002c5   Thumb Code     0  _printf_c.o(.ARM.Collect$$_printf_percent$$00000013)
    _printf_s                                0x080002cb   Thumb Code     0  _printf_s.o(.ARM.Collect$$_printf_percent$$00000014)
    _printf_lc                               0x080002d1   Thumb Code     0  _printf_lc.o(.ARM.Collect$$_printf_percent$$00000015)
    _printf_ls                               0x080002d7   Thumb Code     0  _printf_ls.o(.ARM.Collect$$_printf_percent$$00000016)
    _printf_percent_end                      0x080002dd   Thumb Code     0  _printf_percent_end.o(.ARM.Collect$$_printf_percent$$00000017)
    __rt_lib_init                            0x080002e1   Thumb Code     0  libinit.o(.ARM.Collect$$libinit$$00000000)
    __rt_lib_init_fp_1                       0x080002e3   Thumb Code     0  libinit2.o(.ARM.Collect$$libinit$$00000001)
    __rt_lib_init_heap_1                     0x080002e7   Thumb Code     0  libinit2.o(.ARM.Collect$$libinit$$0000000C)
    __rt_lib_init_lc_common                  0x080002e7   Thumb Code     0  libinit2.o(.ARM.Collect$$libinit$$00000011)
    __rt_lib_init_preinit_1                  0x080002e7   Thumb Code     0  libinit2.o(.ARM.Collect$$libinit$$00000006)
    __rt_lib_init_rand_1                     0x080002e7   Thumb Code     0  libinit2.o(.ARM.Collect$$libinit$$00000010)
    __rt_lib_init_relocate_pie_1             0x080002e7   Thumb Code     0  libinit2.o(.ARM.Collect$$libinit$$00000004)
    __rt_lib_init_user_alloc_1               0x080002e7   Thumb Code     0  libinit2.o(.ARM.Collect$$libinit$$0000000E)
    __rt_lib_init_lc_collate_1               0x080002ed   Thumb Code     0  libinit2.o(.ARM.Collect$$libinit$$00000013)
    __rt_lib_init_lc_ctype_2                 0x080002ed   Thumb Code     0  libinit2.o(.ARM.Collect$$libinit$$00000014)
    __rt_lib_init_lc_ctype_1                 0x080002f9   Thumb Code     0  libinit2.o(.ARM.Collect$$libinit$$00000015)
    __rt_lib_init_lc_monetary_1              0x080002f9   Thumb Code     0  libinit2.o(.ARM.Collect$$libinit$$00000017)
    __rt_lib_init_lc_numeric_2               0x080002f9   Thumb Code     0  libinit2.o(.ARM.Collect$$libinit$$00000018)
    __rt_lib_init_alloca_1                   0x08000303   Thumb Code     0  libinit2.o(.ARM.Collect$$libinit$$00000030)
    __rt_lib_init_argv_1                     0x08000303   Thumb Code     0  libinit2.o(.ARM.Collect$$libinit$$0000002E)
    __rt_lib_init_atexit_1                   0x08000303   Thumb Code     0  libinit2.o(.ARM.Collect$$libinit$$0000001D)
    __rt_lib_init_clock_1                    0x08000303   Thumb Code     0  libinit2.o(.ARM.Collect$$libinit$$00000023)
    __rt_lib_init_cpp_1                      0x08000303   Thumb Code     0  libinit2.o(.ARM.Collect$$libinit$$00000034)
    __rt_lib_init_exceptions_1               0x08000303   Thumb Code     0  libinit2.o(.ARM.Collect$$libinit$$00000032)
    __rt_lib_init_fp_trap_1                  0x08000303   Thumb Code     0  libinit2.o(.ARM.Collect$$libinit$$00000021)
    __rt_lib_init_getenv_1                   0x08000303   Thumb Code     0  libinit2.o(.ARM.Collect$$libinit$$00000025)
    __rt_lib_init_lc_numeric_1               0x08000303   Thumb Code     0  libinit2.o(.ARM.Collect$$libinit$$00000019)
    __rt_lib_init_lc_time_1                  0x08000303   Thumb Code     0  libinit2.o(.ARM.Collect$$libinit$$0000001B)
    __rt_lib_init_return                     0x08000303   Thumb Code     0  libinit2.o(.ARM.Collect$$libinit$$00000035)
    __rt_lib_init_signal_1                   0x08000303   Thumb Code     0  libinit2.o(.ARM.Collect$$libinit$$0000001F)
    __rt_lib_init_stdio_1                    0x08000303   Thumb Code     0  libinit2.o(.ARM.Collect$$libinit$$00000027)
    __rt_lib_shutdown                        0x08000305   Thumb Code     0  libshutdown.o(.ARM.Collect$$libshutdown$$00000000)
    __rt_lib_shutdown_cpp_1                  0x08000307   Thumb Code     0  libshutdown2.o(.ARM.Collect$$libshutdown$$00000002)
    __rt_lib_shutdown_fp_trap_1              0x08000307   Thumb Code     0  libshutdown2.o(.ARM.Collect$$libshutdown$$00000007)
    __rt_lib_shutdown_heap_1                 0x08000307   Thumb Code     0  libshutdown2.o(.ARM.Collect$$libshutdown$$0000000F)
    __rt_lib_shutdown_return                 0x08000307   Thumb Code     0  libshutdown2.o(.ARM.Collect$$libshutdown$$00000010)
    __rt_lib_shutdown_signal_1               0x08000307   Thumb Code     0  libshutdown2.o(.ARM.Collect$$libshutdown$$0000000A)
    __rt_lib_shutdown_stdio_1                0x08000307   Thumb Code     0  libshutdown2.o(.ARM.Collect$$libshutdown$$00000004)
    __rt_lib_shutdown_user_alloc_1           0x08000307   Thumb Code     0  libshutdown2.o(.ARM.Collect$$libshutdown$$0000000C)
    __rt_entry                               0x08000309   Thumb Code     0  __rtentry.o(.ARM.Collect$$rtentry$$00000000)
    __rt_entry_presh_1                       0x08000309   Thumb Code     0  __rtentry2.o(.ARM.Collect$$rtentry$$00000002)
    __rt_entry_sh                            0x08000309   Thumb Code     0  __rtentry4.o(.ARM.Collect$$rtentry$$00000004)
    __rt_entry_li                            0x0800030f   Thumb Code     0  __rtentry2.o(.ARM.Collect$$rtentry$$0000000A)
    __rt_entry_postsh_1                      0x0800030f   Thumb Code     0  __rtentry2.o(.ARM.Collect$$rtentry$$00000009)
    __rt_entry_main                          0x08000313   Thumb Code     0  __rtentry2.o(.ARM.Collect$$rtentry$$0000000D)
    __rt_entry_postli_1                      0x08000313   Thumb Code     0  __rtentry2.o(.ARM.Collect$$rtentry$$0000000C)
    __rt_exit                                0x0800031b   Thumb Code     0  rtexit.o(.ARM.Collect$$rtexit$$00000000)
    __rt_exit_ls                             0x0800031d   Thumb Code     0  rtexit2.o(.ARM.Collect$$rtexit$$00000003)
    __rt_exit_prels_1                        0x0800031d   Thumb Code     0  rtexit2.o(.ARM.Collect$$rtexit$$00000002)
    __rt_exit_exit                           0x08000321   Thumb Code     0  rtexit2.o(.ARM.Collect$$rtexit$$00000004)
    Reset_Handler                            0x08000329   Thumb Code     8  startup_stm32f401xe.o(.text)
    NMI_Handler                              0x08000331   Thumb Code     2  startup_stm32f401xe.o(.text)
    HardFault_Handler                        0x08000333   Thumb Code     2  startup_stm32f401xe.o(.text)
    MemManage_Handler                        0x08000335   Thumb Code     2  startup_stm32f401xe.o(.text)
    BusFault_Handler                         0x08000337   Thumb Code     2  startup_stm32f401xe.o(.text)
    UsageFault_Handler                       0x08000339   Thumb Code     2  startup_stm32f401xe.o(.text)
    SVC_Handler                              0x0800033b   Thumb Code     2  startup_stm32f401xe.o(.text)
    DebugMon_Handler                         0x0800033d   Thumb Code     2  startup_stm32f401xe.o(.text)
    PendSV_Handler                           0x0800033f   Thumb Code     2  startup_stm32f401xe.o(.text)
    SysTick_Handler                          0x08000341   Thumb Code     2  startup_stm32f401xe.o(.text)
    ADC_IRQHandler                           0x08000343   Thumb Code     0  startup_stm32f401xe.o(.text)
    DMA1_Stream0_IRQHandler                  0x08000343   Thumb Code     0  startup_stm32f401xe.o(.text)
    DMA1_Stream1_IRQHandler                  0x08000343   Thumb Code     0  startup_stm32f401xe.o(.text)
    DMA1_Stream2_IRQHandler                  0x08000343   Thumb Code     0  startup_stm32f401xe.o(.text)
    DMA1_Stream3_IRQHandler                  0x08000343   Thumb Code     0  startup_stm32f401xe.o(.text)
    DMA1_Stream4_IRQHandler                  0x08000343   Thumb Code     0  startup_stm32f401xe.o(.text)
    DMA1_Stream5_IRQHandler                  0x08000343   Thumb Code     0  startup_stm32f401xe.o(.text)
    DMA1_Stream6_IRQHandler                  0x08000343   Thumb Code     0  startup_stm32f401xe.o(.text)
    DMA1_Stream7_IRQHandler                  0x08000343   Thumb Code     0  startup_stm32f401xe.o(.text)
    DMA2_Stream0_IRQHandler                  0x08000343   Thumb Code     0  startup_stm32f401xe.o(.text)
    DMA2_Stream1_IRQHandler                  0x08000343   Thumb Code     0  startup_stm32f401xe.o(.text)
    DMA2_Stream2_IRQHandler                  0x08000343   Thumb Code     0  startup_stm32f401xe.o(.text)
    DMA2_Stream3_IRQHandler                  0x08000343   Thumb Code     0  startup_stm32f401xe.o(.text)
    DMA2_Stream4_IRQHandler                  0x08000343   Thumb Code     0  startup_stm32f401xe.o(.text)
    DMA2_Stream5_IRQHandler                  0x08000343   Thumb Code     0  startup_stm32f401xe.o(.text)
    DMA2_Stream6_IRQHandler                  0x08000343   Thumb Code     0  startup_stm32f401xe.o(.text)
    DMA2_Stream7_IRQHandler                  0x08000343   Thumb Code     0  startup_stm32f401xe.o(.text)
    EXTI0_IRQHandler                         0x08000343   Thumb Code     0  startup_stm32f401xe.o(.text)
    EXTI15_10_IRQHandler                     0x08000343   Thumb Code     0  startup_stm32f401xe.o(.text)
    EXTI1_IRQHandler                         0x08000343   Thumb Code     0  startup_stm32f401xe.o(.text)
    EXTI2_IRQHandler                         0x08000343   Thumb Code     0  startup_stm32f401xe.o(.text)
    EXTI3_IRQHandler                         0x08000343   Thumb Code     0  startup_stm32f401xe.o(.text)
    EXTI4_IRQHandler                         0x08000343   Thumb Code     0  startup_stm32f401xe.o(.text)
    EXTI9_5_IRQHandler                       0x08000343   Thumb Code     0  startup_stm32f401xe.o(.text)
    FLASH_IRQHandler                         0x08000343   Thumb Code     0  startup_stm32f401xe.o(.text)
    FPU_IRQHandler                           0x08000343   Thumb Code     0  startup_stm32f401xe.o(.text)
    I2C1_ER_IRQHandler                       0x08000343   Thumb Code     0  startup_stm32f401xe.o(.text)
    I2C1_EV_IRQHandler                       0x08000343   Thumb Code     0  startup_stm32f401xe.o(.text)
    I2C2_ER_IRQHandler                       0x08000343   Thumb Code     0  startup_stm32f401xe.o(.text)
    I2C2_EV_IRQHandler                       0x08000343   Thumb Code     0  startup_stm32f401xe.o(.text)
    I2C3_ER_IRQHandler                       0x08000343   Thumb Code     0  startup_stm32f401xe.o(.text)
    I2C3_EV_IRQHandler                       0x08000343   Thumb Code     0  startup_stm32f401xe.o(.text)
    OTG_FS_IRQHandler                        0x08000343   Thumb Code     0  startup_stm32f401xe.o(.text)
    OTG_FS_WKUP_IRQHandler                   0x08000343   Thumb Code     0  startup_stm32f401xe.o(.text)
    PVD_IRQHandler                           0x08000343   Thumb Code     0  startup_stm32f401xe.o(.text)
    RCC_IRQHandler                           0x08000343   Thumb Code     0  startup_stm32f401xe.o(.text)
    RTC_Alarm_IRQHandler                     0x08000343   Thumb Code     0  startup_stm32f401xe.o(.text)
    RTC_WKUP_IRQHandler                      0x08000343   Thumb Code     0  startup_stm32f401xe.o(.text)
    SDIO_IRQHandler                          0x08000343   Thumb Code     0  startup_stm32f401xe.o(.text)
    SPI1_IRQHandler                          0x08000343   Thumb Code     0  startup_stm32f401xe.o(.text)
    SPI2_IRQHandler                          0x08000343   Thumb Code     0  startup_stm32f401xe.o(.text)
    SPI3_IRQHandler                          0x08000343   Thumb Code     0  startup_stm32f401xe.o(.text)
    SPI4_IRQHandler                          0x08000343   Thumb Code     0  startup_stm32f401xe.o(.text)
    TAMP_STAMP_IRQHandler                    0x08000343   Thumb Code     0  startup_stm32f401xe.o(.text)
    TIM1_BRK_TIM9_IRQHandler                 0x08000343   Thumb Code     0  startup_stm32f401xe.o(.text)
    TIM1_CC_IRQHandler                       0x08000343   Thumb Code     0  startup_stm32f401xe.o(.text)
    TIM1_TRG_COM_TIM11_IRQHandler            0x08000343   Thumb Code     0  startup_stm32f401xe.o(.text)
    TIM1_UP_TIM10_IRQHandler                 0x08000343   Thumb Code     0  startup_stm32f401xe.o(.text)
    TIM2_IRQHandler                          0x08000343   Thumb Code     0  startup_stm32f401xe.o(.text)
    TIM3_IRQHandler                          0x08000343   Thumb Code     0  startup_stm32f401xe.o(.text)
    TIM4_IRQHandler                          0x08000343   Thumb Code     0  startup_stm32f401xe.o(.text)
    TIM5_IRQHandler                          0x08000343   Thumb Code     0  startup_stm32f401xe.o(.text)
    USART6_IRQHandler                        0x08000343   Thumb Code     0  startup_stm32f401xe.o(.text)
    WWDG_IRQHandler                          0x08000343   Thumb Code     0  startup_stm32f401xe.o(.text)
    __user_initial_stackheap                 0x08000345   Thumb Code     0  startup_stm32f401xe.o(.text)
    sprintf                                  0x08000369   Thumb Code    38  sprintf.o(.text)
    strstr                                   0x08000395   Thumb Code    36  strstr.o(.text)
    strlen                                   0x080003b9   Thumb Code    62  strlen.o(.text)
    strcat                                   0x080003f7   Thumb Code    24  strcat.o(.text)
    __aeabi_memclr                           0x0800040f   Thumb Code     0  rt_memclr.o(.text)
    __rt_memclr                              0x0800040f   Thumb Code     0  rt_memclr.o(.text)
    _memset                                  0x08000413   Thumb Code    64  rt_memclr.o(.text)
    __use_two_region_memory                  0x08000453   Thumb Code     2  heapauxi.o(.text)
    __rt_heap_escrow$2region                 0x08000455   Thumb Code     2  heapauxi.o(.text)
    __rt_heap_expand$2region                 0x08000457   Thumb Code     2  heapauxi.o(.text)
    _printf_pre_padding                      0x08000459   Thumb Code    44  _printf_pad.o(.text)
    _printf_post_padding                     0x08000485   Thumb Code    34  _printf_pad.o(.text)
    _printf_truncate_signed                  0x080004a7   Thumb Code    18  _printf_truncate.o(.text)
    _printf_truncate_unsigned                0x080004b9   Thumb Code    18  _printf_truncate.o(.text)
    _printf_str                              0x080004cb   Thumb Code    82  _printf_str.o(.text)
    _printf_int_dec                          0x0800051d   Thumb Code   104  _printf_dec.o(.text)
    _printf_charcount                        0x08000595   Thumb Code    40  _printf_charcount.o(.text)
    _printf_char_common                      0x080005c7   Thumb Code    32  _printf_char_common.o(.text)
    _sputc                                   0x080005ed   Thumb Code    10  _sputc.o(.text)
    _printf_wctomb                           0x080005f9   Thumb Code   182  _printf_wctomb.o(.text)
    _printf_longlong_dec                     0x080006b5   Thumb Code   108  _printf_longlong_dec.o(.text)
    _printf_longlong_oct                     0x08000731   Thumb Code    68  _printf_oct_int_ll.o(.text)
    _printf_int_oct                          0x08000775   Thumb Code    24  _printf_oct_int_ll.o(.text)
    _printf_ll_oct                           0x0800078d   Thumb Code    12  _printf_oct_int_ll.o(.text)
    _printf_longlong_hex                     0x080007a1   Thumb Code    86  _printf_hex_int_ll_ptr.o(.text)
    _printf_int_hex                          0x080007f7   Thumb Code    28  _printf_hex_int_ll_ptr.o(.text)
    _printf_ll_hex                           0x08000813   Thumb Code    12  _printf_hex_int_ll_ptr.o(.text)
    _printf_hex_ptr                          0x0800081f   Thumb Code    18  _printf_hex_int_ll_ptr.o(.text)
    __printf                                 0x08000835   Thumb Code   388  __printf_flags_ss_wp.o(.text)
    __aeabi_memclr4                          0x080009bd   Thumb Code     0  rt_memclr_w.o(.text)
    __aeabi_memclr8                          0x080009bd   Thumb Code     0  rt_memclr_w.o(.text)
    __rt_memclr_w                            0x080009bd   Thumb Code     0  rt_memclr_w.o(.text)
    _memset_w                                0x080009c1   Thumb Code    74  rt_memclr_w.o(.text)
    _ll_udiv10                               0x08000a0b   Thumb Code   138  lludiv10.o(.text)
    _printf_int_common                       0x08000a95   Thumb Code   178  _printf_intcommon.o(.text)
    _printf_fp_dec_real                      0x08000cf7   Thumb Code   620  _printf_fp_dec.o(.text)
    _printf_fp_hex_real                      0x08000f65   Thumb Code   756  _printf_fp_hex.o(.text)
    _printf_cs_common                        0x08001261   Thumb Code    20  _printf_char.o(.text)
    _printf_char                             0x08001275   Thumb Code    16  _printf_char.o(.text)
    _printf_string                           0x08001285   Thumb Code     8  _printf_char.o(.text)
    _printf_lcs_common                       0x0800128d   Thumb Code    20  _printf_wchar.o(.text)
    _printf_wchar                            0x080012a1   Thumb Code    16  _printf_wchar.o(.text)
    _printf_wstring                          0x080012b1   Thumb Code     8  _printf_wchar.o(.text)
    _c16rtomb                                0x080012b9   Thumb Code    72  _c16rtomb.o(.text)
    _wcrtomb                                 0x080012b9   Thumb Code     0  _c16rtomb.o(.text)
    __user_setup_stackheap                   0x08001301   Thumb Code    74  sys_stackheap_outer.o(.text)
    __rt_ctype_table                         0x0800134d   Thumb Code    16  rt_ctype_table.o(.text)
    __rt_locale                              0x0800135d   Thumb Code     8  rt_locale_intlibspace.o(.text)
    _printf_fp_infnan                        0x08001365   Thumb Code   112  _printf_fp_infnan.o(.text)
    _btod_etento                             0x080013e5   Thumb Code   224  bigflt0.o(.text)
    exit                                     0x080014c9   Thumb Code    18  exit.o(.text)
    __user_libspace                          0x080014dd   Thumb Code     8  libspace.o(.text)
    __user_perproc_libspace                  0x080014dd   Thumb Code     0  libspace.o(.text)
    __user_perthread_libspace                0x080014dd   Thumb Code     0  libspace.o(.text)
    strcmp                                   0x080014e9   Thumb Code   124  strcmpv7em.o(.text)
    _sys_exit                                0x08001565   Thumb Code     8  sys_exit.o(.text)
    __I$use$semihosting                      0x08001571   Thumb Code     0  use_no_semi.o(.text)
    __use_no_semihosting_swi                 0x08001571   Thumb Code     2  use_no_semi.o(.text)
    __semihosting_library_function           0x08001573   Thumb Code     0  indicate_semi.o(.text)
    Clear_Buffer                             0x08001575   Thumb Code    64  esp-01.o(.text.Clear_Buffer)
    Delay_us                                 0x080015b5   Thumb Code    88  tim.o(.text.Delay_us)
    ESP_Init                                 0x0800160d   Thumb Code   254  esp-01.o(.text.ESP_Init)
    ESP_Send                                 0x0800170d   Thumb Code   204  esp-01.o(.text.ESP_Send)
    MegaDelay_us                             0x080017d9   Thumb Code    44  tim.o(.text.MegaDelay_us)
    SendChar1                                0x08001805   Thumb Code    46  uart.o(.text.SendChar1)
    SendChar2                                0x08001835   Thumb Code    46  uart.o(.text.SendChar2)
    SendString1                              0x08001865   Thumb Code    34  uart.o(.text.SendString1)
    SendString2                              0x08001889   Thumb Code    34  uart.o(.text.SendString2)
    Server_Handle                            0x080018ad   Thumb Code   298  esp-01.o(.text.Server_Handle)
    Server_Start                             0x080019d9   Thumb Code   340  esp-01.o(.text.Server_Start)
    SystemInit                               0x08001b2d   Thumb Code    18  system_stm32f4xx.o(.text.SystemInit)
    TIM_Init                                 0x08001b41   Thumb Code    48  tim.o(.text.TIM_Init)
    UART_Init                                0x08001b71   Thumb Code   340  uart.o(.text.UART_Init)
    USART1_IRQHandler                        0x08001cc5   Thumb Code    94  main.o(.text.USART1_IRQHandler)
    USART2_IRQHandler                        0x08001d25   Thumb Code    70  main.o(.text.USART2_IRQHandler)
    main                                     0x08001d9d   Thumb Code    94  main.o(.text.main)
    _btod_d2e                                0x08001dfb   Thumb Code    62  btod.o(CL$$btod_d2e)
    _d2e_denorm_low                          0x08001e39   Thumb Code    70  btod.o(CL$$btod_d2e_denorm_low)
    _d2e_norm_op1                            0x08001e7f   Thumb Code    96  btod.o(CL$$btod_d2e_norm_op1)
    __btod_div_common                        0x08001ee1   Thumb Code   696  btod.o(CL$$btod_div_common)
    _e2e                                     0x08002219   Thumb Code   220  btod.o(CL$$btod_e2e)
    _btod_ediv                               0x080022f5   Thumb Code    42  btod.o(CL$$btod_ediv)
    _btod_emul                               0x0800231f   Thumb Code    42  btod.o(CL$$btod_emul)
    __btod_mult_common                       0x08002349   Thumb Code   580  btod.o(CL$$btod_mult_common)
    __ARM_fpclassify                         0x0800258d   Thumb Code    48  fpclassify.o(i.__ARM_fpclassify)
    _is_digit                                0x080025bd   Thumb Code    14  __printf_wp.o(i._is_digit)
    _get_lc_numeric                          0x080025cd   Thumb Code    44  lc_numeric_c.o(locale$$code)
    _get_lc_ctype                            0x080025f9   Thumb Code    44  lc_ctype_c.o(locale$$code)
    _fp_init                                 0x08002625   Thumb Code    26  fpinit.o(x$fpl$fpinit)
    __fplib_config_fpu_vfp                   0x0800263d   Thumb Code     0  fpinit.o(x$fpl$fpinit)
    __fplib_config_pureend_doubles           0x0800263d   Thumb Code     0  fpinit.o(x$fpl$fpinit)
    _printf_fp_dec                           0x0800263f   Thumb Code     4  printf1.o(x$fpl$printf1)
    _printf_fp_hex                           0x08002643   Thumb Code     4  printf2.o(x$fpl$printf2)
    __I$use$fp                               0x08002646   Number         0  usenofp.o(x$fpl$usenofp)
    Region$$Table$$Base                      0x08002844   Number         0  anon$$obj.o(Region$$Table)
    Region$$Table$$Limit                     0x08002864   Number         0  anon$$obj.o(Region$$Table)
    __ctype                                  0x0800288d   Data           0  lc_ctype_c.o(locale$$data)
    LED_OFF                                  0x20000000   Data          72  esp-01.o(.data.LED_OFF)
    LED_ON                                   0x20000048   Data          73  esp-01.o(.data.LED_ON)
    Terminate                                0x20000091   Data          15  esp-01.o(.data.Terminate)
    basic_page                               0x200000a0   Data         863  esp-01.o(.data.basic_page)
    __libspace_start                         0x20000400   Data          96  libspace.o(.bss)
    D                                        0x20000460   Data           4  esp-01.o(.bss.D)
    __temporary_stack_top$libspace           0x20000460   Data           0  libspace.o(.bss)
    LinkID                                   0x20000464   Data           1  esp-01.o(.bss.LinkID)
    buffer                                   0x20000465   Data         200  esp-01.o(.bss.buffer)
    buffer_counter                           0x2000052d   Data           1  esp-01.o(.bss.buffer_counter)
    init_flag                                0x2000052e   Data           1  main.o(.bss.init_flag)
    pa                                       0x20000530   Data           4  esp-01.o(.bss.pa)
    str                                      0x20000534   Data           1  main.o(.bss.str)



==============================================================================

Memory Map of the image

  Image Entry point : 0x08000329

  Load Region LR_1 (Base: 0x08000000, Size: 0x00002d90, Max: 0xffffffff, ABSOLUTE, COMPRESSED[0x00002c2c])

    Execution Region ER_RO (Exec base: 0x08000000, Load base: 0x08000000, Size: 0x00002990, Max: 0xffffffff, ABSOLUTE)

    Exec Addr    Load Addr    Size         Type   Attr      Idx    E Section Name        Object

    0x08000000   0x08000000   0x00000194   Data   RO          121    RESET               startup_stm32f401xe.o
    0x08000194   0x08000194   0x00000008   Code   RO          156  * !!!main             c_w.l(__main.o)
    0x0800019c   0x0800019c   0x00000034   Code   RO          497    !!!scatter          c_w.l(__scatter.o)
    0x080001d0   0x080001d0   0x00000064   Code   RO          495    !!dclz77c           c_w.l(__dclz77c.o)
    0x08000234   0x08000234   0x0000001c   Code   RO          499    !!handler_zi        c_w.l(__scatter_zi.o)
    0x08000250   0x08000250   0x00000000   Code   RO          240    .ARM.Collect$$_printf_percent$$00000000  c_w.l(_printf_percent.o)
    0x08000250   0x08000250   0x00000006   Code   RO          229    .ARM.Collect$$_printf_percent$$00000001  c_w.l(_printf_n.o)
    0x08000256   0x08000256   0x00000006   Code   RO          231    .ARM.Collect$$_printf_percent$$00000002  c_w.l(_printf_p.o)
    0x0800025c   0x0800025c   0x00000006   Code   RO          236    .ARM.Collect$$_printf_percent$$00000003  c_w.l(_printf_f.o)
    0x08000262   0x08000262   0x00000006   Code   RO          237    .ARM.Collect$$_printf_percent$$00000004  c_w.l(_printf_e.o)
    0x08000268   0x08000268   0x00000006   Code   RO          238    .ARM.Collect$$_printf_percent$$00000005  c_w.l(_printf_g.o)
    0x0800026e   0x0800026e   0x00000006   Code   RO          239    .ARM.Collect$$_printf_percent$$00000006  c_w.l(_printf_a.o)
    0x08000274   0x08000274   0x0000000a   Code   RO          244    .ARM.Collect$$_printf_percent$$00000007  c_w.l(_printf_ll.o)
    0x0800027e   0x0800027e   0x00000006   Code   RO          233    .ARM.Collect$$_printf_percent$$00000008  c_w.l(_printf_i.o)
    0x08000284   0x08000284   0x00000006   Code   RO          234    .ARM.Collect$$_printf_percent$$00000009  c_w.l(_printf_d.o)
    0x0800028a   0x0800028a   0x00000006   Code   RO          235    .ARM.Collect$$_printf_percent$$0000000A  c_w.l(_printf_u.o)
    0x08000290   0x08000290   0x00000006   Code   RO          232    .ARM.Collect$$_printf_percent$$0000000B  c_w.l(_printf_o.o)
    0x08000296   0x08000296   0x00000006   Code   RO          230    .ARM.Collect$$_printf_percent$$0000000C  c_w.l(_printf_x.o)
    0x0800029c   0x0800029c   0x00000006   Code   RO          241    .ARM.Collect$$_printf_percent$$0000000D  c_w.l(_printf_lli.o)
    0x080002a2   0x080002a2   0x00000006   Code   RO          242    .ARM.Collect$$_printf_percent$$0000000E  c_w.l(_printf_lld.o)
    0x080002a8   0x080002a8   0x00000006   Code   RO          243    .ARM.Collect$$_printf_percent$$0000000F  c_w.l(_printf_llu.o)
    0x080002ae   0x080002ae   0x00000006   Code   RO          248    .ARM.Collect$$_printf_percent$$00000010  c_w.l(_printf_llo.o)
    0x080002b4   0x080002b4   0x00000006   Code   RO          249    .ARM.Collect$$_printf_percent$$00000011  c_w.l(_printf_llx.o)
    0x080002ba   0x080002ba   0x0000000a   Code   RO          245    .ARM.Collect$$_printf_percent$$00000012  c_w.l(_printf_l.o)
    0x080002c4   0x080002c4   0x00000006   Code   RO          227    .ARM.Collect$$_printf_percent$$00000013  c_w.l(_printf_c.o)
    0x080002ca   0x080002ca   0x00000006   Code   RO          228    .ARM.Collect$$_printf_percent$$00000014  c_w.l(_printf_s.o)
    0x080002d0   0x080002d0   0x00000006   Code   RO          246    .ARM.Collect$$_printf_percent$$00000015  c_w.l(_printf_lc.o)
    0x080002d6   0x080002d6   0x00000006   Code   RO          247    .ARM.Collect$$_printf_percent$$00000016  c_w.l(_printf_ls.o)
    0x080002dc   0x080002dc   0x00000004   Code   RO          292    .ARM.Collect$$_printf_percent$$00000017  c_w.l(_printf_percent_end.o)
    0x080002e0   0x080002e0   0x00000002   Code   RO          343    .ARM.Collect$$libinit$$00000000  c_w.l(libinit.o)
    0x080002e2   0x080002e2   0x00000004   Code   RO          361    .ARM.Collect$$libinit$$00000001  c_w.l(libinit2.o)
    0x080002e6   0x080002e6   0x00000000   Code   RO          364    .ARM.Collect$$libinit$$00000004  c_w.l(libinit2.o)
    0x080002e6   0x080002e6   0x00000000   Code   RO          366    .ARM.Collect$$libinit$$00000006  c_w.l(libinit2.o)
    0x080002e6   0x080002e6   0x00000000   Code   RO          369    .ARM.Collect$$libinit$$0000000C  c_w.l(libinit2.o)
    0x080002e6   0x080002e6   0x00000000   Code   RO          371    .ARM.Collect$$libinit$$0000000E  c_w.l(libinit2.o)
    0x080002e6   0x080002e6   0x00000000   Code   RO          373    .ARM.Collect$$libinit$$00000010  c_w.l(libinit2.o)
    0x080002e6   0x080002e6   0x00000006   Code   RO          374    .ARM.Collect$$libinit$$00000011  c_w.l(libinit2.o)
    0x080002ec   0x080002ec   0x00000000   Code   RO          376    .ARM.Collect$$libinit$$00000013  c_w.l(libinit2.o)
    0x080002ec   0x080002ec   0x0000000c   Code   RO          377    .ARM.Collect$$libinit$$00000014  c_w.l(libinit2.o)
    0x080002f8   0x080002f8   0x00000000   Code   RO          378    .ARM.Collect$$libinit$$00000015  c_w.l(libinit2.o)
    0x080002f8   0x080002f8   0x00000000   Code   RO          380    .ARM.Collect$$libinit$$00000017  c_w.l(libinit2.o)
    0x080002f8   0x080002f8   0x0000000a   Code   RO          381    .ARM.Collect$$libinit$$00000018  c_w.l(libinit2.o)
    0x08000302   0x08000302   0x00000000   Code   RO          382    .ARM.Collect$$libinit$$00000019  c_w.l(libinit2.o)
    0x08000302   0x08000302   0x00000000   Code   RO          384    .ARM.Collect$$libinit$$0000001B  c_w.l(libinit2.o)
    0x08000302   0x08000302   0x00000000   Code   RO          386    .ARM.Collect$$libinit$$0000001D  c_w.l(libinit2.o)
    0x08000302   0x08000302   0x00000000   Code   RO          388    .ARM.Collect$$libinit$$0000001F  c_w.l(libinit2.o)
    0x08000302   0x08000302   0x00000000   Code   RO          390    .ARM.Collect$$libinit$$00000021  c_w.l(libinit2.o)
    0x08000302   0x08000302   0x00000000   Code   RO          392    .ARM.Collect$$libinit$$00000023  c_w.l(libinit2.o)
    0x08000302   0x08000302   0x00000000   Code   RO          394    .ARM.Collect$$libinit$$00000025  c_w.l(libinit2.o)
    0x08000302   0x08000302   0x00000000   Code   RO          396    .ARM.Collect$$libinit$$00000027  c_w.l(libinit2.o)
    0x08000302   0x08000302   0x00000000   Code   RO          400    .ARM.Collect$$libinit$$0000002E  c_w.l(libinit2.o)
    0x08000302   0x08000302   0x00000000   Code   RO          402    .ARM.Collect$$libinit$$00000030  c_w.l(libinit2.o)
    0x08000302   0x08000302   0x00000000   Code   RO          404    .ARM.Collect$$libinit$$00000032  c_w.l(libinit2.o)
    0x08000302   0x08000302   0x00000000   Code   RO          406    .ARM.Collect$$libinit$$00000034  c_w.l(libinit2.o)
    0x08000302   0x08000302   0x00000002   Code   RO          407    .ARM.Collect$$libinit$$00000035  c_w.l(libinit2.o)
    0x08000304   0x08000304   0x00000002   Code   RO          431    .ARM.Collect$$libshutdown$$00000000  c_w.l(libshutdown.o)
    0x08000306   0x08000306   0x00000000   Code   RO          446    .ARM.Collect$$libshutdown$$00000002  c_w.l(libshutdown2.o)
    0x08000306   0x08000306   0x00000000   Code   RO          448    .ARM.Collect$$libshutdown$$00000004  c_w.l(libshutdown2.o)
    0x08000306   0x08000306   0x00000000   Code   RO          451    .ARM.Collect$$libshutdown$$00000007  c_w.l(libshutdown2.o)
    0x08000306   0x08000306   0x00000000   Code   RO          454    .ARM.Collect$$libshutdown$$0000000A  c_w.l(libshutdown2.o)
    0x08000306   0x08000306   0x00000000   Code   RO          456    .ARM.Collect$$libshutdown$$0000000C  c_w.l(libshutdown2.o)
    0x08000306   0x08000306   0x00000000   Code   RO          459    .ARM.Collect$$libshutdown$$0000000F  c_w.l(libshutdown2.o)
    0x08000306   0x08000306   0x00000002   Code   RO          460    .ARM.Collect$$libshutdown$$00000010  c_w.l(libshutdown2.o)
    0x08000308   0x08000308   0x00000000   Code   RO          158    .ARM.Collect$$rtentry$$00000000  c_w.l(__rtentry.o)
    0x08000308   0x08000308   0x00000000   Code   RO          261    .ARM.Collect$$rtentry$$00000002  c_w.l(__rtentry2.o)
    0x08000308   0x08000308   0x00000006   Code   RO          273    .ARM.Collect$$rtentry$$00000004  c_w.l(__rtentry4.o)
    0x0800030e   0x0800030e   0x00000000   Code   RO          263    .ARM.Collect$$rtentry$$00000009  c_w.l(__rtentry2.o)
    0x0800030e   0x0800030e   0x00000004   Code   RO          264    .ARM.Collect$$rtentry$$0000000A  c_w.l(__rtentry2.o)
    0x08000312   0x08000312   0x00000000   Code   RO          266    .ARM.Collect$$rtentry$$0000000C  c_w.l(__rtentry2.o)
    0x08000312   0x08000312   0x00000008   Code   RO          267    .ARM.Collect$$rtentry$$0000000D  c_w.l(__rtentry2.o)
    0x0800031a   0x0800031a   0x00000002   Code   RO          352    .ARM.Collect$$rtexit$$00000000  c_w.l(rtexit.o)
    0x0800031c   0x0800031c   0x00000000   Code   RO          409    .ARM.Collect$$rtexit$$00000002  c_w.l(rtexit2.o)
    0x0800031c   0x0800031c   0x00000004   Code   RO          410    .ARM.Collect$$rtexit$$00000003  c_w.l(rtexit2.o)
    0x08000320   0x08000320   0x00000006   Code   RO          411    .ARM.Collect$$rtexit$$00000004  c_w.l(rtexit2.o)
    0x08000326   0x08000326   0x00000002   PAD
    0x08000328   0x08000328   0x00000040   Code   RO          122  * .text               startup_stm32f401xe.o
    0x08000368   0x08000368   0x0000002c   Code   RO          144    .text               c_w.l(sprintf.o)
    0x08000394   0x08000394   0x00000024   Code   RO          146    .text               c_w.l(strstr.o)
    0x080003b8   0x080003b8   0x0000003e   Code   RO          148    .text               c_w.l(strlen.o)
    0x080003f6   0x080003f6   0x00000018   Code   RO          150    .text               c_w.l(strcat.o)
    0x0800040e   0x0800040e   0x00000044   Code   RO          152    .text               c_w.l(rt_memclr.o)
    0x08000452   0x08000452   0x00000006   Code   RO          154    .text               c_w.l(heapauxi.o)
    0x08000458   0x08000458   0x0000004e   Code   RO          161    .text               c_w.l(_printf_pad.o)
    0x080004a6   0x080004a6   0x00000024   Code   RO          163    .text               c_w.l(_printf_truncate.o)
    0x080004ca   0x080004ca   0x00000052   Code   RO          165    .text               c_w.l(_printf_str.o)
    0x0800051c   0x0800051c   0x00000078   Code   RO          167    .text               c_w.l(_printf_dec.o)
    0x08000594   0x08000594   0x00000028   Code   RO          169    .text               c_w.l(_printf_charcount.o)
    0x080005bc   0x080005bc   0x00000030   Code   RO          171    .text               c_w.l(_printf_char_common.o)
    0x080005ec   0x080005ec   0x0000000a   Code   RO          173    .text               c_w.l(_sputc.o)
    0x080005f6   0x080005f6   0x00000002   PAD
    0x080005f8   0x080005f8   0x000000bc   Code   RO          175    .text               c_w.l(_printf_wctomb.o)
    0x080006b4   0x080006b4   0x0000007c   Code   RO          178    .text               c_w.l(_printf_longlong_dec.o)
    0x08000730   0x08000730   0x00000070   Code   RO          184    .text               c_w.l(_printf_oct_int_ll.o)
    0x080007a0   0x080007a0   0x00000094   Code   RO          204    .text               c_w.l(_printf_hex_int_ll_ptr.o)
    0x08000834   0x08000834   0x00000188   Code   RO          224    .text               c_w.l(__printf_flags_ss_wp.o)
    0x080009bc   0x080009bc   0x0000004e   Code   RO          250    .text               c_w.l(rt_memclr_w.o)
    0x08000a0a   0x08000a0a   0x0000008a   Code   RO          275    .text               c_w.l(lludiv10.o)
    0x08000a94   0x08000a94   0x000000b2   Code   RO          277    .text               c_w.l(_printf_intcommon.o)
    0x08000b46   0x08000b46   0x0000041c   Code   RO          279    .text               c_w.l(_printf_fp_dec.o)
    0x08000f62   0x08000f62   0x00000002   PAD
    0x08000f64   0x08000f64   0x000002fc   Code   RO          283    .text               c_w.l(_printf_fp_hex.o)
    0x08001260   0x08001260   0x0000002c   Code   RO          288    .text               c_w.l(_printf_char.o)
    0x0800128c   0x0800128c   0x0000002c   Code   RO          290    .text               c_w.l(_printf_wchar.o)
    0x080012b8   0x080012b8   0x00000048   Code   RO          293    .text               c_w.l(_c16rtomb.o)
    0x08001300   0x08001300   0x0000004a   Code   RO          295    .text               c_w.l(sys_stackheap_outer.o)
    0x0800134a   0x0800134a   0x00000002   PAD
    0x0800134c   0x0800134c   0x00000010   Code   RO          297    .text               c_w.l(rt_ctype_table.o)
    0x0800135c   0x0800135c   0x00000008   Code   RO          302    .text               c_w.l(rt_locale_intlibspace.o)
    0x08001364   0x08001364   0x00000080   Code   RO          304    .text               c_w.l(_printf_fp_infnan.o)
    0x080013e4   0x080013e4   0x000000e4   Code   RO          306    .text               c_w.l(bigflt0.o)
    0x080014c8   0x080014c8   0x00000012   Code   RO          336    .text               c_w.l(exit.o)
    0x080014da   0x080014da   0x00000002   PAD
    0x080014dc   0x080014dc   0x00000008   Code   RO          349    .text               c_w.l(libspace.o)
    0x080014e4   0x080014e4   0x00000004   PAD
    0x080014e8   0x080014e8   0x0000007c   Code   RO          359    .text               c_w.l(strcmpv7em.o)
    0x08001564   0x08001564   0x0000000c   Code   RO          421    .text               c_w.l(sys_exit.o)
    0x08001570   0x08001570   0x00000002   Code   RO          436    .text               c_w.l(use_no_semi.o)
    0x08001572   0x08001572   0x00000000   Code   RO          438    .text               c_w.l(indicate_semi.o)
    0x08001572   0x08001572   0x00000002   PAD
    0x08001574   0x08001574   0x00000040   Code   RO           91    .text.Clear_Buffer  esp-01.o
    0x080015b4   0x080015b4   0x00000058   Code   RO           56    .text.Delay_us      tim.o
    0x0800160c   0x0800160c   0x000000fe   Code   RO           93    .text.ESP_Init      esp-01.o
    0x0800170a   0x0800170a   0x00000002   PAD
    0x0800170c   0x0800170c   0x000000cc   Code   RO           95    .text.ESP_Send      esp-01.o
    0x080017d8   0x080017d8   0x0000002c   Code   RO           58    .text.MegaDelay_us  tim.o
    0x08001804   0x08001804   0x0000002e   Code   RO           71    .text.SendChar1     uart.o
    0x08001832   0x08001832   0x00000002   PAD
    0x08001834   0x08001834   0x0000002e   Code   RO           75    .text.SendChar2     uart.o
    0x08001862   0x08001862   0x00000002   PAD
    0x08001864   0x08001864   0x00000022   Code   RO           73    .text.SendString1   uart.o
    0x08001886   0x08001886   0x00000002   PAD
    0x08001888   0x08001888   0x00000022   Code   RO           77    .text.SendString2   uart.o
    0x080018aa   0x080018aa   0x00000002   PAD
    0x080018ac   0x080018ac   0x0000012a   Code   RO           97    .text.Server_Handle  esp-01.o
    0x080019d6   0x080019d6   0x00000002   PAD
    0x080019d8   0x080019d8   0x00000154   Code   RO           99    .text.Server_Start  esp-01.o
    0x08001b2c   0x08001b2c   0x00000012   Code   RO          129    .text.SystemInit    system_stm32f4xx.o
    0x08001b3e   0x08001b3e   0x00000002   PAD
    0x08001b40   0x08001b40   0x00000030   Code   RO           54    .text.TIM_Init      tim.o
    0x08001b70   0x08001b70   0x00000154   Code   RO           67    .text.UART_Init     uart.o
    0x08001cc4   0x08001cc4   0x0000005e   Code   RO           38    .text.USART1_IRQHandler  main.o
    0x08001d22   0x08001d22   0x00000002   PAD
    0x08001d24   0x08001d24   0x00000046   Code   RO           36    .text.USART2_IRQHandler  main.o
    0x08001d6a   0x08001d6a   0x00000002   PAD
    0x08001d6c   0x08001d6c   0x00000030   Code   RO           69    .text.__NVIC_EnableIRQ  uart.o
    0x08001d9c   0x08001d9c   0x0000005e   Code   RO           34    .text.main          main.o
    0x08001dfa   0x08001dfa   0x0000003e   Code   RO          309    CL$$btod_d2e        c_w.l(btod.o)
    0x08001e38   0x08001e38   0x00000046   Code   RO          311    CL$$btod_d2e_denorm_low  c_w.l(btod.o)
    0x08001e7e   0x08001e7e   0x00000060   Code   RO          310    CL$$btod_d2e_norm_op1  c_w.l(btod.o)
    0x08001ede   0x08001ede   0x00000002   PAD
    0x08001ee0   0x08001ee0   0x00000338   Code   RO          319    CL$$btod_div_common  c_w.l(btod.o)
    0x08002218   0x08002218   0x000000dc   Code   RO          316    CL$$btod_e2e        c_w.l(btod.o)
    0x080022f4   0x080022f4   0x0000002a   Code   RO          313    CL$$btod_ediv       c_w.l(btod.o)
    0x0800231e   0x0800231e   0x0000002a   Code   RO          312    CL$$btod_emul       c_w.l(btod.o)
    0x08002348   0x08002348   0x00000244   Code   RO          318    CL$$btod_mult_common  c_w.l(btod.o)
    0x0800258c   0x0800258c   0x00000030   Code   RO          347    i.__ARM_fpclassify  m_wm.l(fpclassify.o)
    0x080025bc   0x080025bc   0x0000000e   Code   RO          217    i._is_digit         c_w.l(__printf_wp.o)
    0x080025ca   0x080025ca   0x00000002   PAD
    0x080025cc   0x080025cc   0x0000002c   Code   RO          334    locale$$code        c_w.l(lc_numeric_c.o)
    0x080025f8   0x080025f8   0x0000002c   Code   RO          357    locale$$code        c_w.l(lc_ctype_c.o)
    0x08002624   0x08002624   0x0000001a   Code   RO          419    x$fpl$fpinit        fz_wm.l(fpinit.o)
    0x0800263e   0x0800263e   0x00000004   Code   RO          252    x$fpl$printf1       fz_wm.l(printf1.o)
    0x08002642   0x08002642   0x00000004   Code   RO          254    x$fpl$printf2       fz_wm.l(printf2.o)
    0x08002646   0x08002646   0x00000000   Code   RO          346    x$fpl$usenofp       fz_wm.l(usenofp.o)
    0x08002646   0x08002646   0x00000002   PAD
    0x08002648   0x08002648   0x00000008   Data   RO          176    .constdata          c_w.l(_printf_wctomb.o)
    0x08002650   0x08002650   0x00000028   Data   RO          205    .constdata          c_w.l(_printf_hex_int_ll_ptr.o)
    0x08002678   0x08002678   0x00000011   Data   RO          225    .constdata          c_w.l(__printf_flags_ss_wp.o)
    0x08002689   0x08002689   0x00000026   Data   RO          284    .constdata          c_w.l(_printf_fp_hex.o)
    0x080026af   0x080026af   0x00000001   PAD
    0x080026b0   0x080026b0   0x00000094   Data   RO          307    .constdata          c_w.l(bigflt0.o)
    0x08002744   0x08002744   0x000000ff   Data   RO          108    .rodata.str1.1      esp-01.o
    0x08002843   0x08002843   0x00000001   PAD
    0x08002844   0x08002844   0x00000020   Data   RO          494    Region$$Table       anon$$obj.o
    0x08002864   0x08002864   0x0000001c   Data   RO          333    locale$$data        c_w.l(lc_numeric_c.o)
    0x08002880   0x08002880   0x00000110   Data   RO          356    locale$$data        c_w.l(lc_ctype_c.o)


    Execution Region ER_RW (Exec base: 0x20000000, Load base: 0x08002990, Size: 0x00000400, Max: 0xffffffff, ABSOLUTE, COMPRESSED[0x0000029c])

    Exec Addr    Load Addr    Size         Type   Attr      Idx    E Section Name        Object

    0x20000000   COMPRESSED   0x00000048   Data   RW          103    .data.LED_OFF       esp-01.o
    0x20000048   COMPRESSED   0x00000049   Data   RW          102    .data.LED_ON        esp-01.o
    0x20000091   COMPRESSED   0x0000000f   Data   RW          104    .data.Terminate     esp-01.o
    0x200000a0   COMPRESSED   0x0000035f   Data   RW          101    .data.basic_page    esp-01.o


    Execution Region ER_ZI (Exec base: 0x20000400, Load base: 0x08002c2c, Size: 0x00000738, Max: 0xffffffff, ABSOLUTE)

    Exec Addr    Load Addr    Size         Type   Attr      Idx    E Section Name        Object

    0x20000400        -       0x00000060   Zero   RW          350    .bss                c_w.l(libspace.o)
    0x20000460        -       0x00000004   Zero   RW          109    .bss.D              esp-01.o
    0x20000464        -       0x00000001   Zero   RW          110    .bss.LinkID         esp-01.o
    0x20000465        -       0x000000c8   Zero   RW          107    .bss.buffer         esp-01.o
    0x2000052d        -       0x00000001   Zero   RW          105    .bss.buffer_counter  esp-01.o
    0x2000052e        -       0x00000001   Zero   RW           42    .bss.init_flag      main.o
    0x2000052f   0x08002c2c   0x00000001   PAD
    0x20000530        -       0x00000004   Zero   RW          111    .bss.pa             esp-01.o
    0x20000534        -       0x00000001   Zero   RW           40    .bss.str            main.o
    0x20000535   0x08002c2c   0x00000003   PAD
    0x20000538        -       0x00000200   Zero   RW          120    HEAP                startup_stm32f401xe.o
    0x20000738        -       0x00000400   Zero   RW          119    STACK               startup_stm32f401xe.o


==============================================================================

Image component sizes


      Code (inc. data)   RO Data    RW Data    ZI Data      Debug   Object Name

      1160          0        255       1023        210       1950   esp-01.o
       258          0          0          0          2       1467   main.o
        64         26        404          0       1536        896   startup_stm32f401xe.o
        18          0          0          0          0       2708   system_stm32f4xx.o
       180          0          0          0          0       2260   tim.o
       548          0          0          0          0       4826   uart.o

    ----------------------------------------------------------------------
      2246         26        692       1024       1752      14107   Object Totals
         0          0         32          0          0          0   (incl. Generated)
        18          0          1          1          4          0   (incl. Padding)

    ----------------------------------------------------------------------

      Code (inc. data)   RO Data    RW Data    ZI Data      Debug   Library Member Name

       100          0          0          0          0          0   __dclz77c.o
         8          0          0          0          0         68   __main.o
       392          4         17          0          0         92   __printf_flags_ss_wp.o
        14          0          0          0          0         68   __printf_wp.o
         0          0          0          0          0          0   __rtentry.o
        12          0          0          0          0          0   __rtentry2.o
         6          0          0          0          0          0   __rtentry4.o
        52          8          0          0          0          0   __scatter.o
        28          0          0          0          0          0   __scatter_zi.o
        72          0          0          0          0         96   _c16rtomb.o
         6          0          0          0          0          0   _printf_a.o
         6          0          0          0          0          0   _printf_c.o
        44          0          0          0          0        108   _printf_char.o
        48          6          0          0          0         96   _printf_char_common.o
        40          0          0          0          0         68   _printf_charcount.o
         6          0          0          0          0          0   _printf_d.o
       120         16          0          0          0         92   _printf_dec.o
         6          0          0          0          0          0   _printf_e.o
         6          0          0          0          0          0   _printf_f.o
      1052          0          0          0          0        148   _printf_fp_dec.o
       764          8         38          0          0        100   _printf_fp_hex.o
       128         16          0          0          0         84   _printf_fp_infnan.o
         6          0          0          0          0          0   _printf_g.o
       148          4         40          0          0        160   _printf_hex_int_ll_ptr.o
         6          0          0          0          0          0   _printf_i.o
       178          0          0          0          0         88   _printf_intcommon.o
        10          0          0          0          0          0   _printf_l.o
         6          0          0          0          0          0   _printf_lc.o
        10          0          0          0          0          0   _printf_ll.o
         6          0          0          0          0          0   _printf_lld.o
         6          0          0          0          0          0   _printf_lli.o
         6          0          0          0          0          0   _printf_llo.o
         6          0          0          0          0          0   _printf_llu.o
         6          0          0          0          0          0   _printf_llx.o
       124         16          0          0          0         92   _printf_longlong_dec.o
         6          0          0          0          0          0   _printf_ls.o
         6          0          0          0          0          0   _printf_n.o
         6          0          0          0          0          0   _printf_o.o
       112          8          0          0          0        124   _printf_oct_int_ll.o
         6          0          0          0          0          0   _printf_p.o
        78          0          0          0          0        108   _printf_pad.o
         0          0          0          0          0          0   _printf_percent.o
         4          0          0          0          0          0   _printf_percent_end.o
         6          0          0          0          0          0   _printf_s.o
        82          0          0          0          0         80   _printf_str.o
        36          0          0          0          0         84   _printf_truncate.o
         6          0          0          0          0          0   _printf_u.o
        44          0          0          0          0        108   _printf_wchar.o
       188          6          8          0          0         92   _printf_wctomb.o
         6          0          0          0          0          0   _printf_x.o
        10          0          0          0          0         68   _sputc.o
       228          4        148          0          0         96   bigflt0.o
      1936        128          0          0          0        668   btod.o
        18          0          0          0          0         80   exit.o
         6          0          0          0          0        152   heapauxi.o
         0          0          0          0          0          0   indicate_semi.o
        44         10        272          0          0         76   lc_ctype_c.o
        44         10         28          0          0         76   lc_numeric_c.o
         2          0          0          0          0          0   libinit.o
        34          0          0          0          0          0   libinit2.o
         2          0          0          0          0          0   libshutdown.o
         2          0          0          0          0          0   libshutdown2.o
         8          4          0          0         96         68   libspace.o
       138          0          0          0          0         80   lludiv10.o
        16          4          0          0          0         76   rt_ctype_table.o
         8          4          0          0          0         68   rt_locale_intlibspace.o
        68          0          0          0          0         68   rt_memclr.o
        78          0          0          0          0         80   rt_memclr_w.o
         2          0          0          0          0          0   rtexit.o
        10          0          0          0          0          0   rtexit2.o
        44          6          0          0          0         84   sprintf.o
        24          0          0          0          0         68   strcat.o
       124          0          0          0          0         88   strcmpv7em.o
        62          0          0          0          0         76   strlen.o
        36          0          0          0          0         80   strstr.o
        12          4          0          0          0         68   sys_exit.o
        74          0          0          0          0         80   sys_stackheap_outer.o
         2          0          0          0          0         68   use_no_semi.o
        26          0          0          0          0        116   fpinit.o
         4          0          0          0          0        116   printf1.o
         4          0          0          0          0        116   printf2.o
         0          0          0          0          0          0   usenofp.o
        48          0          0          0          0        124   fpclassify.o

    ----------------------------------------------------------------------
      7150        270        552          0         96       4696   Library Totals
        22          4          1          0          0          0   (incl. Padding)

    ----------------------------------------------------------------------

      Code (inc. data)   RO Data    RW Data    ZI Data      Debug   Library Name

      7046        266        551          0         96       4224   c_w.l
        34          0          0          0          0        348   fz_wm.l
        48          0          0          0          0        124   m_wm.l

    ----------------------------------------------------------------------
      7150        270        552          0         96       4696   Library Totals

    ----------------------------------------------------------------------

==============================================================================


      Code (inc. data)   RO Data    RW Data    ZI Data      Debug   

      9396        296       1244       1024       1848      16235   Grand Totals
      9396        296       1244        668       1848      16235   ELF Image Totals (compressed)
      9396        296       1244        668          0          0   ROM Totals

==============================================================================

    Total RO  Size (Code + RO Data)                10640 (  10.39kB)
    Total RW  Size (RW Data + ZI Data)              2872 (   2.80kB)
    Total ROM Size (Code + RO Data + RW Data)      11308 (  11.04kB)

==============================================================================

